<html>
<body>
<pre>
<h1>µVision Build Log</h1>
<h2>Tool Versions:</h2>
IDE-Version: ¦ÌVision V5.34.0.0
Copyright (C) 2021 ARM Ltd and ARM Germany GmbH. All rights reserved.
License Information: 1 3408584731@qq.com, 1, LIC=D0D7S-LBDJU-KPQZY-IQXM5-A4NU0-04SNY
 
Tool Versions:
Toolchain:       MDK-ARM Plus  Version: 5.34.0.0
Toolchain Path:  C:\Keil_v5\ARM\ARMCLANG\Bin
C Compiler:      ArmClang.exe V6.16
Assembler:       Armasm.exe V6.16
Linker/Locator:  ArmLink.exe V6.16
Library Manager: ArmAr.exe V6.16
Hex Converter:   FromElf.exe V6.16
CPU DLL:         SARMCM3.DLL V5.34.0.0
Dialog DLL:      DCM.DLL V1.17.3.0
Target DLL:      CMSIS_AGDI.dll V1.32.13.0
Dialog DLL:      TCM.DLL V1.48.0.0
 
<h2>Project:</h2>
C:\Robomaster\Code\Infantry_Flex\Flex_Gimbal-3\MDK-ARM\C_Board_Standard_Robot.uvprojx
Project File Date:  05/01/2026

<h2>Output:</h2>
*** Using Compiler 'V6.16', folder: 'C:\Keil_v5\ARM\ARMCLANG\Bin'
*** Warning: You are compiling one or more files of source type C++ and have selected 'use MicroLIB'. MicroLIB does not support C++!
  
Build target 'C_Board_Standard_Robot'
compiling MainCtrl_Task.c...
compiling main.c...
compiling remote.c...
compiling Init_Task.c...
compiling Gimbal_Task.c...
compiling Shoot_Task.c...
compiling PID.c...
compiling Function.c...
compiling Time.c...
compiling Variate.c...
compiling VT03.c...
compiling stm32f4xx_it.c...
compiling Shoot.c...
compiling QuaternionEKF.c...
compiling Gimbal.c...
compiling Chassis_Task.c...
compiling Chassis.c...
compiling Callback_Function.c...
compiling Task_Music.c...
compiling USB_Task.c...
compiling plotter_task.cpp...
linking...
Program Size: Code=65908 RO-data=3560 RW-data=1552 ZI-data=73344  
FromELF: creating hex file...
"C_Board_Standard_Robot\C_Board_Standard_Robot.axf" - 0 Error(s), 0 Warning(s).

<h2>Software Packages used:</h2>

Package Vendor: ARM
                http://www.keil.com/pack/ARM.CMSIS.5.7.0.pack
                ARM.CMSIS.5.7.0
                CMSIS (Cortex Microcontroller Software Interface Standard)
   * Component: CORE Version: 5.4.0

Package Vendor: Keil
                https://www.keil.com/pack/Keil.STM32F4xx_DFP.3.1.1.pack
                Keil.STM32F4xx_DFP.3.1.1
                STMicroelectronics STM32F4 Series Device Support

<h2>Collection of Component include folders:</h2>
  .\RTE\_C_Board_Standard_Robot
  C:\Users\34085\AppData\Local\Arm\Packs\ARM\CMSIS\5.7.0\CMSIS\Core\Include

<h2>Collection of Component Files used:</h2>

   * Component: ARM::CMSIS:CORE:5.4.0
      Include file:  CMSIS\Core\Include\tz_context.h
Build Time Elapsed:  00:00:02
</pre>
</body>
</html>
