Component: ARM Compiler 6.16 Tool: armlink [5dfeaa00]

==============================================================================

Section Cross References

    startup_stm32f407xx.o(RESET) refers to startup_stm32f407xx.o(STACK) for __initial_sp
    startup_stm32f407xx.o(RESET) refers to startup_stm32f407xx.o(.text) for Reset_Handler
    startup_stm32f407xx.o(RESET) refers to stm32f4xx_it.o(.text.NMI_Handler) for NMI_Handler
    startup_stm32f407xx.o(RESET) refers to stm32f4xx_it.o(.text.HardFault_Handler) for HardFault_Handler
    startup_stm32f407xx.o(RESET) refers to stm32f4xx_it.o(.text.MemManage_Handler) for MemManage_Handler
    startup_stm32f407xx.o(RESET) refers to stm32f4xx_it.o(.text.BusFault_Handler) for BusFault_Handler
    startup_stm32f407xx.o(RESET) refers to stm32f4xx_it.o(.text.UsageFault_Handler) for UsageFault_Handler
    startup_stm32f407xx.o(RESET) refers to port.o(.text.SVC_Handler) for SVC_Handler
    startup_stm32f407xx.o(RESET) refers to stm32f4xx_it.o(.text.DebugMon_Handler) for DebugMon_Handler
    startup_stm32f407xx.o(RESET) refers to port.o(.text.PendSV_Handler) for PendSV_Handler
    startup_stm32f407xx.o(RESET) refers to cmsis_os2.o(.text.SysTick_Handler) for SysTick_Handler
    startup_stm32f407xx.o(RESET) refers to stm32f4xx_it.o(.text.EXTI3_IRQHandler) for EXTI3_IRQHandler
    startup_stm32f407xx.o(RESET) refers to stm32f4xx_it.o(.text.EXTI4_IRQHandler) for EXTI4_IRQHandler
    startup_stm32f407xx.o(RESET) refers to stm32f4xx_it.o(.text.DMA1_Stream1_IRQHandler) for DMA1_Stream1_IRQHandler
    startup_stm32f407xx.o(RESET) refers to stm32f4xx_it.o(.text.CAN1_RX0_IRQHandler) for CAN1_RX0_IRQHandler
    startup_stm32f407xx.o(RESET) refers to stm32f4xx_it.o(.text.EXTI9_5_IRQHandler) for EXTI9_5_IRQHandler
    startup_stm32f407xx.o(RESET) refers to stm32f4xx_it.o(.text.TIM2_IRQHandler) for TIM2_IRQHandler
    startup_stm32f407xx.o(RESET) refers to stm32f4xx_it.o(.text.TIM3_IRQHandler) for TIM3_IRQHandler
    startup_stm32f407xx.o(RESET) refers to stm32f4xx_it.o(.text.USART1_IRQHandler) for USART1_IRQHandler
    startup_stm32f407xx.o(RESET) refers to stm32f4xx_it.o(.text.USART3_IRQHandler) for USART3_IRQHandler
    startup_stm32f407xx.o(RESET) refers to stm32f4xx_it.o(.text.DMA2_Stream1_IRQHandler) for DMA2_Stream1_IRQHandler
    startup_stm32f407xx.o(RESET) refers to stm32f4xx_it.o(.text.CAN2_RX1_IRQHandler) for CAN2_RX1_IRQHandler
    startup_stm32f407xx.o(RESET) refers to stm32f4xx_it.o(.text.OTG_FS_IRQHandler) for OTG_FS_IRQHandler
    startup_stm32f407xx.o(RESET) refers to stm32f4xx_it.o(.text.DMA2_Stream5_IRQHandler) for DMA2_Stream5_IRQHandler
    startup_stm32f407xx.o(RESET) refers to stm32f4xx_it.o(.text.DMA2_Stream7_IRQHandler) for DMA2_Stream7_IRQHandler
    startup_stm32f407xx.o(RESET) refers to stm32f4xx_it.o(.text.USART6_IRQHandler) for USART6_IRQHandler
    startup_stm32f407xx.o(RESET) refers to stm32f4xx_it.o(.text.HASH_RNG_IRQHandler) for HASH_RNG_IRQHandler
    startup_stm32f407xx.o(.text) refers to system_stm32f4xx.o(.text.SystemInit) for SystemInit
    startup_stm32f407xx.o(.text) refers to entry.o(.ARM.Collect$$$$00000000) for __main
    main.o(.text.main) refers to stm32f4xx_hal.o(.text.HAL_Init) for HAL_Init
    main.o(.text.main) refers to main.o(.text.SystemClock_Config) for SystemClock_Config
    main.o(.text.main) refers to gpio.o(.text.MX_GPIO_Init) for MX_GPIO_Init
    main.o(.text.main) refers to dma.o(.text.MX_DMA_Init) for MX_DMA_Init
    main.o(.text.main) refers to spi.o(.text.MX_SPI1_Init) for MX_SPI1_Init
    main.o(.text.main) refers to tim.o(.text.MX_TIM10_Init) for MX_TIM10_Init
    main.o(.text.main) refers to can.o(.text.MX_CAN1_Init) for MX_CAN1_Init
    main.o(.text.main) refers to can.o(.text.MX_CAN2_Init) for MX_CAN2_Init
    main.o(.text.main) refers to tim.o(.text.MX_TIM3_Init) for MX_TIM3_Init
    main.o(.text.main) refers to usart.o(.text.MX_USART3_UART_Init) for MX_USART3_UART_Init
    main.o(.text.main) refers to usart.o(.text.MX_USART1_UART_Init) for MX_USART1_UART_Init
    main.o(.text.main) refers to tim.o(.text.MX_TIM4_Init) for MX_TIM4_Init
    main.o(.text.main) refers to rng.o(.text.MX_RNG_Init) for MX_RNG_Init
    main.o(.text.main) refers to usart.o(.text.MX_USART6_UART_Init) for MX_USART6_UART_Init
    main.o(.text.main) refers to bsp_dwt.o(.text.DWT_Init) for DWT_Init
    main.o(.text.main) refers to spi.o(.bss.hspi1) for hspi1
    main.o(.text.main) refers to bmi088driver.o(.text.BMI088Init) for BMI088Init
    main.o(.text.main) refers to cmsis_os2.o(.text.osKernelInitialize) for osKernelInitialize
    main.o(.text.main) refers to freertos.o(.text.MX_FREERTOS_Init) for MX_FREERTOS_Init
    main.o(.text.main) refers to cmsis_os2.o(.text.osKernelStart) for osKernelStart
    main.o(.ARM.exidx.text.main) refers to main.o(.text.main) for [Anonymous Symbol]
    main.o(.text.SystemClock_Config) refers to memseta.o(.text) for __aeabi_memclr4
[...]
    0x0800544a   0x0800544a   0x00000002   PAD
    0x0800544c   0x0800544c   0x00000054   Code   RO         1468    .text.HAL_RNG_IRQHandler  stm32f4xx_hal_rng.o
    0x080054a0   0x080054a0   0x00000032   Code   RO         1452    .text.HAL_RNG_Init  stm32f4xx_hal_rng.o
    0x080054d2   0x080054d2   0x00000002   PAD
    0x080054d4   0x080054d4   0x00000048   Code   RO           82    .text.HAL_RNG_MspInit  rng.o
    0x0800551c   0x0800551c   0x00000002   Code   RO         1472    .text.HAL_RNG_ReadyDataCallback  stm32f4xx_hal_rng.o
    0x0800551e   0x0800551e   0x00000002   PAD
    0x08005520   0x08005520   0x000000b4   Code   RO         1488    .text.HAL_SPI_Init  stm32f4xx_hal_spi.o
    0x080055d4   0x080055d4   0x00000136   Code   RO           97    .text.HAL_SPI_MspInit  spi.o
    0x0800570a   0x0800570a   0x00000002   PAD
    0x0800570c   0x0800570c   0x000001f8   Code   RO         1502    .text.HAL_SPI_TransmitReceive  stm32f4xx_hal_spi.o
    0x08005904   0x08005904   0x00000002   Code   RO          703    .text.HAL_TIMEx_BreakCallback  stm32f4xx_hal_tim_ex.o
    0x08005906   0x08005906   0x00000002   PAD
    0x08005908   0x08005908   0x00000002   Code   RO          699    .text.HAL_TIMEx_CommutCallback  stm32f4xx_hal_tim_ex.o
    0x0800590a   0x0800590a   0x00000002   PAD
    0x0800590c   0x0800590c   0x000000b8   Code   RO          693    .text.HAL_TIMEx_MasterConfigSynchronization  stm32f4xx_hal_tim_ex.o
    0x080059c4   0x080059c4   0x0000005a   Code   RO          379    .text.HAL_TIM_Base_Init  stm32f4xx_hal_tim.o
    0x08005a1e   0x08005a1e   0x00000002   PAD
    0x08005a20   0x08005a20   0x00000072   Code   RO          120    .text.HAL_TIM_Base_MspInit  tim.o
    0x08005a92   0x08005a92   0x00000002   PAD
    0x08005a94   0x08005a94   0x000000a8   Code   RO          393    .text.HAL_TIM_Base_Start_IT  stm32f4xx_hal_tim.o
    0x08005b3c   0x08005b3c   0x000000de   Code   RO          571    .text.HAL_TIM_ConfigClockSource  stm32f4xx_hal_tim.o
    0x08005c1a   0x08005c1a   0x00000002   PAD
    0x08005c1c   0x08005c1c   0x00000002   Code   RO          515    .text.HAL_TIM_IC_CaptureCallback  stm32f4xx_hal_tim.o
    0x08005c1e   0x08005c1e   0x00000002   PAD
    0x08005c20   0x08005c20   0x00000134   Code   RO          513    .text.HAL_TIM_IRQHandler  stm32f4xx_hal_tim.o
    0x08005d54   0x08005d54   0x000000a2   Code   RO          116    .text.HAL_TIM_MspPostInit  tim.o
    0x08005df6   0x08005df6   0x00000002   PAD
    0x08005df8   0x08005df8   0x00000002   Code   RO          517    .text.HAL_TIM_OC_DelayElapsedCallback  stm32f4xx_hal_tim.o
    0x08005dfa   0x08005dfa   0x00000002   PAD
    0x08005dfc   0x08005dfc   0x00000098   Code   RO          545    .text.HAL_TIM_PWM_ConfigChannel  stm32f4xx_hal_tim.o
    0x08005e94   0x08005e94   0x0000005a   Code   RO          433    .text.HAL_TIM_PWM_Init  stm32f4xx_hal_tim.o
    0x08005eee   0x08005eee   0x00000002   PAD
    0x08005ef0   0x08005ef0   0x00000036   Code   RO          122    .text.HAL_TIM_PWM_MspInit  tim.o
    0x08005f26   0x08005f26   0x00000002   PAD
    0x08005f28   0x08005f28   0x00000002   Code   RO          519    .text.HAL_TIM_PWM_PulseFinishedCallback  stm32f4xx_hal_tim.o
    0x08005f2a   0x08005f2a   0x00000002   PAD
    0x08005f2c   0x08005f2c   0x00000122   Code   RO          441    .text.HAL_TIM_PWM_Start  stm32f4xx_hal_tim.o
    0x0800604e   0x0800604e   0x00000002   PAD
    0x08006050   0x08006050   0x00000056   Code   RO         2522    .text.HAL_TIM_PeriodElapsedCallback  time.o
    0x080060a6   0x080060a6   0x00000002   PAD
    0x080060a8   0x080060a8   0x00000002   Code   RO          523    .text.HAL_TIM_TriggerCallback  stm32f4xx_hal_tim.o
    0x080060aa   0x080060aa   0x00000002   PAD
    0x080060ac   0x080060ac   0x0000005c   Code   RO         1660    .text.HAL_UARTEx_ReceiveToIdle_DMA  stm32f4xx_hal_uart.o
    0x08006108   0x08006108   0x0000005c   Code   RO         1658    .text.HAL_UARTEx_ReceiveToIdle_IT  stm32f4xx_hal_uart.o
    0x08006164   0x08006164   0x0000002e   Code   RO         3070    .text.HAL_UARTEx_RxEventCallback  vt03.o
    0x08006192   0x08006192   0x00000002   PAD
    0x08006194   0x08006194   0x00000018   Code   RO         3074    .text.HAL_UART_ErrorCallback  vt03.o
    0x080061ac   0x080061ac   0x00000242   Code   RO         1690    .text.HAL_UART_IRQHandler  stm32f4xx_hal_uart.o
    0x080063ee   0x080063ee   0x00000002   PAD
    0x080063f0   0x080063f0   0x00000060   Code   RO         1606    .text.HAL_UART_Init  stm32f4xx_hal_uart.o
    0x08006450   0x08006450   0x000002a8   Code   RO          145    .text.HAL_UART_MspInit  usart.o
    0x080066f8   0x080066f8   0x00000002   Code   RO         1708    .text.HAL_UART_RxCpltCallback  stm32f4xx_hal_uart.o
    0x080066fa   0x080066fa   0x00000002   PAD
    0x080066fc   0x080066fc   0x00000002   Code   RO         1710    .text.HAL_UART_RxHalfCpltCallback  stm32f4xx_hal_uart.o
    0x080066fe   0x080066fe   0x00000002   PAD
    0x08006700   0x08006700   0x000000b4   Code   RO         1622    .text.HAL_UART_Transmit  stm32f4xx_hal_uart.o
    0x080067b4   0x080067b4   0x0000007c   Code   RO         1634    .text.HAL_UART_Transmit_DMA  stm32f4xx_hal_uart.o
    0x08006830   0x08006830   0x00000002   Code   RO         1704    .text.HAL_UART_TxCpltCallback  stm32f4xx_hal_uart.o
    0x08006832   0x08006832   0x00000002   PAD
    0x08006834   0x08006834   0x00000002   Code   RO         1706    .text.HAL_UART_TxHalfCpltCallback  stm32f4xx_hal_uart.o
    0x08006836   0x08006836   0x00000002   PAD
    0x08006838   0x08006838   0x00000010   Code   RO          345    .text.HASH_RNG_IRQHandler  stm32f4xx_it.o
    0x08006848   0x08006848   0x00000112   Code   RO         2536    .text.H_K_R_Adjustment  kalman_filter.o
    0x0800695a   0x0800695a   0x00000002   PAD
    0x0800695c   0x0800695c   0x00000002   Code   RO          305    .text.HardFault_Handler  stm32f4xx_it.o
    0x0800695e   0x0800695e   0x00000002   PAD
    0x08006960   0x08006960   0x00000084   Code   RO         3002    .text.IMU_IfDataError  function.o
    0x080069e4   0x080069e4   0x0000013c   Code   RO         2622    .text.IMU_QuaternionEKF_F_Linearization_P_Fading  quaternionekf.o
    0x08006b20   0x08006b20   0x000000d6   Code   RO         2618    .text.IMU_QuaternionEKF_Init  quaternionekf.o
    0x08006bf6   0x08006bf6   0x00000002   PAD
    0x08006bf8   0x08006bf8   0x0000003c   Code   RO         2620    .text.IMU_QuaternionEKF_Observe  quaternionekf.o
    0x08006c34   0x08006c34   0x0000008c   Code   RO         2624    .text.IMU_QuaternionEKF_SetH  quaternionekf.o
    0x08006cc0   0x08006cc0   0x000003b8   Code   RO         2628    .text.IMU_QuaternionEKF_Update  quaternionekf.o
    0x08007078   0x08007078   0x00000398   Code   RO         2626    .text.IMU_QuaternionEKF_xhatUpdate  quaternionekf.o
    0x08007410   0x08007410   0x000000c0   Code   RO         3153    .text.IMU_Rx        ins_task.o
    0x080074d0   0x080074d0   0x00000068   Code   RO         3151    .text.IMU_Temperature_Ctrl  ins_task.o
    0x08007538   0x08007538   0x000000b0   Code   RO         3147    .text.INS_Init      ins_task.o
    0x080075e8   0x080075e8   0x000000b4   Code   RO         3149    .text.INS_Task      ins_task.o
    0x0800769c   0x0800769c   0x00000268   Code   RO         3123    .text.Init_Task     init_task.o
    0x08007904   0x08007904   0x00000036   Code   RO          261    .text.IntToUnicode  usbd_desc.o
    0x0800793a   0x0800793a   0x00000002   PAD
    0x0800793c   0x0800793c   0x000003b4   Code   RO         2532    .text.Kalman_Filter_Init  kalman_filter.o
    0x08007cf0   0x08007cf0   0x00000046   Code   RO         2534    .text.Kalman_Filter_Measure  kalman_filter.o
    0x08007d36   0x08007d36   0x00000002   PAD
    0x08007d38   0x08007d38   0x0000005c   Code   RO         2546    .text.Kalman_Filter_P_Update  kalman_filter.o
    0x08007d94   0x08007d94   0x0000006a   Code   RO         2540    .text.Kalman_Filter_PminusUpdate  kalman_filter.o
    0x08007dfe   0x08007dfe   0x00000002   PAD
    0x08007e00   0x08007e00   0x000000c0   Code   RO         2542    .text.Kalman_Filter_SetK  kalman_filter.o
    0x08007ec0   0x08007ec0   0x000000fe   Code   RO         2548    .text.Kalman_Filter_Update  kalman_filter.o
    0x08007fbe   0x08007fbe   0x00000002   PAD
    0x08007fc0   0x08007fc0   0x0000006e   Code   RO         2538    .text.Kalman_Filter_xhatMinusUpdate  kalman_filter.o
    0x0800802e   0x0800802e   0x00000002   PAD
    0x08008030   0x08008030   0x00000084   Code   RO         2544    .text.Kalman_Filter_xhatUpdate  kalman_filter.o
    0x080080b4   0x080080b4   0x0000003c   Code   RO           52    .text.MX_CAN1_Init  can.o
    0x080080f0   0x080080f0   0x00000040   Code   RO           54    .text.MX_CAN2_Init  can.o
    0x08008130   0x08008130   0x0000009a   Code   RO           71    .text.MX_DMA_Init   dma.o
    0x080081ca   0x080081ca   0x00000002   PAD
    0x080081cc   0x080081cc   0x00000044   Code   RO           34    .text.MX_FREERTOS_Init  freertos.o
    0x08008210   0x08008210   0x000001fe   Code   RO           25    .text.MX_GPIO_Init  gpio.o
    0x0800840e   0x0800840e   0x00000002   PAD
    0x08008410   0x08008410   0x00000022   Code   RO           80    .text.MX_RNG_Init   rng.o
    0x08008432   0x08008432   0x00000002   PAD
    0x08008434   0x08008434   0x0000004e   Code   RO           95    .text.MX_SPI1_Init  spi.o
    0x08008482   0x08008482   0x00000002   PAD
    0x08008484   0x08008484   0x0000008a   Code   RO          118    .text.MX_TIM10_Init  tim.o
    0x0800850e   0x0800850e   0x00000002   PAD
    0x08008510   0x08008510   0x0000007c   Code   RO          112    .text.MX_TIM3_Init  tim.o
    0x0800858c   0x0800858c   0x00000092   Code   RO          114    .text.MX_TIM4_Init  tim.o
    0x0800861e   0x0800861e   0x00000002   PAD
    0x08008620   0x08008620   0x00000038   Code   RO          139    .text.MX_USART1_UART_Init  usart.o
    0x08008658   0x08008658   0x00000042   Code   RO          141    .text.MX_USART3_UART_Init  usart.o
    0x0800869a   0x0800869a   0x00000002   PAD
    0x0800869c   0x0800869c   0x00000038   Code   RO          143    .text.MX_USART6_UART_Init  usart.o
    0x080086d4   0x080086d4   0x0000006e   Code   RO          164    .text.MX_USB_DEVICE_Init  usb_device.o
    0x08008742   0x08008742   0x00000002   PAD
    0x08008744   0x08008744   0x00000110   Code   RO         3173    .text.MainCtrl_Task  mainctrl_task.o
    0x08008854   0x08008854   0x00000284   Code   RO         3271    .text.MedianInit    gimbal.o
    0x08008ad8   0x08008ad8   0x00000002   Code   RO          307    .text.MemManage_Handler  stm32f4xx_it.o
    0x08008ada   0x08008ada   0x00000002   PAD
    0x08008adc   0x08008adc   0x0000003a   Code   RO         2910    .text.MotorSend     motor.o
    0x08008b16   0x08008b16   0x00000002   PAD
    0x08008b18   0x08008b18   0x00000108   Code   RO         2956    .text.MouseKeyControlProcess  remote.o
    0x08008c20   0x08008c20   0x00000090   Code   RO         3446    .text.MusicStartInit  music.o
    0x08008cb0   0x08008cb0   0x00000070   Code   RO         3444    .text.MusicStartPlay  music.o
    0x08008d20   0x08008d20   0x00000052   Code   RO         3432    .text.Music_Task    task_music.o
    0x08008d72   0x08008d72   0x00000002   PAD
    0x08008d74   0x08008d74   0x00000002   Code   RO          303    .text.NMI_Handler   stm32f4xx_it.o
    0x08008d76   0x08008d76   0x00000002   PAD
    0x08008d78   0x08008d78   0x0000002c   Code   RO         1213    .text.NVIC_EncodePriority  stm32f4xx_hal_cortex.o
    0x08008da4   0x08008da4   0x000001cc   Code   RO         2588    .text.OLS_Derivative  user_lib.o
    0x08008f70   0x08008f70   0x00000056   Code   RO         2584    .text.OLS_Init      user_lib.o
    0x08008fc6   0x08008fc6   0x00000002   PAD
    0x08008fc8   0x08008fc8   0x00000010   Code   RO          337    .text.OTG_FS_IRQHandler  stm32f4xx_it.o
    0x08008fd8   0x08008fd8   0x0000004c   Code   RO          733    .text.PCD_EP_OutSetupPacket_int  stm32f4xx_hal_pcd.o
    0x08009024   0x08009024   0x000000d8   Code   RO          731    .text.PCD_EP_OutXfrComplete_int  stm32f4xx_hal_pcd.o
    0x080090fc   0x080090fc   0x000000d0   Code   RO          741    .text.PCD_WriteEmptyTxFifo  stm32f4xx_hal_pcd.o
    0x080091cc   0x080091cc   0x000000ac   Code   RO         2924    .text.PID_Calc      pid.o
    0x08009278   0x08009278   0x000001de   Code   RO         3020    .text.PID_Calculate  controller.o
    0x08009456   0x08009456   0x00000002   PAD
    0x08009458   0x08009458   0x000000b8   Code   RO         2928    .text.PID_Control   pid.o
    0x08009510   0x08009510   0x000000ac   Code   RO         2930    .text.PID_Control_Smis  pid.o
    0x080095bc   0x080095bc   0x0000006c   Code   RO         3018    .text.PID_Init      controller.o
    0x08009628   0x08009628   0x00000024   Code   RO         2922    .text.PID_init      pid.o
    0x0800964c   0x0800964c   0x00000004   PAD
    0x08009650   0x08009650   0x00000064   Code   RO         2419    .text.PendSV_Handler  port.o
    0x080096b4   0x080096b4   0x00000036   Code   RO         3407    .text.Plotter_Task  plotter_task.o
    0x080096ea   0x080096ea   0x00000002   PAD
    0x080096ec   0x080096ec   0x00000036   Code   RO         2912    .text.QuickCentering  motor.o
    0x08009722   0x08009722   0x00000002   PAD
    0x08009724   0x08009724   0x0000003a   Code   RO         3004    .text.RAMP_float    function.o
    0x0800975e   0x0800975e   0x00000002   PAD
    0x08009760   0x08009760   0x0000008e   Code   RO         2478    .text.RC_Init       bsp_rc.o
    0x080097ee   0x080097ee   0x00000002   PAD
    0x080097f0   0x080097f0   0x00000070   Code   RO         3000    .text.REMOTE_IfDataError  function.o
    0x08009860   0x08009860   0x0000000e   Code   RO         2996    .text.RM3508_Motor_Temp  function.o
    0x0800986e   0x0800986e   0x00000002   PAD
    0x08009870   0x08009870   0x00000074   Code   RO         2908    .text.RMMotor_Receive  motor.o
    0x080098e4   0x080098e4   0x00000034   Code   RO         2960    .text.RemoteClear   remote.o
    0x08009918   0x08009918   0x000000fc   Code   RO         2954    .text.RemoteControlProcess  remote.o
    0x08009a14   0x08009a14   0x0000009e   Code   RO         2962    .text.Remote_Rx     remote.o
    0x08009ab2   0x08009ab2   0x00000002   PAD
    0x08009ab4   0x08009ab4   0x00000086   Code   RO         1498    .text.SPI_EndRxTxTransaction  stm32f4xx_hal_spi.o
    0x08009b3a   0x08009b3a   0x00000002   PAD
    0x08009b3c   0x08009b3c   0x000000e0   Code   RO         1596    .text.SPI_WaitFlagStateUntilTimeout  stm32f4xx_hal_spi.o
    0x08009c1c   0x08009c1c   0x0000000e   Code   RO         2958    .text.STOPControlProcess  remote.o
    0x08009c2a   0x08009c2a   0x00000006   PAD
    0x08009c30   0x08009c30   0x00000024   Code   RO         2403    .text.SVC_Handler   port.o
    0x08009c54   0x08009c54   0x00000008   Code   RO         2197    .text.SVC_Setup     cmsis_os2.o
    0x08009c5c   0x08009c5c   0x00000004   Code   RO         2813    .text.SWAPBYTE      usbd_ctlreq.o
    0x08009c60   0x08009c60   0x00000032   Code   RO         3183    .text.ShootCtrl_Decide  shoot.o
    0x08009c92   0x08009c92   0x00000002   PAD
    0x08009c94   0x08009c94   0x00000174   Code   RO         3201    .text.ShootHeat_Limit  shoot.o
    0x08009e08   0x08009e08   0x00000180   Code   RO         3195    .text.ShootRef_Set  shoot.o
    0x08009f88   0x08009f88   0x00000022   Code   RO         3191    .text.Shoot_Close   shoot.o
    0x08009faa   0x08009faa   0x00000002   PAD
    0x08009fac   0x08009fac   0x0000012c   Code   RO         3197    .text.Shoot_Console  shoot.o
    0x0800a0d8   0x0800a0d8   0x000000b8   Code   RO         3187    .text.Shoot_Key_Ctrl  shoot.o
    0x0800a190   0x0800a190   0x00000084   Code   RO         3185    .text.Shoot_Rc_Ctrl  shoot.o
    0x0800a214   0x0800a214   0x0000006e   Code   RO         3199    .text.Shoot_Send    shoot.o
    0x0800a282   0x0800a282   0x00000002   PAD
    0x0800a284   0x0800a284   0x00000070   Code   RO         3193    .text.Shoot_SendDown  shoot.o
    0x0800a2f4   0x0800a2f4   0x00000170   Code   RO         3189    .text.Shoot_Stop    shoot.o
    0x0800a464   0x0800a464   0x00000030   Code   RO         3245    .text.Shoot_Task    shoot_task.o
    0x0800a494   0x0800a494   0x00000014   Code   RO           36    .text.StartINSTask  freertos.o
    0x0800a4a8   0x0800a4a8   0x00000008   Code   RO           38    .text.StartInit_Task  freertos.o
    0x0800a4b0   0x0800a4b0   0x0000001a   Code   RO         2187    .text.SysTick_Handler  cmsis_os2.o
    0x0800a4ca   0x0800a4ca   0x00000002   PAD
    0x0800a4cc   0x0800a4cc   0x000000a4   Code   RO           13    .text.SystemClock_Config  main.o
    0x0800a570   0x0800a570   0x00000012   Code   RO         1738    .text.SystemInit    system_stm32f4xx.o
    0x0800a582   0x0800a582   0x00000002   PAD
    0x0800a584   0x0800a584   0x00000010   Code   RO          325    .text.TIM2_IRQHandler  stm32f4xx_it.o
    0x0800a594   0x0800a594   0x00000010   Code   RO          327    .text.TIM3_IRQHandler  stm32f4xx_it.o
    0x0800a5a4   0x0800a5a4   0x00000134   Code   RO          383    .text.TIM_Base_SetConfig  stm32f4xx_hal_tim.o
    0x0800a6d8   0x0800a6d8   0x00000024   Code   RO          417    .text.TIM_CCxChannelCmd  stm32f4xx_hal_tim.o
    0x0800a6fc   0x0800a6fc   0x00000016   Code   RO          569    .text.TIM_ETR_SetConfig  stm32f4xx_hal_tim.o
    0x0800a712   0x0800a712   0x00000002   PAD
    0x0800a714   0x0800a714   0x00000010   Code   RO          575    .text.TIM_ITRx_SetConfig  stm32f4xx_hal_tim.o
    0x0800a724   0x0800a724   0x00000064   Code   RO          527    .text.TIM_OC1_SetConfig  stm32f4xx_hal_tim.o
    0x0800a788   0x0800a788   0x0000006a   Code   RO          529    .text.TIM_OC2_SetConfig  stm32f4xx_hal_tim.o
    0x0800a7f2   0x0800a7f2   0x00000002   PAD
    0x0800a7f4   0x0800a7f4   0x00000068   Code   RO          531    .text.TIM_OC3_SetConfig  stm32f4xx_hal_tim.o
    0x0800a85c   0x0800a85c   0x0000004e   Code   RO          533    .text.TIM_OC4_SetConfig  stm32f4xx_hal_tim.o
    0x0800a8aa   0x0800a8aa   0x00000002   PAD
    0x0800a8ac   0x0800a8ac   0x00000034   Code   RO         2469    .text.TIM_Set_PWM   bsp_pwm.o
    0x0800a8e0   0x0800a8e0   0x00000022   Code   RO          573    .text.TIM_TI1_ConfigInputStage  stm32f4xx_hal_tim.o
    0x0800a902   0x0800a902   0x00000002   PAD
    0x0800a904   0x0800a904   0x00000024   Code   RO          577    .text.TIM_TI2_ConfigInputStage  stm32f4xx_hal_tim.o
    0x0800a928   0x0800a928   0x00000010   Code   RO         1694    .text.UART_DMAAbortOnError  stm32f4xx_hal_uart.o
    0x0800a938   0x0800a938   0x0000004c   Code   RO         1640    .text.UART_DMAError  stm32f4xx_hal_uart.o
    0x0800a984   0x0800a984   0x00000084   Code   RO         1726    .text.UART_DMAReceiveCplt  stm32f4xx_hal_uart.o
    0x0800aa08   0x0800aa08   0x0000001e   Code   RO         1728    .text.UART_DMARxHalfCplt  stm32f4xx_hal_uart.o
    0x0800aa26   0x0800aa26   0x00000002   PAD
    0x0800aa28   0x0800aa28   0x00000040   Code   RO         1636    .text.UART_DMATransmitCplt  stm32f4xx_hal_uart.o
    0x0800aa68   0x0800aa68   0x0000000a   Code   RO         1638    .text.UART_DMATxHalfCplt  stm32f4xx_hal_uart.o
    0x0800aa72   0x0800aa72   0x00000002   PAD
    0x0800aa74   0x0800aa74   0x00000050   Code   RO         1654    .text.UART_EndRxTransfer  stm32f4xx_hal_uart.o
    0x0800aac4   0x0800aac4   0x00000018   Code   RO         1702    .text.UART_EndTransmit_IT  stm32f4xx_hal_uart.o
    0x0800aadc   0x0800aadc   0x0000001c   Code   RO         1652    .text.UART_EndTxTransfer  stm32f4xx_hal_uart.o
    0x0800aaf8   0x0800aaf8   0x000000c8   Code   RO         1692    .text.UART_Receive_IT  stm32f4xx_hal_uart.o
    0x0800abc0   0x0800abc0   0x000000dc   Code   RO         1610    .text.UART_SetConfig  stm32f4xx_hal_uart.o
    0x0800ac9c   0x0800ac9c   0x00000096   Code   RO         1644    .text.UART_Start_Receive_DMA  stm32f4xx_hal_uart.o
    0x0800ad32   0x0800ad32   0x00000002   PAD
    0x0800ad34   0x0800ad34   0x00000034   Code   RO         1632    .text.UART_Start_Receive_IT  stm32f4xx_hal_uart.o
    0x0800ad68   0x0800ad68   0x00000052   Code   RO         1700    .text.UART_Transmit_IT  stm32f4xx_hal_uart.o
    0x0800adba   0x0800adba   0x00000002   PAD
    0x0800adbc   0x0800adbc   0x00000088   Code   RO         1624    .text.UART_WaitOnFlagUntilTimeout  stm32f4xx_hal_uart.o
    0x0800ae44   0x0800ae44   0x00000010   Code   RO          329    .text.USART1_IRQHandler  stm32f4xx_it.o
    0x0800ae54   0x0800ae54   0x000000c0   Code   RO          331    .text.USART3_IRQHandler  stm32f4xx_it.o
    0x0800af14   0x0800af14   0x00000010   Code   RO          343    .text.USART6_IRQHandler  stm32f4xx_it.o
    0x0800af24   0x0800af24   0x00000074   Code   RO         2858    .text.USBD_CDC_DataIn  usbd_cdc.o
    0x0800af98   0x0800af98   0x0000003c   Code   RO         2860    .text.USBD_CDC_DataOut  usbd_cdc.o
    0x0800afd4   0x0800afd4   0x0000005a   Code   RO         2852    .text.USBD_CDC_DeInit  usbd_cdc.o
    0x0800b02e   0x0800b02e   0x00000002   PAD
    0x0800b030   0x0800b030   0x0000003a   Code   RO         2856    .text.USBD_CDC_EP0_RxReady  usbd_cdc.o
    0x0800b06a   0x0800b06a   0x00000002   PAD
    0x0800b06c   0x0800b06c   0x00000010   Code   RO         2868    .text.USBD_CDC_GetDeviceQualifierDescriptor  usbd_cdc.o
    0x0800b07c   0x0800b07c   0x00000052   Code   RO         2864    .text.USBD_CDC_GetFSCfgDesc  usbd_cdc.o
    0x0800b0ce   0x0800b0ce   0x00000002   PAD
    0x0800b0d0   0x0800b0d0   0x00000056   Code   RO         2862    .text.USBD_CDC_GetHSCfgDesc  usbd_cdc.o
    0x0800b126   0x0800b126   0x00000002   PAD
    0x0800b128   0x0800b128   0x00000052   Code   RO         2866    .text.USBD_CDC_GetOtherSpeedCfgDesc  usbd_cdc.o
    0x0800b17a   0x0800b17a   0x00000002   PAD
    0x0800b17c   0x0800b17c   0x000000d4   Code   RO         2850    .text.USBD_CDC_Init  usbd_cdc.o
    0x0800b250   0x0800b250   0x00000032   Code   RO         2878    .text.USBD_CDC_ReceivePacket  usbd_cdc.o
    0x0800b282   0x0800b282   0x00000002   PAD
    0x0800b284   0x0800b284   0x00000018   Code   RO         2870    .text.USBD_CDC_RegisterInterface  usbd_cdc.o
    0x0800b29c   0x0800b29c   0x0000001a   Code   RO         2874    .text.USBD_CDC_SetRxBuffer  usbd_cdc.o
    0x0800b2b6   0x0800b2b6   0x00000002   PAD
    0x0800b2b8   0x0800b2b8   0x0000001e   Code   RO         2872    .text.USBD_CDC_SetTxBuffer  usbd_cdc.o
    0x0800b2d6   0x0800b2d6   0x00000002   PAD
    0x0800b2d8   0x0800b2d8   0x0000011a   Code   RO         2854    .text.USBD_CDC_Setup  usbd_cdc.o
    0x0800b3f2   0x0800b3f2   0x00000002   PAD
    0x0800b3f4   0x0800b3f4   0x0000003e   Code   RO         2876    .text.USBD_CDC_TransmitPacket  usbd_cdc.o
    0x0800b432   0x0800b432   0x00000002   PAD
    0x0800b434   0x0800b434   0x00000012   Code   RO         2747    .text.USBD_ClrClassConfig  usbd_core.o
    0x0800b446   0x0800b446   0x00000002   PAD
    0x0800b448   0x0800b448   0x00000026   Code   RO         2803    .text.USBD_ClrFeature  usbd_ctlreq.o
    0x0800b46e   0x0800b46e   0x00000002   PAD
    0x0800b470   0x0800b470   0x00000004   Code   RO         2755    .text.USBD_CoreFindEP  usbd_core.o
    0x0800b474   0x0800b474   0x00000004   Code   RO         2753    .text.USBD_CoreFindIF  usbd_core.o
    0x0800b478   0x0800b478   0x00000010   Code   RO         2834    .text.USBD_CtlContinueRx  usbd_ioreq.o
    0x0800b488   0x0800b488   0x00000010   Code   RO         2830    .text.USBD_CtlContinueSendData  usbd_ioreq.o
    0x0800b498   0x0800b498   0x00000014   Code   RO         2805    .text.USBD_CtlError  usbd_ctlreq.o
    0x0800b4ac   0x0800b4ac   0x0000001a   Code   RO         2832    .text.USBD_CtlPrepareRx  usbd_ioreq.o
    0x0800b4c6   0x0800b4c6   0x00000002   PAD
    0x0800b4c8   0x0800b4c8   0x00000016   Code   RO         2838    .text.USBD_CtlReceiveStatus  usbd_ioreq.o
    0x0800b4de   0x0800b4de   0x00000002   PAD
    0x0800b4e0   0x0800b4e0   0x0000001a   Code   RO         2828    .text.USBD_CtlSendData  usbd_ioreq.o
    0x0800b4fa   0x0800b4fa   0x00000002   PAD
    0x0800b4fc   0x0800b4fc   0x00000016   Code   RO         2836    .text.USBD_CtlSendStatus  usbd_ioreq.o
    0x0800b512   0x0800b512   0x00000002   PAD
    0x0800b514   0x0800b514   0x00000024   Code   RO          255    .text.USBD_FS_ConfigStrDescriptor  usbd_desc.o
    0x0800b538   0x0800b538   0x0000000e   Code   RO          245    .text.USBD_FS_DeviceDescriptor  usbd_desc.o
    0x0800b546   0x0800b546   0x00000002   PAD
    0x0800b548   0x0800b548   0x00000028   Code   RO          257    .text.USBD_FS_InterfaceStrDescriptor  usbd_desc.o
    0x0800b570   0x0800b570   0x0000000e   Code   RO          247    .text.USBD_FS_LangIDStrDescriptor  usbd_desc.o
    0x0800b57e   0x0800b57e   0x00000002   PAD
    0x0800b580   0x0800b580   0x0000002c   Code   RO          249    .text.USBD_FS_ManufacturerStrDescriptor  usbd_desc.o
    0x0800b5ac   0x0800b5ac   0x00000030   Code   RO          251    .text.USBD_FS_ProductStrDescriptor  usbd_desc.o
    0x0800b5dc   0x0800b5dc   0x00000014   Code   RO          253    .text.USBD_FS_SerialStrDescriptor  usbd_desc.o
    0x0800b5f0   0x0800b5f0   0x00000030   Code   RO         2797    .text.USBD_GetConfig  usbd_ctlreq.o
    0x0800b620   0x0800b620   0x00000106   Code   RO         2791    .text.USBD_GetDescriptor  usbd_ctlreq.o
    0x0800b726   0x0800b726   0x00000002   PAD
    0x0800b728   0x0800b728   0x0000004a   Code   RO         2777    .text.USBD_GetEpDesc  usbd_core.o
    0x0800b772   0x0800b772   0x00000002   PAD
    0x0800b774   0x0800b774   0x0000001e   Code   RO         2817    .text.USBD_GetLen   usbd_ctlreq.o
    0x0800b792   0x0800b792   0x00000002   PAD
    0x0800b794   0x0800b794   0x0000000c   Code   RO         2779    .text.USBD_GetNextDesc  usbd_core.o
    0x0800b7a0   0x0800b7a0   0x00000032   Code   RO         2799    .text.USBD_GetStatus  usbd_ctlreq.o
    0x0800b7d2   0x0800b7d2   0x00000002   PAD
    0x0800b7d4   0x0800b7d4   0x00000044   Code   RO         2815    .text.USBD_GetString  usbd_ctlreq.o
    0x0800b818   0x0800b818   0x0000001a   Code   RO          203    .text.USBD_Get_USB_Status  usbd_conf.o
    0x0800b832   0x0800b832   0x00000002   PAD
    0x0800b834   0x0800b834   0x0000002e   Code   RO         2733    .text.USBD_Init     usbd_core.o
    0x0800b862   0x0800b862   0x00000002   PAD
    0x0800b864   0x0800b864   0x00000010   Code   RO          217    .text.USBD_LL_ClearStallEP  usbd_conf.o
    0x0800b874   0x0800b874   0x00000010   Code   RO          211    .text.USBD_LL_CloseEP  usbd_conf.o
    0x0800b884   0x0800b884   0x000000b2   Code   RO         2757    .text.USBD_LL_DataInStage  usbd_core.o
    0x0800b936   0x0800b936   0x00000002   PAD
    0x0800b938   0x0800b938   0x00000078   Code   RO         2751    .text.USBD_LL_DataOutStage  usbd_core.o
    0x0800b9b0   0x0800b9b0   0x00000004   Code   RO         2773    .text.USBD_LL_DevConnected  usbd_core.o
    0x0800b9b4   0x0800b9b4   0x00000020   Code   RO         2775    .text.USBD_LL_DevDisconnected  usbd_core.o
    0x0800b9d4   0x0800b9d4   0x0000000c   Code   RO          227    .text.USBD_LL_GetRxDataSize  usbd_conf.o
    0x0800b9e0   0x0800b9e0   0x0000006a   Code   RO          199    .text.USBD_LL_Init  usbd_conf.o
    0x0800ba4a   0x0800ba4a   0x00000002   PAD
    0x0800ba4c   0x0800ba4c   0x00000020   Code   RO          219    .text.USBD_LL_IsStallEP  usbd_conf.o
    0x0800ba6c   0x0800ba6c   0x00000026   Code   RO         2769    .text.USBD_LL_IsoINIncomplete  usbd_core.o
    0x0800ba92   0x0800ba92   0x00000002   PAD
    0x0800ba94   0x0800ba94   0x00000026   Code   RO         2771    .text.USBD_LL_IsoOUTIncomplete  usbd_core.o
    0x0800baba   0x0800baba   0x00000002   PAD
    0x0800babc   0x0800babc   0x00000016   Code   RO          209    .text.USBD_LL_OpenEP  usbd_conf.o
    0x0800bad2   0x0800bad2   0x00000002   PAD
    0x0800bad4   0x0800bad4   0x00000010   Code   RO          225    .text.USBD_LL_PrepareReceive  usbd_conf.o
    0x0800bae4   0x0800bae4   0x00000064   Code   RO         2759    .text.USBD_LL_Reset  usbd_core.o
    0x0800bb48   0x0800bb48   0x00000014   Code   RO         2765    .text.USBD_LL_Resume  usbd_core.o
    0x0800bb5c   0x0800bb5c   0x0000001c   Code   RO         2767    .text.USBD_LL_SOF   usbd_core.o
    0x0800bb78   0x0800bb78   0x00000008   Code   RO         2761    .text.USBD_LL_SetSpeed  usbd_core.o
    0x0800bb80   0x0800bb80   0x00000010   Code   RO          221    .text.USBD_LL_SetUSBAddress  usbd_conf.o
    0x0800bb90   0x0800bb90   0x00000058   Code   RO         2749    .text.USBD_LL_SetupStage  usbd_core.o
    0x0800bbe8   0x0800bbe8   0x00000010   Code   RO          215    .text.USBD_LL_StallEP  usbd_conf.o
    0x0800bbf8   0x0800bbf8   0x00000010   Code   RO          205    .text.USBD_LL_Start  usbd_conf.o
    0x0800bc08   0x0800bc08   0x0000001c   Code   RO         2763    .text.USBD_LL_Suspend  usbd_core.o
    0x0800bc24   0x0800bc24   0x00000010   Code   RO          223    .text.USBD_LL_Transmit  usbd_conf.o
    0x0800bc34   0x0800bc34   0x00000028   Code   RO         2811    .text.USBD_ParseSetupRequest  usbd_ctlreq.o
    0x0800bc5c   0x0800bc5c   0x00000042   Code   RO         2737    .text.USBD_RegisterClass  usbd_core.o
    0x0800bc9e   0x0800bc9e   0x00000002   PAD
    0x0800bca0   0x0800bca0   0x00000046   Code   RO         2793    .text.USBD_SetAddress  usbd_ctlreq.o
    0x0800bce6   0x0800bce6   0x00000002   PAD
    0x0800bce8   0x0800bce8   0x00000012   Code   RO         2745    .text.USBD_SetClassConfig  usbd_core.o
    0x0800bcfa   0x0800bcfa   0x00000002   PAD
    0x0800bcfc   0x0800bcfc   0x000000b8   Code   RO         2795    .text.USBD_SetConfig  usbd_ctlreq.o
    0x0800bdb4   0x0800bdb4   0x0000002a   Code   RO         2801    .text.USBD_SetFeature  usbd_ctlreq.o
    0x0800bdde   0x0800bdde   0x00000002   PAD
    0x0800bde0   0x0800bde0   0x00000008   Code   RO         2739    .text.USBD_Start    usbd_core.o
    0x0800bde8   0x0800bde8   0x00000076   Code   RO         2789    .text.USBD_StdDevReq  usbd_ctlreq.o
    0x0800be5e   0x0800be5e   0x00000002   PAD
    0x0800be60   0x0800be60   0x00000180   Code   RO         2809    .text.USBD_StdEPReq  usbd_ctlreq.o
    0x0800bfe0   0x0800bfe0   0x0000007c   Code   RO         2807    .text.USBD_StdItfReq  usbd_ctlreq.o
    0x0800c05c   0x0800c05c   0x00000002   Code   RO          231    .text.USBD_static_free  usbd_conf.o
    0x0800c05e   0x0800c05e   0x00000002   PAD
    0x0800c060   0x0800c060   0x0000000a   Code   RO          229    .text.USBD_static_malloc  usbd_conf.o
    0x0800c06a   0x0800c06a   0x00000002   PAD
    0x0800c06c   0x0800c06c   0x00000098   Code   RO          841    .text.USB_ActivateEndpoint  stm32f4xx_ll_usb.o
    0x0800c104   0x0800c104   0x00000020   Code   RO          883    .text.USB_ActivateSetup  stm32f4xx_ll_usb.o
    0x0800c124   0x0800c124   0x00000086   Code   RO          817    .text.USB_CoreInit  stm32f4xx_ll_usb.o
    0x0800c1aa   0x0800c1aa   0x00000002   PAD
    0x0800c1ac   0x0800c1ac   0x0000004c   Code   RO          819    .text.USB_CoreReset  stm32f4xx_ll_usb.o
    0x0800c1f8   0x0800c1f8   0x00000092   Code   RO          845    .text.USB_DeactivateEndpoint  stm32f4xx_ll_usb.o
    0x0800c28a   0x0800c28a   0x00000002   PAD
    0x0800c28c   0x0800c28c   0x0000001e   Code   RO          865    .text.USB_DevConnect  stm32f4xx_ll_usb.o
    0x0800c2aa   0x0800c2aa   0x00000002   PAD
    0x0800c2ac   0x0800c2ac   0x0000001e   Code   RO          867    .text.USB_DevDisconnect  stm32f4xx_ll_usb.o
    0x0800c2ca   0x0800c2ca   0x00000002   PAD
    0x0800c2cc   0x0800c2cc   0x00000168   Code   RO          831    .text.USB_DevInit   stm32f4xx_ll_usb.o
    0x0800c434   0x0800c434   0x0000000e   Code   RO          825    .text.USB_DisableGlobalInt  stm32f4xx_ll_usb.o
    0x0800c442   0x0800c442   0x00000002   PAD
    0x0800c444   0x0800c444   0x0000005a   Code   RO          885    .text.USB_EP0_OutStart  stm32f4xx_ll_usb.o
    0x0800c49e   0x0800c49e   0x00000002   PAD
    0x0800c4a0   0x0800c4a0   0x00000050   Code   RO          859    .text.USB_EPClearStall  stm32f4xx_ll_usb.o
    0x0800c4f0   0x0800c4f0   0x0000004e   Code   RO          857    .text.USB_EPSetStall  stm32f4xx_ll_usb.o
    0x0800c53e   0x0800c53e   0x00000002   PAD
    0x0800c540   0x0800c540   0x000001d2   Code   RO          849    .text.USB_EPStartXfer  stm32f4xx_ll_usb.o
    0x0800c712   0x0800c712   0x00000002   PAD
    0x0800c714   0x0800c714   0x00000086   Code   RO          853    .text.USB_EPStopXfer  stm32f4xx_ll_usb.o
    0x0800c79a   0x0800c79a   0x00000002   PAD
    0x0800c79c   0x0800c79c   0x0000000e   Code   RO          823    .text.USB_EnableGlobalInt  stm32f4xx_ll_usb.o
    0x0800c7aa   0x0800c7aa   0x00000002   PAD
    0x0800c7ac   0x0800c7ac   0x00000048   Code   RO          837    .text.USB_FlushRxFifo  stm32f4xx_ll_usb.o
    0x0800c7f4   0x0800c7f4   0x00000048   Code   RO          835    .text.USB_FlushTxFifo  stm32f4xx_ll_usb.o
    0x0800c83c   0x0800c83c   0x0000001a   Code   RO          839    .text.USB_GetDevSpeed  stm32f4xx_ll_usb.o
    0x0800c856   0x0800c856   0x00000002   PAD
    0x0800c858   0x0800c858   0x00000008   Code   RO          829    .text.USB_GetMode   stm32f4xx_ll_usb.o
    0x0800c860   0x0800c860   0x0000000e   Code   RO          875    .text.USB_ReadDevAllInEpInterrupt  stm32f4xx_ll_usb.o
    0x0800c86e   0x0800c86e   0x00000002   PAD
    0x0800c870   0x0800c870   0x0000000e   Code   RO          873    .text.USB_ReadDevAllOutEpInterrupt  stm32f4xx_ll_usb.o
    0x0800c87e   0x0800c87e   0x00000002   PAD
    0x0800c880   0x0800c880   0x00000024   Code   RO          879    .text.USB_ReadDevInEPInterrupt  stm32f4xx_ll_usb.o
    0x0800c8a4   0x0800c8a4   0x00000010   Code   RO          877    .text.USB_ReadDevOutEPInterrupt  stm32f4xx_ll_usb.o
    0x0800c8b4   0x0800c8b4   0x00000008   Code   RO          869    .text.USB_ReadInterrupts  stm32f4xx_ll_usb.o
    0x0800c8bc   0x0800c8bc   0x0000004a   Code   RO          855    .text.USB_ReadPacket  stm32f4xx_ll_usb.o
    0x0800c906   0x0800c906   0x00000002   PAD
    0x0800c908   0x0800c908   0x0000000a   Code   RO          290    .text.USB_Receive   usbd_cdc_if.o
    0x0800c912   0x0800c912   0x00000002   PAD
    0x0800c914   0x0800c914   0x00000068   Code   RO          827    .text.USB_SetCurrentMode  stm32f4xx_ll_usb.o
    0x0800c97c   0x0800c97c   0x00000022   Code   RO          863    .text.USB_SetDevAddress  stm32f4xx_ll_usb.o
    0x0800c99e   0x0800c99e   0x00000002   PAD
    0x0800c9a0   0x0800c9a0   0x00000010   Code   RO          833    .text.USB_SetDevSpeed  stm32f4xx_ll_usb.o
    0x0800c9b0   0x0800c9b0   0x00000116   Code   RO          821    .text.USB_SetTurnaroundTime  stm32f4xx_ll_usb.o
    0x0800cac6   0x0800cac6   0x00000002   PAD
    0x0800cac8   0x0800cac8   0x00000028   Code   RO          288    .text.USB_Transmit  usbd_cdc_if.o
    0x0800caf0   0x0800caf0   0x00000034   Code   RO          851    .text.USB_WritePacket  stm32f4xx_ll_usb.o
    0x0800cb24   0x0800cb24   0x00000002   Code   RO          311    .text.UsageFault_Handler  stm32f4xx_it.o
    0x0800cb26   0x0800cb26   0x00000002   PAD
    0x0800cb28   0x0800cb28   0x00000060   Code   RO         3465    .text.UsbInit       usb_task.o
    0x0800cb88   0x0800cb88   0x00000084   Code   RO         3471    .text.UsbReceiveData  usb_task.o
    0x0800cc0c   0x0800cc0c   0x000000b8   Code   RO         3467    .text.UsbSendImuData  usb_task.o
    0x0800ccc4   0x0800ccc4   0x00000048   Code   RO         3469    .text.UsbSendTallyData  usb_task.o
    0x0800cd0c   0x0800cd0c   0x00000012   Code   RO         3068    .text.VT03_Init     vt03.o
    0x0800cd1e   0x0800cd1e   0x00000002   PAD
    0x0800cd20   0x0800cd20   0x0000003c   Code   RO         3076    .text.VT03_Request  vt03.o
    0x0800cd5c   0x0800cd5c   0x0000001c   Code   RO         3066    .text.VT03_Task     vt03.o
    0x0800cd78   0x0800cd78   0x000001f4   Code   RO         3078    .text.VT03_ToRemote  vt03.o
    0x0800cf6c   0x0800cf6c   0x0000008c   Code   RO         3072    .text.VT03_Update   vt03.o
    0x0800cff8   0x0800cff8   0x00000108   Code   RO         3422    .text.WatchDog_CallBack  callback_function.o
    0x0800d100   0x0800d100   0x00000026   Code   RO         2980    .text.WatchDog_Init  watchdog.o
    0x0800d126   0x0800d126   0x00000002   PAD
    0x0800d128   0x0800d128   0x0000003e   Code   RO         2976    .text.WatchDog_Polling  watchdog.o
    0x0800d166   0x0800d166   0x00000002   PAD
    0x0800d168   0x0800d168   0x00000042   Code   RO         3448    .text.WriteNote     music.o
    0x0800d1aa   0x0800d1aa   0x00000002   PAD
    0x0800d1ac   0x0800d1ac   0x00000008   Code   RO         3409    .text._GLOBAL__sub_I_plotter_task.cpp  plotter_task.o
    0x0800d1b4   0x0800d1b4   0x00000028   Code   RO         3377    .text._ZN2at7Plotter4plotEffff  plotter.o
    0x0800d1dc   0x0800d1dc   0x00000026   Code   RO         3371    .text._ZN2at7Plotter4sendEv  plotter.o
    0x0800d202   0x0800d202   0x00000002   PAD
    0x0800d204   0x0800d204   0x00000016   Code   RO         3367    .text._ZN2at7PlotterC2EP20__UART_HandleTypeDefb  plotter.o
    0x0800d21a   0x0800d21a   0x00000002   PAD
    0x0800d21c   0x0800d21c   0x00000008   Code   RO         3402    .text._ZN2at9PlotFrameC2Ev  plotter.o
    0x0800d224   0x0800d224   0x00000020   Code   RO         1217    .text.__NVIC_EnableIRQ  stm32f4xx_hal_cortex.o
    0x0800d244   0x0800d244   0x00000010   Code   RO         1209    .text.__NVIC_GetPriorityGrouping  stm32f4xx_hal_cortex.o
    0x0800d254   0x0800d254   0x00000022   Code   RO         1211    .text.__NVIC_SetPriority  stm32f4xx_hal_cortex.o
    0x0800d276   0x0800d276   0x00000002   PAD
    0x0800d278   0x0800d278   0x0000000e   Code   RO         2351    .text.__NVIC_SetPriority  cmsis_os2.o
    0x0800d286   0x0800d286   0x00000002   PAD
    0x0800d288   0x0800d288   0x00000020   Code   RO         1205    .text.__NVIC_SetPriorityGrouping  stm32f4xx_hal_cortex.o
    0x0800d2a8   0x0800d2a8   0x0000001a   Code   RO         3405    .text.__cxx_global_var_init  plotter_task.o
    0x0800d2c2   0x0800d2c2   0x00000002   PAD
    0x0800d2c4   0x0800d2c4   0x0000016c   Code   RO         2647    .text.bmi088_accel_init  bmi088driver.o
    0x0800d430   0x0800d430   0x00000144   Code   RO         2649    .text.bmi088_gyro_init  bmi088driver.o
    0x0800d574   0x0800d574   0x0000009c   Code   RO         2496    .text.buzzer_note   bsp_buzzer.o
    0x0800d610   0x0800d610   0x00000010   Code   RO         2494    .text.buzzer_off    bsp_buzzer.o
    0x0800d620   0x0800d620   0x00000068   Code   RO         3026    .text.f_Changing_Integration_Rate  controller.o
    0x0800d688   0x0800d688   0x0000003c   Code   RO         3030    .text.f_Derivative_Filter  controller.o
    0x0800d6c4   0x0800d6c4   0x000000b8   Code   RO         3028    .text.f_Derivative_On_Measurement  controller.o
    0x0800d77c   0x0800d77c   0x00000084   Code   RO         3032    .text.f_Integral_Limit  controller.o
    0x0800d800   0x0800d800   0x0000003c   Code   RO         3034    .text.f_Output_Filter  controller.o
    0x0800d83c   0x0800d83c   0x0000002e   Code   RO         2926    .text.f_Output_Limit  pid.o
    0x0800d86a   0x0800d86a   0x00000002   PAD
    0x0800d86c   0x0800d86c   0x00000034   Code   RO         3036    .text.f_Output_Limit  controller.o
    0x0800d8a0   0x0800d8a0   0x00000098   Code   RO         3022    .text.f_PID_ErrorHandle  controller.o
    0x0800d938   0x0800d938   0x00000034   Code   RO         3038    .text.f_Proportion_Limit  controller.o
    0x0800d96c   0x0800d96c   0x00000046   Code   RO         3024    .text.f_Trapezoid_Intergral  controller.o
    0x0800d9b2   0x0800d9b2   0x00000002   PAD
    0x0800d9b4   0x0800d9b4   0x00000022   Code   RO         2574    .text.float_constrain  user_lib.o
    0x0800d9d6   0x0800d9d6   0x00000002   PAD
    0x0800d9d8   0x0800d9d8   0x00000022   Code   RO         2582    .text.float_rounding  user_lib.o
    0x0800d9fa   0x0800d9fa   0x00000002   PAD
    0x0800d9fc   0x0800d9fc   0x00000034   Code   RO         3104    .text.get_CRC16_check_sum  crc.o
    0x0800da30   0x0800da30   0x00000020   Code   RO         3098    .text.get_CRC8_check_sum  crc.o
    0x0800da50   0x0800da50   0x00000032   Code   RO         2630    .text.invSqrt       quaternionekf.o
    0x0800da82   0x0800da82   0x00000002   PAD
    0x0800da84   0x0800da84   0x00000062   Code   RO           11    .text.main          main.o
    0x0800dae6   0x0800dae6   0x00000002   PAD
    0x0800dae8   0x0800dae8   0x00000020   Code   RO         2255    .text.osDelay       cmsis_os2.o
    0x0800db08   0x0800db08   0x00000028   Code   RO         2189    .text.osKernelInitialize  cmsis_os2.o
    0x0800db30   0x0800db30   0x00000034   Code   RO         2195    .text.osKernelStart  cmsis_os2.o
    0x0800db64   0x0800db64   0x000000b4   Code   RO         2219    .text.osThreadNew   cmsis_os2.o
    0x0800dc18   0x0800dc18   0x00000022   Code   RO         2237    .text.osThreadResume  cmsis_os2.o
    0x0800dc3a   0x0800dc3a   0x00000002   PAD
    0x0800dc3c   0x0800dc3c   0x00000022   Code   RO         2235    .text.osThreadSuspend  cmsis_os2.o
    0x0800dc5e   0x0800dc5e   0x00000002   PAD
    0x0800dc60   0x0800dc60   0x00000088   Code   RO         1975    .text.prvAddCurrentTaskToDelayedList  tasks.o
    0x0800dce8   0x0800dce8   0x000000ac   Code   RO         1961    .text.prvAddNewTaskToReadyList  tasks.o
    0x0800dd94   0x0800dd94   0x0000007c   Code   RO         2118    .text.prvCheckForValidListAndQueue  timers.o
    0x0800de10   0x0800de10   0x0000004e   Code   RO         2085    .text.prvCheckTasksWaitingTermination  tasks.o
    0x0800de5e   0x0800de5e   0x00000002   PAD
    0x0800de60   0x0800de60   0x00000026   Code   RO         1852    .text.prvCopyDataFromQueue  queue.o
    0x0800de86   0x0800de86   0x00000002   PAD
    0x0800de88   0x0800de88   0x0000007a   Code   RO         1840    .text.prvCopyDataToQueue  queue.o
    0x0800df02   0x0800df02   0x00000002   PAD
    0x0800df04   0x0800df04   0x00000036   Code   RO         1967    .text.prvDeleteTCB  tasks.o
    0x0800df3a   0x0800df3a   0x00000002   PAD
    0x0800df3c   0x0800df3c   0x00000020   Code   RO         2156    .text.prvGetNextExpireTime  timers.o
    0x0800df5c   0x0800df5c   0x00000076   Code   RO         2369    .text.prvHeapInit   heap_4.o
    0x0800dfd2   0x0800dfd2   0x00000002   PAD
    0x0800dfd4   0x0800dfd4   0x0000002a   Code   RO         2001    .text.prvIdleTask   tasks.o
    0x0800dffe   0x0800dffe   0x00000002   PAD
    0x0800e000   0x0800e000   0x00000020   Code   RO         1814    .text.prvInitialiseNewQueue  queue.o
    0x0800e020   0x0800e020   0x0000009c   Code   RO         1959    .text.prvInitialiseNewTask  tasks.o
    0x0800e0bc   0x0800e0bc   0x00000070   Code   RO         2083    .text.prvInitialiseTaskLists  tasks.o
    0x0800e12c   0x0800e12c   0x0000005a   Code   RO         2371    .text.prvInsertBlockIntoFreeList  heap_4.o
    0x0800e186   0x0800e186   0x00000002   PAD
    0x0800e188   0x0800e188   0x00000040   Code   RO         2168    .text.prvInsertTimerInActiveList  timers.o
    0x0800e1c8   0x0800e1c8   0x00000018   Code   RO         1854    .text.prvIsQueueEmpty  queue.o
    0x0800e1e0   0x0800e1e0   0x0000001c   Code   RO         1842    .text.prvIsQueueFull  queue.o
    0x0800e1fc   0x0800e1fc   0x00000028   Code   RO         2411    .text.prvPortStartFirstTask  port.o
    0x0800e224   0x0800e224   0x0000006e   Code   RO         2164    .text.prvProcessExpiredTimer  timers.o
    0x0800e292   0x0800e292   0x00000002   PAD
    0x0800e294   0x0800e294   0x00000122   Code   RO         2160    .text.prvProcessReceivedCommands  timers.o
    0x0800e3b6   0x0800e3b6   0x00000002   PAD
    0x0800e3b8   0x0800e3b8   0x00000080   Code   RO         2158    .text.prvProcessTimerOrBlockTask  timers.o
    0x0800e438   0x0800e438   0x00000028   Code   RO         1969    .text.prvResetNextTaskUnblockTime  tasks.o
    0x0800e460   0x0800e460   0x0000002a   Code   RO         2162    .text.prvSampleTimeNow  timers.o
    0x0800e48a   0x0800e48a   0x00000002   PAD
    0x0800e48c   0x0800e48c   0x0000008e   Code   RO         2166    .text.prvSwitchTimerLists  timers.o
    0x0800e51a   0x0800e51a   0x00000002   PAD
    0x0800e51c   0x0800e51c   0x00000032   Code   RO         2401    .text.prvTaskExitError  port.o
    0x0800e54e   0x0800e54e   0x00000002   PAD
    0x0800e550   0x0800e550   0x00000032   Code   RO         1995    .text.prvTaskIsTaskSuspended  tasks.o
    0x0800e582   0x0800e582   0x00000002   PAD
    0x0800e584   0x0800e584   0x00000016   Code   RO         2120    .text.prvTimerTask  timers.o
    0x0800e59a   0x0800e59a   0x00000002   PAD
    0x0800e59c   0x0800e59c   0x00000072   Code   RO         1844    .text.prvUnlockQueue  queue.o
    0x0800e60e   0x0800e60e   0x00000002   PAD
    0x0800e610   0x0800e610   0x0000014a   Code   RO         2367    .text.pvPortMalloc  heap_4.o
    0x0800e75a   0x0800e75a   0x00000002   PAD
    0x0800e75c   0x0800e75c   0x00000028   Code   RO         2399    .text.pxPortInitialiseStack  port.o
    0x0800e784   0x0800e784   0x00000016   Code   RO         2605    .text.remote_control_init  remote_control.o
    0x0800e79a   0x0800e79a   0x00000002   PAD
    0x0800e79c   0x0800e79c   0x00000026   Code   RO         3463    .text.usb_task      usb_task.o
    0x0800e7c2   0x0800e7c2   0x00000002   PAD
    0x0800e7c4   0x0800e7c4   0x00000024   Code   RO         1800    .text.uxListRemove  list.o
    0x0800e7e8   0x0800e7e8   0x0000001a   Code   RO         2347    .text.vApplicationGetIdleTaskMemory  cmsis_os2.o
    0x0800e802   0x0800e802   0x00000002   PAD
    0x0800e804   0x0800e804   0x0000001c   Code   RO         2349    .text.vApplicationGetTimerTaskMemory  cmsis_os2.o
    0x0800e820   0x0800e820   0x00000016   Code   RO         1792    .text.vListInitialise  list.o
    0x0800e836   0x0800e836   0x00000002   PAD
    0x0800e838   0x0800e838   0x00000006   Code   RO         1794    .text.vListInitialiseItem  list.o
    0x0800e83e   0x0800e83e   0x00000002   PAD
    0x0800e840   0x0800e840   0x0000003a   Code   RO         1798    .text.vListInsert   list.o
    0x0800e87a   0x0800e87a   0x00000002   PAD
    0x0800e87c   0x0800e87c   0x0000001c   Code   RO         1796    .text.vListInsertEnd  list.o
    0x0800e898   0x0800e898   0x00000014   Code   RO         2409    .text.vPortEnableVFP  port.o
    0x0800e8ac   0x0800e8ac   0x00000046   Code   RO         2415    .text.vPortEnterCritical  port.o
    0x0800e8f2   0x0800e8f2   0x00000002   PAD
    0x0800e8f4   0x0800e8f4   0x0000002e   Code   RO         2417    .text.vPortExitCritical  port.o
    0x0800e922   0x0800e922   0x00000002   PAD
    0x0800e924   0x0800e924   0x0000008a   Code   RO         2373    .text.vPortFree     heap_4.o
    0x0800e9ae   0x0800e9ae   0x00000002   PAD
    0x0800e9b0   0x0800e9b0   0x00000034   Code   RO         2407    .text.vPortSetupTimerInterrupt  port.o
    0x0800e9e4   0x0800e9e4   0x00000062   Code   RO         2423    .text.vPortValidateInterruptPriority  port.o
    0x0800ea46   0x0800ea46   0x00000002   PAD
    0x0800ea48   0x0800ea48   0x00000028   Code   RO         1884    .text.vQueueAddToRegistry  queue.o
    0x0800ea70   0x0800ea70   0x00000044   Code   RO         1888    .text.vQueueWaitForMessageRestricted  queue.o
    0x0800eab4   0x0800eab4   0x00000054   Code   RO         1979    .text.vTaskDelay    tasks.o
    0x0800eb08   0x0800eb08   0x000000a8   Code   RO         1971    .text.vTaskDelayUntil  tasks.o
    0x0800ebb0   0x0800ebb0   0x000000c2   Code   RO         1965    .text.vTaskDelete   tasks.o
    0x0800ec72   0x0800ec72   0x00000002   PAD
    0x0800ec74   0x0800ec74   0x0000001a   Code   RO         2039    .text.vTaskInternalSetTimeOutState  tasks.o
    0x0800ec8e   0x0800ec8e   0x00000002   PAD
    0x0800ec90   0x0800ec90   0x0000000e   Code   RO         2043    .text.vTaskMissedYield  tasks.o
    0x0800ec9e   0x0800ec9e   0x00000002   PAD
    0x0800eca0   0x0800eca0   0x00000032   Code   RO         2027    .text.vTaskPlaceOnEventList  tasks.o
    0x0800ecd2   0x0800ecd2   0x00000002   PAD
    0x0800ecd4   0x0800ecd4   0x0000003e   Code   RO         2031    .text.vTaskPlaceOnEventListRestricted  tasks.o
    0x0800ed12   0x0800ed12   0x00000002   PAD
    0x0800ed14   0x0800ed14   0x0000008a   Code   RO         1993    .text.vTaskResume   tasks.o
    0x0800ed9e   0x0800ed9e   0x00000002   PAD
    0x0800eda0   0x0800eda0   0x000000a4   Code   RO         1999    .text.vTaskStartScheduler  tasks.o
    0x0800ee44   0x0800ee44   0x000000cc   Code   RO         1989    .text.vTaskSuspend  tasks.o
    0x0800ef10   0x0800ef10   0x00000010   Code   RO         1973    .text.vTaskSuspendAll  tasks.o
    0x0800ef20   0x0800ef20   0x0000009a   Code   RO         1991    .text.vTaskSwitchContext  tasks.o
    0x0800efba   0x0800efba   0x00000002   PAD
    0x0800efbc   0x0800efbc   0x00000046   Code   RO         3106    .text.verify_CRC16_check_sum  crc.o
    0x0800f002   0x0800f002   0x00000002   PAD
    0x0800f004   0x0800f004   0x0000002a   Code   RO         3100    .text.verify_CRC8_check_sum  crc.o
    0x0800f02e   0x0800f02e   0x00000002   PAD
    0x0800f030   0x0800f030   0x00000112   Code   RO         2405    .text.xPortStartScheduler  port.o
    0x0800f142   0x0800f142   0x00000002   PAD
    0x0800f144   0x0800f144   0x0000002e   Code   RO         2421    .text.xPortSysTickHandler  port.o
    0x0800f172   0x0800f172   0x00000002   PAD
    0x0800f174   0x0800f174   0x00000096   Code   RO         1812    .text.xQueueGenericCreateStatic  queue.o
    0x0800f20a   0x0800f20a   0x00000002   PAD
    0x0800f20c   0x0800f20c   0x0000007e   Code   RO         1810    .text.xQueueGenericReset  queue.o
    0x0800f28a   0x0800f28a   0x00000002   PAD
    0x0800f28c   0x0800f28c   0x000001a2   Code   RO         1830    .text.xQueueGenericSend  queue.o
    0x0800f42e   0x0800f42e   0x00000002   PAD
    0x0800f430   0x0800f430   0x000000ce   Code   RO         1846    .text.xQueueGenericSendFromISR  queue.o
    0x0800f4fe   0x0800f4fe   0x00000002   PAD
    0x0800f500   0x0800f500   0x00000184   Code   RO         1850    .text.xQueueReceive  queue.o
    0x0800f684   0x0800f684   0x000000a2   Code   RO         2041    .text.xTaskCheckForTimeOut  tasks.o
    0x0800f726   0x0800f726   0x00000002   PAD
    0x0800f728   0x0800f728   0x00000066   Code   RO         1963    .text.xTaskCreate   tasks.o
    0x0800f78e   0x0800f78e   0x00000002   PAD
    0x0800f790   0x0800f790   0x00000076   Code   RO         1957    .text.xTaskCreateStatic  tasks.o
    0x0800f806   0x0800f806   0x00000002   PAD
    0x0800f808   0x0800f808   0x00000026   Code   RO         2057    .text.xTaskGetSchedulerState  tasks.o
    0x0800f82e   0x0800f82e   0x00000002   PAD
    0x0800f830   0x0800f830   0x0000000c   Code   RO         2007    .text.xTaskGetTickCount  tasks.o
    0x0800f83c   0x0800f83c   0x00000152   Code   RO         2005    .text.xTaskIncrementTick  tasks.o
    0x0800f98e   0x0800f98e   0x00000002   PAD
    0x0800f990   0x0800f990   0x00000092   Code   RO         2061    .text.xTaskPriorityDisinherit  tasks.o
    0x0800fa22   0x0800fa22   0x00000002   PAD
    0x0800fa24   0x0800fa24   0x0000008e   Code   RO         2033    .text.xTaskRemoveFromEventList  tasks.o
    0x0800fab2   0x0800fab2   0x00000002   PAD
    0x0800fab4   0x0800fab4   0x00000114   Code   RO         1977    .text.xTaskResumeAll  tasks.o
    0x0800fbc8   0x0800fbc8   0x00000074   Code   RO         2116    .text.xTimerCreateTimerTask  timers.o
    0x0800fc3c   0x0800fc3c   0x00000068   Code   RO         2128    .text.xTimerGenericCommand  timers.o
    0x0800fca4   0x0800fca4   0x00000026   Code   RO         3873    i.__ARM_fpclassifyf  m_wm.l(fpclassifyf.o)
    0x0800fcca   0x0800fcca   0x00000002   PAD
    0x0800fccc   0x0800fccc   0x00000118   Code   RO         3785    i.__hardfp_acosf    m_wm.l(acosf.o)
    0x0800fde4   0x0800fde4   0x0000012c   Code   RO         3791    i.__hardfp_asinf    m_wm.l(asinf.o)
    0x0800ff10   0x0800ff10   0x000002ac   Code   RO         3797    i.__hardfp_atan2f   m_wm.l(atan2f.o)
    0x080101bc   0x080101bc   0x0000003a   Code   RO         3803    i.__hardfp_sqrtf    m_wm.l(sqrtf.o)
    0x080101f6   0x080101f6   0x00000006   Code   RO         3876    i.__mathlib_flt_infnan  m_wm.l(funder.o)
    0x080101fc   0x080101fc   0x00000006   Code   RO         3877    i.__mathlib_flt_infnan2  m_wm.l(funder.o)
    0x08010202   0x08010202   0x00000002   PAD
    0x08010204   0x08010204   0x00000010   Code   RO         3878    i.__mathlib_flt_invalid  m_wm.l(funder.o)
    0x08010214   0x08010214   0x00000010   Code   RO         3881    i.__mathlib_flt_underflow  m_wm.l(funder.o)
    0x08010224   0x08010224   0x0000000e   Code   RO         3931    i.__scatterload_copy  mc_w.l(handlers.o)
    0x08010232   0x08010232   0x00000002   Code   RO         3932    i.__scatterload_null  mc_w.l(handlers.o)
    0x08010234   0x08010234   0x0000000e   Code   RO         3933    i.__scatterload_zeroinit  mc_w.l(handlers.o)
    0x08010242   0x08010242   0x00000002   PAD
    0x08010244   0x08010244   0x0000000c   Code   RO         3913    i.__set_errno       mc_w.l(errno.o)
    0x08010250   0x08010250   0x0000006c   Code   RO         3825    i.malloc            mc_w.l(malloc.o)
    0x080102bc   0x080102bc   0x0000003e   Code   RO         3805    i.sqrtf             m_wm.l(sqrtf.o)
    0x080102fa   0x080102fa   0x00000002   PAD
    0x080102fc   0x080102fc   0x00000804   Data   RO         3762    .constdata          arm_cortexM4lf_math.lib(arm_common_tables.o)
    0x08010b00   0x08010b00   0x00000010   Data   RO         1743    .rodata.AHBPrescTable  system_stm32f4xx.o
    0x08010b10   0x08010b10   0x00000008   Data   RO         1744    .rodata.APBPrescTable  system_stm32f4xx.o
    0x08010b18   0x08010b18   0x00000012   Data   RO         2669    .rodata.BMI088_Accel_Init_Table  bmi088driver.o
    0x08010b2a   0x08010b2a   0x00000012   Data   RO         2670    .rodata.BMI088_Gyro_Init_Table  bmi088driver.o
    0x08010b3c   0x08010b3c   0x00000100   Data   RO         3112    .rodata.CRC8_table  crc.o
    0x08010c3c   0x08010c3c   0x00000090   Data   RO         2632    .rodata.IMU_QuaternionEKF_F  quaternionekf.o
    0x08010ccc   0x08010ccc   0x00000024   Data   RO           41    .rodata.INSTask_attributes  freertos.o
    0x08010cf0   0x08010cf0   0x00000024   Data   RO           42    .rodata.Init_Task_attributes  freertos.o
    0x08010d14   0x08010d14   0x00000010   Data   RO         3158    .rodata.cst16       ins_task.o
    0x08010d24   0x08010d24   0x00000012   Data   RO           40    .rodata.str1.1      freertos.o
    0x08010d36   0x08010d36   0x00000200   Data   RO         3114    .rodata.wCRC_table  crc.o
    0x08010f36   0x08010f36   0x00000002   PAD
    0x08010f38   0x08010f38   0x00000020   Data   RO         3930    Region$$Table       anon$$obj.o
    0x08010f58   0x08010f58   0x00000004   Data   RO         3412    .init_array         plotter_task.o
    0x08010f5c   0x08010f58   0x00000000   Data   RO         3853    .init_array         mc_w.l(cpp_init.o)


    Execution Region RW_IRAM1 (Exec base: 0x20000000, Load base: 0x08010f60, Size: 0x00012490, Max: 0x0001c000, ABSOLUTE, COMPRESSED[0x00000130])

    Exec Addr    Load Addr    Size         Type   Attr      Idx    E Section Name        Object

    0x20000000   COMPRESSED   0x00000004   Data   RW         3909    .data               mc_w.l(mvars.o)
    0x20000004   COMPRESSED   0x00000004   Data   RW         3910    .data               mc_w.l(mvars.o)
    0x20000008   COMPRESSED   0x00000004   Data   RW         3914    .data               mc_w.l(errno.o)
    0x2000000c   COMPRESSED   0x00000004   Data   RW         2661    .data.BMI088_ACCEL_SEN  bmi088driver.o
    0x20000010   COMPRESSED   0x00000004   Data   RW         2662    .data.BMI088_GYRO_SEN  bmi088driver.o
    0x20000014   COMPRESSED   0x00000002   Data   RW         3113    .data.CRC16_INIT    crc.o
    0x20000016   COMPRESSED   0x00000002   PAD
    0x20000018   COMPRESSED   0x00000018   Data   RW         3327    .data.Chassis_FF    chassis.o
    0x20000030   COMPRESSED   0x0000001c   Data   RW          263    .data.FS_Desc       usbd_desc.o
    0x2000004c   COMPRESSED   0x00000090   Data   RW         2633    .data.IMU_QuaternionEKF_P  quaternionekf.o
    0x200000dc   COMPRESSED   0x00000024   Data   RW         3210    .data.Pluck_Place_PIDS  shoot.o
    0x20000100   COMPRESSED   0x00000028   Data   RW         3211    .data.Pluck_Speed_PID  shoot.o
    0x20000128   COMPRESSED   0x00000018   Data   RW         2966    .data.RC_CtrlData   remote.o
    0x20000140   COMPRESSED   0x00000021   Data   RW         3473    .data.ReceiveVisionData  usb_task.o
    0x20000161   COMPRESSED   0x00000003   PAD
    0x20000164   COMPRESSED   0x00000004   Data   RW         3157    .data.RefTemp       ins_task.o
    0x20000168   COMPRESSED   0x00000340   Data   RW         3080    .data.Referee       vt03.o
    0x200004a8   COMPRESSED   0x00000025   Data   RW         3474    .data.SEND_DATA_IMU  usb_task.o
    0x200004cd   COMPRESSED   0x0000000b   Data   RW         3475    .data.SendTallyData  usb_task.o
    0x200004d8   COMPRESSED   0x00000050   Data   RW         3209    .data.Shoot_Speed_PID  shoot.o
    0x20000528   COMPRESSED   0x00000004   Data   RW         1742    .data.SystemCoreClock  system_stm32f4xx.o
    0x2000052c   COMPRESSED   0x00000038   Data   RW         2880    .data.USBD_CDC      usbd_cdc.o
    0x20000564   COMPRESSED   0x00000043   Data   RW         2882    .data.USBD_CDC_CfgDesc  usbd_cdc.o
    0x200005a7   COMPRESSED   0x00000001   PAD
    0x200005a8   COMPRESSED   0x0000000a   Data   RW         2881    .data.USBD_CDC_DeviceQualifierDesc  usbd_cdc.o
    0x200005b2   COMPRESSED   0x00000002   PAD
    0x200005b4   COMPRESSED   0x00000012   Data   RW          264    .data.USBD_FS_DeviceDesc  usbd_desc.o
    0x200005c6   COMPRESSED   0x00000002   PAD
    0x200005c8   COMPRESSED   0x00000014   Data   RW          292    .data.USBD_Interface_fops_FS  usbd_cdc_if.o
    0x200005dc   COMPRESSED   0x00000004   Data   RW          265    .data.USBD_LangIDDesc  usbd_desc.o
    0x200005e0   COMPRESSED   0x0000001a   Data   RW          266    .data.USBD_StringSerial  usbd_desc.o
    0x200005fa   COMPRESSED   0x00000001   Data   RW         2663    .data.caliOffset    bmi088driver.o
    0x200005fb   COMPRESSED   0x00000001   Data   RW         3229    .data.caliper       shoot.o
    0x200005fc   COMPRESSED   0x00000004   Data   RW         3450    .data.play_id       music.o
    0x20000600   COMPRESSED   0x00000001   Data   RW         3228    .data.reduction_ratio  shoot.o
    0x20000601   COMPRESSED   0x00000001   Data   RW         1336    .data.uwTickFreq    stm32f4xx_hal.o
    0x20000602   COMPRESSED   0x00000002   PAD
    0x20000604   COMPRESSED   0x00000004   Data   RW         1335    .data.uwTickPrio    stm32f4xx_hal.o
    0x20000608   COMPRESSED   0x00000004   Data   RW         2427    .data.uxCriticalNesting  port.o
    0x2000060c   COMPRESSED   0x00000004   Data   RW         3454    .data.write_id      music.o
    0x20000610        -       0x00000001   Zero   RW         3214    .bss.Add_Angle_Flag  shoot.o
    0x20000611   COMPRESSED   0x00000003   PAD
    0x20000614        -       0x00000040   Zero   RW         2666    .bss.BMI088         bmi088driver.o
    0x20000654        -       0x00000008   Zero   RW         2671    .bss.BMI088_Read.buf  bmi088driver.o
    0x2000065c        -       0x00000004   Zero   RW         2693    .bss.BMI088_SPI     bmi088middleware.o
    0x20000660        -       0x00000008   Zero   RW         2898    .bss.CAN1_buff      candrive.o
    0x20000668        -       0x00000040   Zero   RW         2899    .bss.CAN2_Rxbuff    candrive.o
    0x200006a8        -       0x00000004   Zero   RW         3331    .bss.CHASSIS        chassis.o
    0x200006ac        -       0x00000004   Zero   RW         2454    .bss.CPU_FREQ_Hz    bsp_dwt.o
    0x200006b0        -       0x00000004   Zero   RW         2455    .bss.CPU_FREQ_Hz_ms  bsp_dwt.o
    0x200006b4        -       0x00000004   Zero   RW         2456    .bss.CPU_FREQ_Hz_us  bsp_dwt.o
    0x200006b8        -       0x00000008   Zero   RW         2458    .bss.CYCCNT64       bsp_dwt.o
    0x200006c0        -       0x00000004   Zero   RW         2460    .bss.CYCCNT_LAST    bsp_dwt.o
    0x200006c4        -       0x00000004   Zero   RW         2457    .bss.CYCCNT_RountCount  bsp_dwt.o
    0x200006c8        -       0x00000004   Zero   RW         2674    .bss.Calibrate_MPU_Offset.startTime  bmi088driver.o
    0x200006cc        -       0x00000008   Zero   RW         3213    .bss.Can1Send_Shoot  shoot.o
    0x200006d4        -       0x00000008   Zero   RW         3275    .bss.Can2Send       gimbal.o
    0x200006dc        -       0x00000001   Zero   RW         3346    .bss.ChassisDown_Send.Key_Q_flag  chassis.o
    0x200006dd        -       0x00000001   Zero   RW         3334    .bss.Chassis_Key_Ctrl.Key_R_flag  chassis.o
    0x200006de        -       0x00000002   Zero   RW         3335    .bss.Chassis_Key_Ctrl.tim  chassis.o
    0x200006e0        -       0x00000004   Zero   RW         3342    .bss.Chassis_Offset.Ramp_rotate_ref  chassis.o
    0x200006e4        -       0x00000002   Zero   RW         3341    .bss.Chassis_Offset.Speed_Gain  chassis.o
    0x200006e6   COMPRESSED   0x00000002   PAD
    0x200006e8        -       0x00000004   Zero   RW         3337    .bss.Chassis_Offset.chassis_offset  chassis.o
    0x200006ec        -       0x00000002   Zero   RW         3338    .bss.Chassis_Offset.forward_back_ref  chassis.o
    0x200006ee        -       0x00000002   Zero   RW         3339    .bss.Chassis_Offset.left_right_ref  chassis.o
    0x200006f0        -       0x00000001   Zero   RW         3340    .bss.Chassis_Offset.rotate_ref  chassis.o
    0x200006f1   COMPRESSED   0x00000007   PAD
    0x200006f8        -       0x00000070   Zero   RW         3329    .bss.Chassis_Place_pid_Rotate  chassis.o
    0x20000768        -       0x00000001   Zero   RW         3332    .bss.Chassis_RC_Ctrl.rc_pause_flag  chassis.o
    0x20000769   COMPRESSED   0x00000007   PAD
    0x20000770        -       0x00000070   Zero   RW         3330    .bss.Chassis_Speed_pid_Rotate  chassis.o
    0x200007e0        -       0x00000004   Zero   RW         3360    .bss.Chassis_Task.currentTime  chassis_task.o
    0x200007e4        -       0x00000004   Zero   RW         3138    .bss.Chassis_Task_handle  init_task.o
    0x200007e8        -       0x00000008   Zero   RW         2514    .bss.Chassis_data_Rx  variate.o
    0x200007f0        -       0x00000008   Zero   RW         3333    .bss.Communication_Speed_Tx  chassis.o
    0x200007f8        -       0x00000004   Zero   RW         3233    .bss.Consumption    shoot.o
    0x200007fc        -       0x00000001   Zero   RW         2722    .bss.DM_R_Flag      dm_motor.o
    0x200007fd        -       0x0000000b   Zero   RW         2516    .bss.DeviceState    variate.o
    0x20000808        -       0x0000000c   Zero   RW         3128    .bss.Down_Dog       init_task.o
    0x20000814        -       0x00000004   Zero   RW         3284    .bss.FF_Yaw         gimbal.o
    0x20000818        -       0x00000014   Zero   RW         2724    .bss.GimPitch       dm_motor.o
    0x2000082c        -       0x00000014   Zero   RW         2723    .bss.GimYaw         dm_motor.o
    0x20000840        -       0x0000001c   Zero   RW         3283    .bss.Gimbal         gimbal.o
    0x2000085c        -       0x00000001   Zero   RW         3276    .bss.GimbalCtrl     gimbal.o
    0x2000085d        -       0x00000001   Zero   RW         2507    .bss.GimbalInitFlag  variate.o
    0x2000085e   COMPRESSED   0x00000002   PAD
    0x20000860        -       0x00000018   Zero   RW         3125    .bss.Gimbal_Dog     init_task.o
    0x20000878        -       0x00000001   Zero   RW         3282    .bss.Gimbal_Key_Ctrl.Key_F_flag  gimbal.o
    0x20000879   COMPRESSED   0x00000007   PAD
    0x20000880        -       0x00000150   Zero   RW         3279    .bss.Gimbal_Place_pid_Pitch  gimbal.o
    0x200009d0        -       0x00000150   Zero   RW         3277    .bss.Gimbal_Place_pid_Yaw  gimbal.o
    0x20000b20        -       0x00000001   Zero   RW         3281    .bss.Gimbal_RC_Ctrl.Rc_FNl_flag  gimbal.o
    0x20000b21   COMPRESSED   0x00000007   PAD
    0x20000b28        -       0x00000150   Zero   RW         3280    .bss.Gimbal_Speed_pid_Pitch  gimbal.o
    0x20000c78        -       0x00000150   Zero   RW         3278    .bss.Gimbal_Speed_pid_Yaw  gimbal.o
    0x20000dc8        -       0x00000004   Zero   RW         3298    .bss.Gimbal_Task.currentTime  gimbal_task.o
    0x20000dcc        -       0x00000004   Zero   RW         3135    .bss.Gimbal_Task_handle  init_task.o
    0x20000dd0        -       0x00000005   Zero   RW         2512    .bss.Gimbal_action  variate.o
    0x20000dd5   COMPRESSED   0x00000001   PAD
    0x20000dd6        -       0x00000008   Zero   RW         2511    .bss.Gimbal_data    variate.o
    0x20000dde   COMPRESSED   0x00000002   PAD
    0x20000de0        -       0x00000004   Zero   RW           62    .bss.HAL_RCC_CAN1_CLK_ENABLED  can.o
    0x20000de4        -       0x00000034   Zero   RW         3164    .bss.IMU            ins_task.o
    0x20000e18        -       0x0000000c   Zero   RW         3163    .bss.IMU_Dog        ins_task.o
    0x20000e24        -       0x00000048   Zero   RW         2636    .bss.IMU_QuaternionEKF_H  quaternionekf.o
    0x20000e6c        -       0x00000048   Zero   RW         2635    .bss.IMU_QuaternionEKF_K  quaternionekf.o
    0x20000eb4        -       0x0000003c   Zero   RW         3159    .bss.INS            ins_task.o
    0x20000ef0        -       0x00000004   Zero   RW           43    .bss.INSTaskHandle  freertos.o
    0x20000ef4        -       0x00000004   Zero   RW         3156    .bss.INS_DWT_Count  ins_task.o
    0x20000ef8        -       0x00000004   Zero   RW         3160    .bss.INS_Task.count  ins_task.o
    0x20000efc        -       0x00000004   Zero   RW           44    .bss.Init_TaskHandle  freertos.o
    0x20000f00        -       0x00000004   Zero   RW         3285    .bss.K_FF           gimbal.o
    0x20000f04        -       0x00000004   Zero   RW         2353    .bss.KernelState    cmsis_os2.o
    0x20000f08        -       0x00000001   Zero   RW         3336    .bss.Key_F_flag     chassis.o
    0x20000f09   COMPRESSED   0x00000003   PAD
    0x20000f0c        -       0x00000010   Zero   RW         2964    .bss.Key_ch         remote.o
    0x20000f1c        -       0x00000002   Zero   RW         3344    .bss.L_C            chassis.o
    0x20000f1e        -       0x00000002   Zero   RW         2986    .bss.Len            watchdog.o
    0x20000f20        -       0x0000002c   Zero   RW         2987    .bss.List           watchdog.o
    0x20000f4c        -       0x00000001   Zero   RW         3176    .bss.MainCtrl_Task.cnt  mainctrl_task.o
    0x20000f4d   COMPRESSED   0x00000003   PAD
    0x20000f50        -       0x00000004   Zero   RW         3175    .bss.MainCtrl_Task.currentTime  mainctrl_task.o
    0x20000f54        -       0x00000004   Zero   RW         3132    .bss.MainCtrl_Task_handle  init_task.o
    0x20000f58        -       0x00000004   Zero   RW         3286    .bss.MedianInit.Expect_PitchInit  gimbal.o
    0x20000f5c        -       0x00000004   Zero   RW         3287    .bss.MedianInit.Expect_YawInit  gimbal.o
    0x20000f60        -       0x00000001   Zero   RW         2510    .bss.MidMode        variate.o
    0x20000f61   COMPRESSED   0x00000001   PAD
    0x20000f62        -       0x00000002   Zero   RW         3328    .bss.Mid_Front      chassis.o
    0x20000f64        -       0x0000000c   Zero   RW         2965    .bss.Mouse_ch       remote.o
    0x20000f70        -       0x00000004   Zero   RW         3435    .bss.Music_Task.currentTime  task_music.o
    0x20000f74        -       0x00000002   Zero   RW         3434    .bss.Music_Task.tim  task_music.o
    0x20000f76   COMPRESSED   0x00000002   PAD
    0x20000f78        -       0x00000004   Zero   RW         3139    .bss.Music_Task_handle  init_task.o
    0x20000f7c        -       0x00000078   Zero   RW         3452    .bss.Notes          music.o
    0x20000ff4        -       0x0000000c   Zero   RW         3129    .bss.PC_Dog         init_task.o
    0x20001000        -       0x00000004   Zero   RW         3136    .bss.Plotter_Task_handle  init_task.o
    0x20001004        -       0x0000000c   Zero   RW         3127    .bss.Pluck_Dog      init_task.o
    0x20001010        -       0x00000014   Zero   RW         3224    .bss.Pluck_Motor    shoot.o
    0x20001024   COMPRESSED   0x00000004   PAD
    0x20001028        -       0x000001e0   Zero   RW         2634    .bss.QEKF_INS       quaternionekf.o
    0x20001208        -       0x00000002   Zero   RW         3343    .bss.R_C            chassis.o
    0x2000120a   COMPRESSED   0x00000002   PAD
    0x2000120c        -       0x0000000c   Zero   RW         3130    .bss.Referee_Dog    init_task.o
    0x20001218        -       0x00000008   Zero   RW         2513    .bss.Referee_data_Rx  variate.o
    0x20001220        -       0x00000001   Zero   RW         2967    .bss.RemoteMode     remote.o
    0x20001221   COMPRESSED   0x00000003   PAD
    0x20001224        -       0x0000000c   Zero   RW          347    .bss.Remote_Dog     stm32f4xx_it.o
    0x20001230        -       0x00000001   Zero   RW         3217    .bss.Running_Flag   shoot.o
    0x20001231   COMPRESSED   0x00000003   PAD
    0x20001234        -       0x00000038   Zero   RW         2897    .bss.RxHeader       candrive.o
    0x2000126c        -       0x00000010   Zero   RW         3222    .bss.SHOOT          shoot.o
    0x2000127c        -       0x00000018   Zero   RW         3126    .bss.Shoot_Dog      init_task.o
    0x20001294        -       0x00000002   Zero   RW         3223    .bss.Shoot_Key_Ctrl.shoot_tim  shoot.o
    0x20001296   COMPRESSED   0x00000002   PAD
    0x20001298        -       0x00000050   Zero   RW         3225    .bss.Shoot_Motor    shoot.o
    0x200012e8        -       0x00000004   Zero   RW         3247    .bss.Shoot_Task.currentTime  shoot_task.o
    0x200012ec        -       0x00000004   Zero   RW         3133    .bss.Shoot_Task_handle  init_task.o
    0x200012f0        -       0x00000004   Zero   RW         2506    .bss.StuckFlag      variate.o
    0x200012f4        -       0x00000002   Zero   RW         3221    .bss.Stuck_time     shoot.o
    0x200012f6   COMPRESSED   0x00000002   PAD
    0x200012f8        -       0x00000008   Zero   RW         2459    .bss.SysTime        bsp_dwt.o
    0x20001300        -       0x00000001   Zero   RW         2515    .bss.SystemState    variate.o
    0x20001301        -       0x000000aa   Zero   RW         3155    .bss.TempCtrl       ins_task.o
    0x200013ab   COMPRESSED   0x00000001   PAD
    0x200013ac        -       0x00000008   Zero   RW         2524    .bss.Time           time.o
    0x200013b4        -       0x00000001   Zero   RW         2819    .bss.USBD_SetConfig.cfgidx  usbd_ctlreq.o
    0x200013b5   COMPRESSED   0x00000003   PAD
    0x200013b8        -       0x00000200   Zero   RW          267    .bss.USBD_StrDesc   usbd_desc.o
    0x200015b8        -       0x00000220   Zero   RW          236    .bss.USBD_static_malloc.mem  usbd_conf.o
    0x200017d8        -       0x00000040   Zero   RW         3476    .bss.UsbReceiveData.data_buffer  usb_task.o
    0x20001818        -       0x00000800   Zero   RW          293    .bss.UserRxBufferFS  usbd_cdc_if.o
    0x20002018        -       0x00000800   Zero   RW          294    .bss.UserTxBufferFS  usbd_cdc_if.o
    0x20002818        -       0x0000018c   Zero   RW         3081    .bss.VT03           vt03.o
    0x200029a4        -       0x0000000c   Zero   RW         3131    .bss.VT03_Dog       init_task.o
    0x200029b0        -       0x00000004   Zero   RW         3137    .bss.VT03_Task_handle  init_task.o
    0x200029b4        -       0x00000002   Zero   RW         2664    .bss.caliCount      bmi088driver.o
    0x200029b6   COMPRESSED   0x00000002   PAD
    0x200029b8        -       0x00000004   Zero   RW         3231    .bss.cooling        shoot.o
    0x200029bc        -       0x00000004   Zero   RW         3161    .bss.dt             ins_task.o
    0x200029c0        -       0x00000001   Zero   RW         2665    .bss.error          bmi088driver.o
    0x200029c1   COMPRESSED   0x00000003   PAD
    0x200029c4        -       0x00000004   Zero   RW         2673    .bss.gNormDiff      bmi088driver.o
    0x200029c8        -       0x0000000c   Zero   RW         2672    .bss.gyroDiff       bmi088driver.o
    0x200029d4        -       0x000002dc   Zero   RW          166    .bss.hUsbDeviceFS   usb_device.o
    0x20002cb0        -       0x00000028   Zero   RW           60    .bss.hcan1          can.o
    0x20002cd8        -       0x00000028   Zero   RW           61    .bss.hcan2          can.o
    0x20002d00        -       0x00000060   Zero   RW          102    .bss.hdma_spi1_rx   spi.o
    0x20002d60        -       0x00000060   Zero   RW          103    .bss.hdma_spi1_tx   spi.o
    0x20002dc0        -       0x00000060   Zero   RW          153    .bss.hdma_usart1_rx  usart.o
    0x20002e20        -       0x00000060   Zero   RW          152    .bss.hdma_usart1_tx  usart.o
    0x20002e80        -       0x00000060   Zero   RW          154    .bss.hdma_usart3_rx  usart.o
    0x20002ee0        -       0x00000060   Zero   RW          155    .bss.hdma_usart6_rx  usart.o
    0x20002f40        -       0x00000004   Zero   RW         3230    .bss.heat_limit     shoot.o
    0x20002f44        -       0x00000004   Zero   RW         3232    .bss.heat_now       shoot.o
    0x20002f48        -       0x000004e4   Zero   RW          235    .bss.hpcd_USB_OTG_FS  usbd_conf.o
    0x2000342c        -       0x00000010   Zero   RW           86    .bss.hrng           rng.o
    0x2000343c        -       0x00000058   Zero   RW          101    .bss.hspi1          spi.o
    0x20003494        -       0x00000048   Zero   RW          130    .bss.htim10         tim.o
    0x200034dc        -       0x00000048   Zero   RW          370    .bss.htim2          stm32f4xx_hal_timebase_tim.o
    0x20003524        -       0x00000048   Zero   RW          128    .bss.htim3          tim.o
    0x2000356c        -       0x00000048   Zero   RW          129    .bss.htim4          tim.o
    0x200035b4        -       0x00000048   Zero   RW          149    .bss.huart1         usart.o
    0x200035fc        -       0x00000048   Zero   RW          150    .bss.huart3         usart.o
    0x20003644        -       0x00000048   Zero   RW          151    .bss.huart6         usart.o
    0x2000368c        -       0x00000004   Zero   RW         3453    .bss.last_note_id   music.o
    0x20003690        -       0x0000003c   Zero   RW         3411    .bss.plotter        plotter_task.o
    0x200036cc        -       0x000000a0   Zero   RW         2178    .bss.prvCheckForValidListAndQueue.ucStaticTimerQueueStorage  timers.o
    0x2000376c        -       0x00000050   Zero   RW         2177    .bss.prvCheckForValidListAndQueue.xStaticTimerQueue  timers.o
    0x200037bc        -       0x00000004   Zero   RW         2174    .bss.prvSampleTimeNow.xLastTime  timers.o
    0x200037c0        -       0x00000004   Zero   RW         2087    .bss.pxCurrentTCB   tasks.o
    0x200037c4        -       0x00000004   Zero   RW         2172    .bss.pxCurrentTimerList  timers.o
    0x200037c8        -       0x00000004   Zero   RW         2095    .bss.pxDelayedTaskList  tasks.o
    0x200037cc        -       0x00000004   Zero   RW         2383    .bss.pxEnd          heap_4.o
    0x200037d0        -       0x00000004   Zero   RW         2096    .bss.pxOverflowDelayedTaskList  tasks.o
    0x200037d4        -       0x00000004   Zero   RW         2173    .bss.pxOverflowTimerList  timers.o
    0x200037d8        -       0x00000460   Zero   RW         2098    .bss.pxReadyTasksLists  tasks.o
    0x20003c38        -       0x00000001   Zero   RW         2667    .bss.res            bmi088driver.o
    0x20003c39        -       0x00000048   Zero   RW         2609    .bss.sbus_rx_buf    remote_control.o
    0x20003c81   COMPRESSED   0x00000001   PAD
    0x20003c82        -       0x00000008   Zero   RW         3345    .bss.send_data      chassis.o
    0x20003c8a   COMPRESSED   0x00000002   PAD
    0x20003c8c        -       0x00000004   Zero   RW         3234    .bss.shoot_speed    shoot.o
    0x20003c90        -       0x00000002   Zero   RW         3235    .bss.shoot_time     shoot.o
    0x20003c92        -       0x00000002   Zero   RW         2551    .bss.sizeof_double  kalman_filter.o
    0x20003c94        -       0x00000002   Zero   RW         2550    .bss.sizeof_float   kalman_filter.o
    0x20003c96   COMPRESSED   0x00000002   PAD
    0x20003c98        -       0x00000004   Zero   RW         3451    .bss.start_time     music.o
    0x20003c9c        -       0x00000004   Zero   RW         3162    .bss.t              ins_task.o
    0x20003ca0        -       0x00006000   Zero   RW         2390    .bss.ucHeap         heap_4.o
    0x20009ca0        -       0x00000001   Zero   RW         2425    .bss.ucMaxSysCallPriority  port.o
    0x20009ca1   COMPRESSED   0x00000003   PAD
    0x20009ca4        -       0x00000004   Zero   RW         2426    .bss.ulMaxPRIGROUPValue  port.o
    0x20009ca8        -       0x00000004   Zero   RW         3134    .bss.usb_task_handle  init_task.o
    0x20009cac        -       0x00000004   Zero   RW         1337    .bss.uwTick         stm32f4xx_hal.o
    0x20009cb0        -       0x00000004   Zero   RW         2091    .bss.uxCurrentNumberOfTasks  tasks.o
    0x20009cb4        -       0x00000004   Zero   RW         2090    .bss.uxDeletedTasksWaitingCleanUp  tasks.o
    0x20009cb8        -       0x00000004   Zero   RW         2093    .bss.uxSchedulerSuspended  tasks.o
    0x20009cbc        -       0x00000004   Zero   RW         2088    .bss.uxTaskNumber   tasks.o
    0x20009cc0        -       0x00000004   Zero   RW         2099    .bss.uxTopReadyPriority  tasks.o
    0x20009cc4        -       0x00000200   Zero   RW         2356    .bss.vApplicationGetIdleTaskMemory.Idle_Stack  cmsis_os2.o
    0x20009ec4        -       0x0000005c   Zero   RW         2355    .bss.vApplicationGetIdleTaskMemory.Idle_TCB  cmsis_os2.o
    0x20009f20        -       0x00000400   Zero   RW         2358    .bss.vApplicationGetTimerTaskMemory.Timer_Stack  cmsis_os2.o
    0x2000a320        -       0x0000005c   Zero   RW         2357    .bss.vApplicationGetTimerTaskMemory.Timer_TCB  cmsis_os2.o
    0x2000a37c        -       0x00000001   Zero   RW         2668    .bss.write_reg_num  bmi088driver.o
    0x2000a37d   COMPRESSED   0x00000003   PAD
    0x2000a380        -       0x00000014   Zero   RW         2175    .bss.xActiveTimerList1  timers.o
    0x2000a394        -       0x00000014   Zero   RW         2176    .bss.xActiveTimerList2  timers.o
    0x2000a3a8        -       0x00000001   Zero   RW         2384    .bss.xBlockAllocatedBit  heap_4.o
    0x2000a3a9   COMPRESSED   0x00000003   PAD
    0x2000a3ac        -       0x00000014   Zero   RW         2106    .bss.xDelayedTaskList1  tasks.o
    0x2000a3c0        -       0x00000014   Zero   RW         2107    .bss.xDelayedTaskList2  tasks.o
    0x2000a3d4        -       0x00000004   Zero   RW         2385    .bss.xFreeBytesRemaining  heap_4.o
    0x2000a3d8        -       0x00000004   Zero   RW         2101    .bss.xIdleTaskHandle  tasks.o
    0x2000a3dc        -       0x00000004   Zero   RW         2387    .bss.xMinimumEverFreeBytesRemaining  heap_4.o
    0x2000a3e0        -       0x00000004   Zero   RW         2102    .bss.xNextTaskUnblockTime  tasks.o
    0x2000a3e4        -       0x00000004   Zero   RW         2105    .bss.xNumOfOverflows  tasks.o
    0x2000a3e8        -       0x00000004   Zero   RW         2388    .bss.xNumberOfSuccessfulAllocations  heap_4.o
    0x2000a3ec        -       0x00000004   Zero   RW         2389    .bss.xNumberOfSuccessfulFrees  heap_4.o
    0x2000a3f0        -       0x00000004   Zero   RW         2104    .bss.xPendedTicks   tasks.o
    0x2000a3f4        -       0x00000014   Zero   RW         2100    .bss.xPendingReadyList  tasks.o
    0x2000a408        -       0x00000040   Zero   RW         1890    .bss.xQueueRegistry  queue.o
    0x2000a448        -       0x00000004   Zero   RW         2092    .bss.xSchedulerRunning  tasks.o
    0x2000a44c        -       0x00000008   Zero   RW         2386    .bss.xStart         heap_4.o
    0x2000a454        -       0x00000014   Zero   RW         2097    .bss.xSuspendedTaskList  tasks.o
    0x2000a468        -       0x00000014   Zero   RW         2089    .bss.xTasksWaitingTermination  tasks.o
    0x2000a47c        -       0x00000004   Zero   RW         2094    .bss.xTickCount     tasks.o
    0x2000a480        -       0x00000004   Zero   RW         2170    .bss.xTimerQueue    timers.o
    0x2000a484        -       0x00000004   Zero   RW         2171    .bss.xTimerTaskHandle  timers.o
    0x2000a488        -       0x00000004   Zero   RW         2103    .bss.xYieldPending  tasks.o
    0x2000a48c   COMPRESSED   0x00000004   PAD
    0x2000a490        -       0x00004000   Zero   RW            2    HEAP                startup_stm32f407xx.o
    0x2000e490        -       0x00004000   Zero   RW            1    STACK               startup_stm32f407xx.o


    Execution Region RW_IRAM2 (Exec base: 0x2001c000, Load base: 0x08011090, Size: 0x00000000, Max: 0x00004000, ABSOLUTE)

    **** No section assigned to this execution region ****


==============================================================================

Image component sizes


      Code (inc. data)   RO Data    RW Data    ZI Data      Debug   Object Name

      2416         48         36          9         97       8045   bmi088driver.o
       126          0          0          0          4       4142   bmi088middleware.o
       172          4          0          0          0        968   bsp_buzzer.o
       542          8          0          0         36       3733   bsp_dwt.o
        52          4          0          0          0       3885   bsp_pwm.o
       142          0          0          0          0       1260   bsp_rc.o
       504         12          0          0          0       1646   callback_function.o
       410          0          0          0         84       6436   can.o
       148          0          0          0        128       4161   candrive.o
      2256         72          0         24        271       5913   chassis.o
        44          0          0          0          4        652   chassis_task.o
       474          0          0          0       1724      42767   cmsis_os2.o
      1452         12          0          0          0      10266   controller.o
       196          0        768          2          0       4051   crc.o
       210         12          0          0         41       7555   dm_motor.o
       154          0          0          0          0       3321   dma.o
        96          0         90          0          8       2710   freertos.o
       316          4          0          0          0       2851   function.o
      2990        100          0          0       1399       7058   gimbal.o
        80          0          0          0          4        784   gimbal_task.o
       510          0          0          0          0       4214   gpio.o
       676          0          0          0      24605       4735   heap_4.o
       616        108          0          0        140       1643   init_task.o
       652         52         16          4        310       3818   ins_task.o
      2178          0          0          0          4       6053   kalman_filter.o
       150          0          0          0          0       2213   list.o
       268          0          0          0          0       3376   main.o
       272          0          0          0          5       1082   mainctrl_task.o
       228          4          0          0          0       3943   motor.o
       322         12          0          8        128       1497   music.o
       696          4          0          0          0       3540   pid.o
       108          0          0          0          0      10884   plotter.o
        88          0          4          0         60      16375   plotter_task.o
       872         16          0          4          5       3822   port.o
      2652         52        144        144        624       8225   quaternionekf.o
      1754          0          0          0         64      22607   queue.o
       740         24          0         24         29       2742   remote.o
        22          0          0          0         72       1215   remote_control.o
       106          0          0          0         16       4422   rng.o
      2314         70          0        158        152       8390   shoot.o
        48          0          0          0          4        725   shoot_task.o
       388          0          0          0        280       5145   spi.o
        36          8        392          0      32768        828   startup_stm32f407xx.o
       132          0          0          5          4       7306   stm32f4xx_hal.o
      1624          6          0          0          0      13175   stm32f4xx_hal_can.o
       204          0          0          0          0      10978   stm32f4xx_hal_cortex.o
      1052         12          0          0          0       9248   stm32f4xx_hal_dma.o
       448          0          0          0          0       5177   stm32f4xx_hal_gpio.o
        70          0          0          0          0       3339   stm32f4xx_hal_msp.o
      2890          0          0          0          0      15926   stm32f4xx_hal_pcd.o
        90          0          0          0          0       4395   stm32f4xx_hal_pcd_ex.o
      1438          0          0          0          0       7258   stm32f4xx_hal_rcc.o
       138          0          0          0          0       4348   stm32f4xx_hal_rng.o
      1042          0          0          0          0      20767   stm32f4xx_hal_spi.o
      2168          4          0          0          0      44523   stm32f4xx_hal_tim.o
       188          0          0          0          0      19147   stm32f4xx_hal_tim_ex.o
       170          0          0          0         72       7216   stm32f4xx_hal_timebase_tim.o
      2470          0          0          0          0      24569   stm32f4xx_hal_uart.o
       438          0          0          0         12       3717   stm32f4xx_it.o
      2660          0          0          0          0      23855   stm32f4xx_ll_usb.o
        18          0         24          4          0       2594   system_stm32f4xx.o
        82          0          0          0          6        905   task_music.o
      3448          8          0          0       1280      31507   tasks.o
       738          0          0          0        216       8929   tim.o
        86          0          0          0          8       3844   time.o
      1174         26          0          0        300      14848   timers.o
       858          0          0          0        600       7625   usart.o
       110          0          0          0        732       3065   usb_device.o
       522          8          0         81         64       2751   usb_task.o
      1276         12          0        133          0      11649   usbd_cdc.o
       186          0          0         20       4096       3389   usbd_cdc_if.o
       686          0          0          0       1796      16598   usbd_conf.o
       932          0          0          0          0      10061   usbd_core.o
      1482         24          0          0          1      10131   usbd_ctlreq.o
       322         72          0         76        512       3431   usbd_desc.o
       128          0          0          0          0       4697   usbd_ioreq.o
       614          0          0          0          0       6958   user_lib.o
         0          0          0          0         47       2542   variate.o
       816          8          0        832        396      16298   vt03.o
       112          0          0          0         46       1560   watchdog.o

    ----------------------------------------------------------------------
     59796        810       1508       1540      73344     632024   Object Totals
         0          0         32          0          0          0   (incl. Generated)
       508          4          2         12         90          0   (incl. Padding)

    ----------------------------------------------------------------------

      Code (inc. data)   RO Data    RW Data    ZI Data      Debug   Library Member Name

         0          0       2052          0          0       4704   arm_common_tables.o
       120         12          0          0          0      18614   arm_cos_f32.o
       264          0          0          0          0       1826   arm_mat_add_f32.o
         8          0          0          0          0        999   arm_mat_init_f32.o
      1328          4          0          0          0       4782   arm_mat_inverse_f32.o
       316          4          0          0          0       2375   arm_mat_mult_f32.o
       264          0          0          0          0       1826   arm_mat_sub_f32.o
       276          0          0          0          0       2240   arm_mat_trans_f32.o
       148         18          0          0          0        814   arm_sin_f32.o
       280         46          0          0          0        176   acosf.o
       300         42          0          0          0        176   asinf.o
       684         90          0          0          0        208   atan2f.o
        38          0          0          0          0        116   fpclassifyf.o
        44         12          0          0          0        464   funder.o
       120          0          0          0          0        272   sqrtf.o
        86          0          0          0          0          0   __dczerorl2.o
        32          8          0          0          0         80   cpp_init.o
         0          0          0          0          0          0   entry.o
         0          0          0          0          0          0   entry10a.o
         0          0          0          0          0          0   entry11a.o
         8          4          0          0          0          0   entry2.o
         4          0          0          0          0          0   entry5.o
         0          0          0          0          0          0   entry7b.o
         4          0          0          0          0          0   entry8a.o
         0          0          0          0          0          0   entry8b.o
         8          4          0          0          0          0   entry9a.o
        12          6          0          4          0         68   errno.o
        30          0          0          0          0          0   handlers.o
        36          8          0          0          0         68   init.o
         0          0          0          0          0          0   iusefp.o
        30          0          0          0          0         68   llshl.o
        36          0          0          0          0         68   llsshr.o
        32          0          0          0          0         68   llushr.o
       108         16          0          0          0         84   malloc.o
        26          0          0          0          0         80   memcmp.o
        36          0          0          0          0         68   memcpya.o
        36          0          0          0          0        108   memseta.o
         0          0          0          8          0          0   mvars.o
        98          0          0          0          0         92   uldiv.o
        56          0          0          0          0         88   d2f.o
       334          0          0          0          0        148   dadd.o
       222          0          0          0          0        100   ddiv.o
       186          0          0          0          0        176   depilogue.o
        62          0          0          0          0         80   dfixi.o
        26          0          0          0          0         76   dfltui.o
       228          0          0          0          0         96   dmul.o
        38          0          0          0          0         68   f2d.o
       110          0          0          0          0        168   fepilogue.o
        28          0          0          0          0         84   ffltul.o

    ----------------------------------------------------------------------
      6112        274       2052         12          0      41528   Library Totals
        10          0          0          0          0          0   (incl. Padding)

    ----------------------------------------------------------------------

      Code (inc. data)   RO Data    RW Data    ZI Data      Debug   Library Name

      2724         38       2052          0          0      38180   arm_cortexM4lf_math.lib
      1466        190          0          0          0       1412   m_wm.l
       622         46          0         12          0        852   mc_w.l
      1290          0          0          0          0       1084   mf_w.l

    ----------------------------------------------------------------------
      6112        274       2052         12          0      41528   Library Totals

    ----------------------------------------------------------------------

==============================================================================


      Code (inc. data)   RO Data    RW Data    ZI Data      Debug   

     65908       1084       3560       1552      73344     670468   Grand Totals
     65908       1084       3560        304      73344     670468   ELF Image Totals (compressed)
     65908       1084       3560        304          0          0   ROM Totals

==============================================================================

    Total RO  Size (Code + RO Data)                69468 (  67.84kB)
    Total RW  Size (RW Data + ZI Data)             74896 (  73.14kB)
    Total ROM Size (Code + RO Data + RW Data)      69772 (  68.14kB)

==============================================================================

