Component: ARM Compiler 6.16 Tool: armlink [5dfeaa00]

==============================================================================

Section Cross References

    startup_stm32f407xx.o(STACK) refers (Special) to heapauxi.o(.text) for __use_two_region_memory
    startup_stm32f407xx.o(HEAP) refers (Special) to heapauxi.o(.text) for __use_two_region_memory
    startup_stm32f407xx.o(RESET) refers (Special) to heapauxi.o(.text) for __use_two_region_memory
    startup_stm32f407xx.o(RESET) refers to startup_stm32f407xx.o(STACK) for __initial_sp
    startup_stm32f407xx.o(RESET) refers to startup_stm32f407xx.o(.text) for Reset_Handler
    startup_stm32f407xx.o(RESET) refers to stm32f4xx_it.o(.text.NMI_Handler) for NMI_Handler
    startup_stm32f407xx.o(RESET) refers to stm32f4xx_it.o(.text.HardFault_Handler) for HardFault_Handler
    startup_stm32f407xx.o(RESET) refers to stm32f4xx_it.o(.text.MemManage_Handler) for MemManage_Handler
    startup_stm32f407xx.o(RESET) refers to stm32f4xx_it.o(.text.BusFault_Handler) for BusFault_Handler
    startup_stm32f407xx.o(RESET) refers to stm32f4xx_it.o(.text.UsageFault_Handler) for UsageFault_Handler
    startup_stm32f407xx.o(RESET) refers to port.o(.text.SVC_Handler) for SVC_Handler
    startup_stm32f407xx.o(RESET) refers to stm32f4xx_it.o(.text.DebugMon_Handler) for DebugMon_Handler
    startup_stm32f407xx.o(RESET) refers to port.o(.text.PendSV_Handler) for PendSV_Handler
    startup_stm32f407xx.o(RESET) refers to cmsis_os2.o(.text.SysTick_Handler) for SysTick_Handler
    startup_stm32f407xx.o(RESET) refers to stm32f4xx_it.o(.text.EXTI3_IRQHandler) for EXTI3_IRQHandler
    startup_stm32f407xx.o(RESET) refers to stm32f4xx_it.o(.text.EXTI4_IRQHandler) for EXTI4_IRQHandler
    startup_stm32f407xx.o(RESET) refers to stm32f4xx_it.o(.text.DMA1_Stream1_IRQHandler) for DMA1_Stream1_IRQHandler
    startup_stm32f407xx.o(RESET) refers to stm32f4xx_it.o(.text.CAN1_RX0_IRQHandler) for CAN1_RX0_IRQHandler
    startup_stm32f407xx.o(RESET) refers to stm32f4xx_it.o(.text.EXTI9_5_IRQHandler) for EXTI9_5_IRQHandler
    startup_stm32f407xx.o(RESET) refers to stm32f4xx_it.o(.text.TIM2_IRQHandler) for TIM2_IRQHandler
    startup_stm32f407xx.o(RESET) refers to stm32f4xx_it.o(.text.TIM3_IRQHandler) for TIM3_IRQHandler
    startup_stm32f407xx.o(RESET) refers to stm32f4xx_it.o(.text.USART1_IRQHandler) for USART1_IRQHandler
    startup_stm32f407xx.o(RESET) refers to stm32f4xx_it.o(.text.USART3_IRQHandler) for USART3_IRQHandler
    startup_stm32f407xx.o(RESET) refers to stm32f4xx_it.o(.text.CAN2_RX1_IRQHandler) for CAN2_RX1_IRQHandler
    startup_stm32f407xx.o(RESET) refers to stm32f4xx_it.o(.text.OTG_FS_IRQHandler) for OTG_FS_IRQHandler
    startup_stm32f407xx.o(RESET) refers to stm32f4xx_it.o(.text.DMA2_Stream5_IRQHandler) for DMA2_Stream5_IRQHandler
    startup_stm32f407xx.o(RESET) refers to stm32f4xx_it.o(.text.DMA2_Stream7_IRQHandler) for DMA2_Stream7_IRQHandler
    startup_stm32f407xx.o(RESET) refers to stm32f4xx_it.o(.text.HASH_RNG_IRQHandler) for HASH_RNG_IRQHandler
    startup_stm32f407xx.o(.text) refers (Special) to heapauxi.o(.text) for __use_two_region_memory
    startup_stm32f407xx.o(.text) refers to system_stm32f4xx.o(.text.SystemInit) for SystemInit
    startup_stm32f407xx.o(.text) refers to __main.o(!!!main) for __main
    startup_stm32f407xx.o(.text) refers to startup_stm32f407xx.o(HEAP) for Heap_Mem
    startup_stm32f407xx.o(.text) refers to startup_stm32f407xx.o(STACK) for Stack_Mem
    main.o(.text.main) refers to stm32f4xx_hal.o(.text.HAL_Init) for HAL_Init
    main.o(.text.main) refers to main.o(.text.SystemClock_Config) for SystemClock_Config
    main.o(.text.main) refers to gpio.o(.text.MX_GPIO_Init) for MX_GPIO_Init
    main.o(.text.main) refers to dma.o(.text.MX_DMA_Init) for MX_DMA_Init
    main.o(.text.main) refers to spi.o(.text.MX_SPI1_Init) for MX_SPI1_Init
    main.o(.text.main) refers to tim.o(.text.MX_TIM10_Init) for MX_TIM10_Init
    main.o(.text.main) refers to can.o(.text.MX_CAN1_Init) for MX_CAN1_Init
    main.o(.text.main) refers to can.o(.text.MX_CAN2_Init) for MX_CAN2_Init
    main.o(.text.main) refers to tim.o(.text.MX_TIM3_Init) for MX_TIM3_Init
    main.o(.text.main) refers to usart.o(.text.MX_USART3_UART_Init) for MX_USART3_UART_Init
    main.o(.text.main) refers to usart.o(.text.MX_USART1_UART_Init) for MX_USART1_UART_Init
    main.o(.text.main) refers to tim.o(.text.MX_TIM4_Init) for MX_TIM4_Init
    main.o(.text.main) refers to rng.o(.text.MX_RNG_Init) for MX_RNG_Init
    main.o(.text.main) refers to cmsis_os2.o(.text.osKernelInitialize) for osKernelInitialize
    main.o(.text.main) refers to freertos.o(.text.MX_FREERTOS_Init) for MX_FREERTOS_Init
    main.o(.text.main) refers to cmsis_os2.o(.text.osKernelStart) for osKernelStart
    main.o(.ARM.exidx.text.main) refers to main.o(.text.main) for [Anonymous Symbol]
    main.o(.text.SystemClock_Config) refers to rt_memclr_w.o(.text) for __aeabi_memclr4
[...]
    TIM_OC2_SetConfig                        0x0800608d   Thumb Code   244  stm32f4xx_hal_tim.o(.text.TIM_OC2_SetConfig)
    USART1_IRQHandler                        0x080067d5   Thumb Code    16  stm32f4xx_it.o(.text.USART1_IRQHandler)
    USART3_IRQHandler                        0x080067e5   Thumb Code    16  stm32f4xx_it.o(.text.USART3_IRQHandler)
    USBD_CDC_GetDeviceQualifierDescriptor    0x08006abd   Thumb Code    22  usbd_cdc.o(.text.USBD_CDC_GetDeviceQualifierDescriptor)
    USBD_CDC_ReceivePacket                   0x08006e39   Thumb Code   126  usbd_cdc.o(.text.USBD_CDC_ReceivePacket)
    USBD_CDC_RegisterInterface               0x08006eb9   Thumb Code    52  usbd_cdc.o(.text.USBD_CDC_RegisterInterface)
    USBD_CDC_SetRxBuffer                     0x08006eed   Thumb Code    60  usbd_cdc.o(.text.USBD_CDC_SetRxBuffer)
    USBD_CDC_SetTxBuffer                     0x08006f29   Thumb Code    70  usbd_cdc.o(.text.USBD_CDC_SetTxBuffer)
    USBD_ClrClassConfig                      0x0800713d   Thumb Code    50  usbd_core.o(.text.USBD_ClrClassConfig)
    USBD_CoreFindEP                          0x080071b1   Thumb Code    14  usbd_core.o(.text.USBD_CoreFindEP)
    USBD_CoreFindIF                          0x080071c1   Thumb Code    14  usbd_core.o(.text.USBD_CoreFindIF)
    USBD_CtlContinueRx                       0x080071d1   Thumb Code    30  usbd_ioreq.o(.text.USBD_CtlContinueRx)
    USBD_CtlContinueSendData                 0x080071f1   Thumb Code    30  usbd_ioreq.o(.text.USBD_CtlContinueSendData)
    USBD_CtlError                            0x08007211   Thumb Code    28  usbd_ctlreq.o(.text.USBD_CtlError)
    USBD_CtlPrepareRx                        0x0800722d   Thumb Code    54  usbd_ioreq.o(.text.USBD_CtlPrepareRx)
    USBD_CtlReceiveStatus                    0x08007265   Thumb Code    34  usbd_ioreq.o(.text.USBD_CtlReceiveStatus)
    USBD_CtlSendData                         0x08007289   Thumb Code    50  usbd_ioreq.o(.text.USBD_CtlSendData)
    USBD_CtlSendStatus                       0x080072bd   Thumb Code    34  usbd_ioreq.o(.text.USBD_CtlSendStatus)
    USBD_FS_ConfigStrDescriptor              0x080072e1   Thumb Code    78  usbd_desc.o(.text.USBD_FS_ConfigStrDescriptor)
    USBD_FS_DeviceDescriptor                 0x08007331   Thumb Code    26  usbd_desc.o(.text.USBD_FS_DeviceDescriptor)
    USBD_FS_InterfaceStrDescriptor           0x0800734d   Thumb Code    78  usbd_desc.o(.text.USBD_FS_InterfaceStrDescriptor)
    USBD_FS_LangIDStrDescriptor              0x0800739d   Thumb Code    26  usbd_desc.o(.text.USBD_FS_LangIDStrDescriptor)
    USBD_FS_ManufacturerStrDescriptor        0x080073b9   Thumb Code    40  usbd_desc.o(.text.USBD_FS_ManufacturerStrDescriptor)
    USBD_FS_ProductStrDescriptor             0x080073e1   Thumb Code    78  usbd_desc.o(.text.USBD_FS_ProductStrDescriptor)
    USBD_FS_SerialStrDescriptor              0x08007431   Thumb Code    32  usbd_desc.o(.text.USBD_FS_SerialStrDescriptor)
    USBD_GetEpDesc                           0x0800778d   Thumb Code   118  usbd_core.o(.text.USBD_GetEpDesc)
    USBD_GetNextDesc                         0x08007839   Thumb Code    38  usbd_core.o(.text.USBD_GetNextDesc)
    USBD_GetString                           0x080078c5   Thumb Code   188  usbd_ctlreq.o(.text.USBD_GetString)
    USBD_Get_USB_Status                      0x08007981   Thumb Code    82  usbd_conf.o(.text.USBD_Get_USB_Status)
    USBD_Init                                0x080079d5   Thumb Code   106  usbd_core.o(.text.USBD_Init)
    USBD_LL_ClearStallEP                     0x08007a41   Thumb Code    58  usbd_conf.o(.text.USBD_LL_ClearStallEP)
    USBD_LL_CloseEP                          0x08007a7d   Thumb Code    58  usbd_conf.o(.text.USBD_LL_CloseEP)
    USBD_LL_DataInStage                      0x08007ab9   Thumb Code   400  usbd_core.o(.text.USBD_LL_DataInStage)
    USBD_LL_DataOutStage                     0x08007c49   Thumb Code   434  usbd_core.o(.text.USBD_LL_DataOutStage)
    USBD_LL_DevConnected                     0x08007dfd   Thumb Code    10  usbd_core.o(.text.USBD_LL_DevConnected)
    USBD_LL_DevDisconnected                  0x08007e09   Thumb Code    64  usbd_core.o(.text.USBD_LL_DevDisconnected)
    USBD_LL_GetRxDataSize                    0x08007e49   Thumb Code    28  usbd_conf.o(.text.USBD_LL_GetRxDataSize)
    USBD_LL_Init                             0x08007e65   Thumb Code   126  usbd_conf.o(.text.USBD_LL_Init)
    USBD_LL_IsStallEP                        0x08007ee5   Thumb Code    90  usbd_conf.o(.text.USBD_LL_IsStallEP)
    USBD_LL_IsoINIncomplete                  0x08007f41   Thumb Code   110  usbd_core.o(.text.USBD_LL_IsoINIncomplete)
    USBD_LL_IsoOUTIncomplete                 0x08007fb1   Thumb Code   110  usbd_core.o(.text.USBD_LL_IsoOUTIncomplete)
    USBD_LL_OpenEP                           0x08008021   Thumb Code    74  usbd_conf.o(.text.USBD_LL_OpenEP)
    USBD_LL_PrepareReceive                   0x0800806d   Thumb Code    66  usbd_conf.o(.text.USBD_LL_PrepareReceive)
    USBD_LL_Reset                            0x080080b1   Thumb Code   156  usbd_core.o(.text.USBD_LL_Reset)
    USBD_LL_Resume                           0x0800814d   Thumb Code    36  usbd_core.o(.text.USBD_LL_Resume)
    USBD_LL_SOF                              0x08008171   Thumb Code    62  usbd_core.o(.text.USBD_LL_SOF)
    USBD_LL_SetSpeed                         0x080081b1   Thumb Code    22  usbd_core.o(.text.USBD_LL_SetSpeed)
    USBD_LL_SetUSBAddress                    0x080081c9   Thumb Code    58  usbd_conf.o(.text.USBD_LL_SetUSBAddress)
    USBD_LL_SetupStage                       0x08008205   Thumb Code   148  usbd_core.o(.text.USBD_LL_SetupStage)
    USBD_LL_StallEP                          0x08008299   Thumb Code    58  usbd_conf.o(.text.USBD_LL_StallEP)
    USBD_LL_Start                            0x080082d5   Thumb Code    50  usbd_conf.o(.text.USBD_LL_Start)
    USBD_LL_Suspend                          0x08008309   Thumb Code    44  usbd_core.o(.text.USBD_LL_Suspend)
    USBD_LL_Transmit                         0x08008335   Thumb Code    66  usbd_conf.o(.text.USBD_LL_Transmit)
    USBD_ParseSetupRequest                   0x08008379   Thumb Code    98  usbd_ctlreq.o(.text.USBD_ParseSetupRequest)
    USBD_RegisterClass                       0x080083dd   Thumb Code   114  usbd_core.o(.text.USBD_RegisterClass)
    USBD_RunTestMode                         0x08008451   Thumb Code    10  usbd_core.o(.text.USBD_RunTestMode)
    USBD_SetClassConfig                      0x080084e9   Thumb Code    54  usbd_core.o(.text.USBD_SetClassConfig)
    USBD_Start                               0x080086f1   Thumb Code    16  usbd_core.o(.text.USBD_Start)
    USBD_StdDevReq                           0x08008701   Thumb Code   204  usbd_ctlreq.o(.text.USBD_StdDevReq)
    USBD_StdEPReq                            0x080087cd   Thumb Code   940  usbd_ctlreq.o(.text.USBD_StdEPReq)
    USBD_StdItfReq                           0x08008b79   Thumb Code   244  usbd_ctlreq.o(.text.USBD_StdItfReq)
    USBD_static_free                         0x08008c6d   Thumb Code     8  usbd_conf.o(.text.USBD_static_free)
    USBD_static_malloc                       0x08008c75   Thumb Code    16  usbd_conf.o(.text.USBD_static_malloc)
    USB_ActivateEndpoint                     0x08008c85   Thumb Code   222  stm32f4xx_ll_usb.o(.text.USB_ActivateEndpoint)
    USB_ActivateSetup                        0x08008d65   Thumb Code    44  stm32f4xx_ll_usb.o(.text.USB_ActivateSetup)
    USB_CoreInit                             0x08008d91   Thumb Code   214  stm32f4xx_ll_usb.o(.text.USB_CoreInit)
    USB_DeactivateEndpoint                   0x08008ee1   Thumb Code   326  stm32f4xx_ll_usb.o(.text.USB_DeactivateEndpoint)
    USB_DevConnect                           0x08009029   Thumb Code    42  stm32f4xx_ll_usb.o(.text.USB_DevConnect)
    USB_DevDisconnect                        0x08009055   Thumb Code    42  stm32f4xx_ll_usb.o(.text.USB_DevDisconnect)
    USB_DevInit                              0x08009081   Thumb Code   666  stm32f4xx_ll_usb.o(.text.USB_DevInit)
    USB_DisableGlobalInt                     0x0800931d   Thumb Code    20  stm32f4xx_ll_usb.o(.text.USB_DisableGlobalInt)
    USB_EP0_OutStart                         0x08009331   Thumb Code   158  stm32f4xx_ll_usb.o(.text.USB_EP0_OutStart)
    USB_EPClearStall                         0x080093d1   Thumb Code   160  stm32f4xx_ll_usb.o(.text.USB_EPClearStall)
    USB_EPSetStall                           0x08009471   Thumb Code   168  stm32f4xx_ll_usb.o(.text.USB_EPSetStall)
    USB_EPStartXfer                          0x08009519   Thumb Code  1016  stm32f4xx_ll_usb.o(.text.USB_EPStartXfer)
    USB_EPStopXfer                           0x08009911   Thumb Code   284  stm32f4xx_ll_usb.o(.text.USB_EPStopXfer)
    USB_EnableGlobalInt                      0x08009a2d   Thumb Code    20  stm32f4xx_ll_usb.o(.text.USB_EnableGlobalInt)
    USB_FlushRxFifo                          0x08009a41   Thumb Code   116  stm32f4xx_ll_usb.o(.text.USB_FlushRxFifo)
    USB_FlushTxFifo                          0x08009ab5   Thumb Code   122  stm32f4xx_ll_usb.o(.text.USB_FlushTxFifo)
    USB_GetDevSpeed                          0x08009b31   Thumb Code    76  stm32f4xx_ll_usb.o(.text.USB_GetDevSpeed)
    USB_GetMode                              0x08009b7d   Thumb Code    16  stm32f4xx_ll_usb.o(.text.USB_GetMode)
    USB_ReadDevAllInEpInterrupt              0x08009b8d   Thumb Code    36  stm32f4xx_ll_usb.o(.text.USB_ReadDevAllInEpInterrupt)
    USB_ReadDevAllOutEpInterrupt             0x08009bb1   Thumb Code    36  stm32f4xx_ll_usb.o(.text.USB_ReadDevAllOutEpInterrupt)
    USB_ReadDevInEPInterrupt                 0x08009bd5   Thumb Code    78  stm32f4xx_ll_usb.o(.text.USB_ReadDevInEPInterrupt)
    USB_ReadDevOutEPInterrupt                0x08009c25   Thumb Code    46  stm32f4xx_ll_usb.o(.text.USB_ReadDevOutEPInterrupt)
    USB_ReadInterrupts                       0x08009c55   Thumb Code    26  stm32f4xx_ll_usb.o(.text.USB_ReadInterrupts)
    USB_ReadPacket                           0x08009c71   Thumb Code   180  stm32f4xx_ll_usb.o(.text.USB_ReadPacket)
    USB_SetCurrentMode                       0x08009d25   Thumb Code   222  stm32f4xx_ll_usb.o(.text.USB_SetCurrentMode)
    USB_SetDevAddress                        0x08009e05   Thumb Code    54  stm32f4xx_ll_usb.o(.text.USB_SetDevAddress)
    USB_SetDevSpeed                          0x08009e3d   Thumb Code    34  stm32f4xx_ll_usb.o(.text.USB_SetDevSpeed)
    USB_SetTurnaroundTime                    0x08009e61   Thumb Code   442  stm32f4xx_ll_usb.o(.text.USB_SetTurnaroundTime)
    USB_WritePacket                          0x0800a01d   Thumb Code   130  stm32f4xx_ll_usb.o(.text.USB_WritePacket)
    UsageFault_Handler                       0x0800a0a1   Thumb Code     4  stm32f4xx_it.o(.text.UsageFault_Handler)
    main                                     0x0800a1a9   Thumb Code    76  main.o(.text.main)
    osDelay                                  0x0800a1f5   Thumb Code    52  cmsis_os2.o(.text.osDelay)
    osKernelInitialize                       0x0800a229   Thumb Code    70  cmsis_os2.o(.text.osKernelInitialize)
    osKernelStart                            0x0800a271   Thumb Code    82  cmsis_os2.o(.text.osKernelStart)
    osThreadNew                              0x0800a2c5   Thumb Code   346  cmsis_os2.o(.text.osThreadNew)
    pvPortMalloc                             0x0800b2d1   Thumb Code   492  heap_4.o(.text.pvPortMalloc)
    pxPortInitialiseStack                    0x0800b4bd   Thumb Code    94  port.o(.text.pxPortInitialiseStack)
    uxListRemove                             0x0800b51d   Thumb Code    72  list.o(.text.uxListRemove)
    vApplicationGetIdleTaskMemory            0x0800b565   Thumb Code    42  cmsis_os2.o(.text.vApplicationGetIdleTaskMemory)
    vApplicationGetTimerTaskMemory           0x0800b591   Thumb Code    44  cmsis_os2.o(.text.vApplicationGetTimerTaskMemory)
    vListInitialise                          0x0800b5bd   Thumb Code    46  list.o(.text.vListInitialise)
    vListInitialiseItem                      0x0800b5ed   Thumb Code    14  list.o(.text.vListInitialiseItem)
    vListInsert                              0x0800b5fd   Thumb Code   106  list.o(.text.vListInsert)
    vListInsertEnd                           0x0800b669   Thumb Code    58  list.o(.text.vListInsertEnd)
    vPortEnterCritical                       0x0800b6b9   Thumb Code    86  port.o(.text.vPortEnterCritical)
    vPortExitCritical                        0x0800b711   Thumb Code    74  port.o(.text.vPortExitCritical)
    vPortFree                                0x0800b75d   Thumb Code   206  heap_4.o(.text.vPortFree)
    vPortSetupTimerInterrupt                 0x0800b82d   Thumb Code    68  port.o(.text.vPortSetupTimerInterrupt)
    vPortValidateInterruptPriority           0x0800b871   Thumb Code   132  port.o(.text.vPortValidateInterruptPriority)
    vQueueAddToRegistry                      0x0800b8f5   Thumb Code    82  queue.o(.text.vQueueAddToRegistry)
    vQueueWaitForMessageRestricted           0x0800b949   Thumb Code   100  queue.o(.text.vQueueWaitForMessageRestricted)
    vTaskDelay                               0x0800b9ad   Thumb Code   110  tasks.o(.text.vTaskDelay)
    vTaskInternalSetTimeOutState             0x0800ba1d   Thumb Code    36  tasks.o(.text.vTaskInternalSetTimeOutState)
    vTaskMissedYield                         0x0800ba41   Thumb Code    14  tasks.o(.text.vTaskMissedYield)
    vTaskPlaceOnEventList                    0x0800ba51   Thumb Code    66  tasks.o(.text.vTaskPlaceOnEventList)
    vTaskPlaceOnEventListRestricted          0x0800ba95   Thumb Code    82  tasks.o(.text.vTaskPlaceOnEventListRestricted)
    vTaskStartScheduler                      0x0800bae9   Thumb Code   224  tasks.o(.text.vTaskStartScheduler)
    vTaskSuspendAll                          0x0800bbc9   Thumb Code    16  tasks.o(.text.vTaskSuspendAll)
    vTaskSwitchContext                       0x0800bbd9   Thumb Code   198  tasks.o(.text.vTaskSwitchContext)
    xPortStartScheduler                      0x0800bca1   Thumb Code   342  port.o(.text.xPortStartScheduler)
    xPortSysTickHandler                      0x0800bdf9   Thumb Code    60  port.o(.text.xPortSysTickHandler)
    xQueueGenericCreateStatic                0x0800be35   Thumb Code   270  queue.o(.text.xQueueGenericCreateStatic)
    xQueueGenericReset                       0x0800bf45   Thumb Code   186  queue.o(.text.xQueueGenericReset)
    xQueueGenericSend                        0x0800c001   Thumb Code   556  queue.o(.text.xQueueGenericSend)
    xQueueGenericSendFromISR                 0x0800c22d   Thumb Code   332  queue.o(.text.xQueueGenericSendFromISR)
    xQueueReceive                            0x0800c379   Thumb Code   476  queue.o(.text.xQueueReceive)
    xTaskCheckForTimeOut                     0x0800c555   Thumb Code   246  tasks.o(.text.xTaskCheckForTimeOut)
    xTaskCreate                              0x0800c64d   Thumb Code   158  tasks.o(.text.xTaskCreate)
    xTaskCreateStatic                        0x0800c6ed   Thumb Code   206  tasks.o(.text.xTaskCreateStatic)
    xTaskGetSchedulerState                   0x0800c7bd   Thumb Code    56  tasks.o(.text.xTaskGetSchedulerState)
    xTaskGetTickCount                        0x0800c7f5   Thumb Code    20  tasks.o(.text.xTaskGetTickCount)
    xTaskIncrementTick                       0x0800c809   Thumb Code   452  tasks.o(.text.xTaskIncrementTick)
    xTaskPriorityDisinherit                  0x0800c9cd   Thumb Code   236  tasks.o(.text.xTaskPriorityDisinherit)
    xTaskRemoveFromEventList                 0x0800cab9   Thumb Code   206  tasks.o(.text.xTaskRemoveFromEventList)
    xTaskResumeAll                           0x0800cb89   Thumb Code   390  tasks.o(.text.xTaskResumeAll)
    xTimerCreateTimerTask                    0x0800cd11   Thumb Code   148  timers.o(.text.xTimerCreateTimerTask)
    xTimerGenericCommand                     0x0800cda5   Thumb Code   176  timers.o(.text.xTimerGenericCommand)
    _fp_init                                 0x0800ce55   Thumb Code    26  fpinit.o(x$fpl$fpinit)
    __fplib_config_fpu_vfp                   0x0800ce6d   Thumb Code     0  fpinit.o(x$fpl$fpinit)
    __fplib_config_pureend_doubles           0x0800ce6d   Thumb Code     0  fpinit.o(x$fpl$fpinit)
    AHBPrescTable                            0x0800ce6e   Data          16  system_stm32f4xx.o(.rodata.AHBPrescTable)
    APBPrescTable                            0x0800ce7e   Data           8  system_stm32f4xx.o(.rodata.APBPrescTable)
    INSTask_attributes                       0x0800ce90   Data          36  freertos.o(.rodata.INSTask_attributes)
    Init_Task_attributes                     0x0800ceb4   Data          36  freertos.o(.rodata.Init_Task_attributes)
    Region$$Table$$Base                      0x0800cf40   Number         0  anon$$obj.o(Region$$Table)
    Region$$Table$$Limit                     0x0800cf60   Number         0  anon$$obj.o(Region$$Table)
    FS_Desc                                  0x20000004   Data          28  usbd_desc.o(.data.FS_Desc)
    SystemCoreClock                          0x20000020   Data           4  system_stm32f4xx.o(.data.SystemCoreClock)
    USBD_CDC                                 0x20000024   Data          56  usbd_cdc.o(.data.USBD_CDC)
    USBD_FS_DeviceDesc                       0x200000ac   Data          18  usbd_desc.o(.data.USBD_FS_DeviceDesc)
    USBD_Interface_fops_FS                   0x200000c0   Data          20  usbd_cdc_if.o(.data.USBD_Interface_fops_FS)
    USBD_LangIDDesc                          0x200000d4   Data           4  usbd_desc.o(.data.USBD_LangIDDesc)
    USBD_StringSerial                        0x200000d8   Data          26  usbd_desc.o(.data.USBD_StringSerial)
    uwTickFreq                               0x200000f2   Data           1  stm32f4xx_hal.o(.data.uwTickFreq)
    uwTickPrio                               0x200000f4   Data           4  stm32f4xx_hal.o(.data.uwTickPrio)
    __libspace_start                         0x20000100   Data          96  libspace.o(.bss)
    __temporary_stack_top$libspace           0x20000160   Data           0  libspace.o(.bss)
    INSTaskHandle                            0x20000164   Data           4  freertos.o(.bss.INSTaskHandle)
    Init_TaskHandle                          0x20000168   Data           4  freertos.o(.bss.Init_TaskHandle)
    USBD_StrDesc                             0x20000174   Data         512  usbd_desc.o(.bss.USBD_StrDesc)
    UserRxBufferFS                           0x20000594   Data        2048  usbd_cdc_if.o(.bss.UserRxBufferFS)
    UserTxBufferFS                           0x20000d94   Data        2048  usbd_cdc_if.o(.bss.UserTxBufferFS)
    hUsbDeviceFS                             0x20001594   Data         732  usb_device.o(.bss.hUsbDeviceFS)
    hcan1                                    0x20001870   Data          40  can.o(.bss.hcan1)
    hcan2                                    0x20001898   Data          40  can.o(.bss.hcan2)
    hdma_spi1_rx                             0x200018c0   Data          96  spi.o(.bss.hdma_spi1_rx)
    hdma_spi1_tx                             0x20001920   Data          96  spi.o(.bss.hdma_spi1_tx)
    hdma_usart1_rx                           0x20001980   Data          96  usart.o(.bss.hdma_usart1_rx)
    hdma_usart1_tx                           0x200019e0   Data          96  usart.o(.bss.hdma_usart1_tx)
    hdma_usart3_rx                           0x20001a40   Data          96  usart.o(.bss.hdma_usart3_rx)
    hpcd_USB_OTG_FS                          0x20001aa0   Data        1252  usbd_conf.o(.bss.hpcd_USB_OTG_FS)
    hrng                                     0x20001f84   Data          16  rng.o(.bss.hrng)
    hspi1                                    0x20001f94   Data          88  spi.o(.bss.hspi1)
    htim10                                   0x20001fec   Data          72  tim.o(.bss.htim10)
    htim2                                    0x20002034   Data          72  stm32f4xx_hal_timebase_tim.o(.bss.htim2)
    htim3                                    0x2000207c   Data          72  tim.o(.bss.htim3)
    htim4                                    0x200020c4   Data          72  tim.o(.bss.htim4)
    huart1                                   0x2000210c   Data          72  usart.o(.bss.huart1)
    huart3                                   0x20002154   Data          72  usart.o(.bss.huart3)
    pxCurrentTCB                             0x20002290   Data           4  tasks.o(.bss.pxCurrentTCB)
    uwTick                                   0x20008710   Data           4  stm32f4xx_hal.o(.bss.uwTick)
    xQueueRegistry                           0x20008e68   Data          64  queue.o(.bss.xQueueRegistry)



==============================================================================

Memory Map of the image

  Image Entry point : 0x08000189

  Load Region LR_IROM1 (Base: 0x08000000, Size: 0x0000d060, Max: 0x00100000, ABSOLUTE)

    Execution Region ER_IROM1 (Exec base: 0x08000000, Load base: 0x08000000, Size: 0x0000cf60, Max: 0x00100000, ABSOLUTE)

    Exec Addr    Load Addr    Size         Type   Attr      Idx    E Section Name        Object

    0x08000000   0x08000000   0x00000188   Data   RO            3    RESET               startup_stm32f407xx.o
    0x08000188   0x08000188   0x00000008   Code   RO         2578  * !!!main             c_w.l(__main.o)
    0x08000190   0x08000190   0x00000034   Code   RO         2753    !!!scatter          c_w.l(__scatter.o)
    0x080001c4   0x080001c4   0x0000001a   Code   RO         2755    !!handler_copy      c_w.l(__scatter_copy.o)
    0x080001de   0x080001de   0x00000002   PAD
    0x080001e0   0x080001e0   0x0000001c   Code   RO         2757    !!handler_zi        c_w.l(__scatter_zi.o)
    0x080001fc   0x080001fc   0x00000002   Code   RO         2617    .ARM.Collect$$libinit$$00000000  c_w.l(libinit.o)
    0x080001fe   0x080001fe   0x00000004   Code   RO         2629    .ARM.Collect$$libinit$$00000001  c_w.l(libinit2.o)
    0x08000202   0x08000202   0x00000000   Code   RO         2632    .ARM.Collect$$libinit$$00000004  c_w.l(libinit2.o)
    0x08000202   0x08000202   0x00000000   Code   RO         2635    .ARM.Collect$$libinit$$0000000A  c_w.l(libinit2.o)
    0x08000202   0x08000202   0x00000000   Code   RO         2637    .ARM.Collect$$libinit$$0000000C  c_w.l(libinit2.o)
    0x08000202   0x08000202   0x00000000   Code   RO         2639    .ARM.Collect$$libinit$$0000000E  c_w.l(libinit2.o)
    0x08000202   0x08000202   0x00000000   Code   RO         2642    .ARM.Collect$$libinit$$00000011  c_w.l(libinit2.o)
    0x08000202   0x08000202   0x00000000   Code   RO         2644    .ARM.Collect$$libinit$$00000013  c_w.l(libinit2.o)
    0x08000202   0x08000202   0x00000000   Code   RO         2646    .ARM.Collect$$libinit$$00000015  c_w.l(libinit2.o)
    0x08000202   0x08000202   0x00000000   Code   RO         2648    .ARM.Collect$$libinit$$00000017  c_w.l(libinit2.o)
    0x08000202   0x08000202   0x00000000   Code   RO         2650    .ARM.Collect$$libinit$$00000019  c_w.l(libinit2.o)
    0x08000202   0x08000202   0x00000000   Code   RO         2652    .ARM.Collect$$libinit$$0000001B  c_w.l(libinit2.o)
    0x08000202   0x08000202   0x00000000   Code   RO         2654    .ARM.Collect$$libinit$$0000001D  c_w.l(libinit2.o)
    0x08000202   0x08000202   0x00000000   Code   RO         2656    .ARM.Collect$$libinit$$0000001F  c_w.l(libinit2.o)
    0x08000202   0x08000202   0x00000000   Code   RO         2658    .ARM.Collect$$libinit$$00000021  c_w.l(libinit2.o)
    0x08000202   0x08000202   0x00000000   Code   RO         2660    .ARM.Collect$$libinit$$00000023  c_w.l(libinit2.o)
    0x08000202   0x08000202   0x00000000   Code   RO         2662    .ARM.Collect$$libinit$$00000025  c_w.l(libinit2.o)
    0x08000202   0x08000202   0x00000000   Code   RO         2666    .ARM.Collect$$libinit$$0000002C  c_w.l(libinit2.o)
    0x08000202   0x08000202   0x00000000   Code   RO         2668    .ARM.Collect$$libinit$$0000002E  c_w.l(libinit2.o)
    0x08000202   0x08000202   0x00000000   Code   RO         2670    .ARM.Collect$$libinit$$00000030  c_w.l(libinit2.o)
    0x08000202   0x08000202   0x00000000   Code   RO         2672    .ARM.Collect$$libinit$$00000032  c_w.l(libinit2.o)
    0x08000202   0x08000202   0x00000002   Code   RO         2673    .ARM.Collect$$libinit$$00000033  c_w.l(libinit2.o)
    0x08000204   0x08000204   0x00000002   Code   RO         2708    .ARM.Collect$$libshutdown$$00000000  c_w.l(libshutdown.o)
    0x08000206   0x08000206   0x00000000   Code   RO         2736    .ARM.Collect$$libshutdown$$00000002  c_w.l(libshutdown2.o)
    0x08000206   0x08000206   0x00000000   Code   RO         2738    .ARM.Collect$$libshutdown$$00000004  c_w.l(libshutdown2.o)
    0x08000206   0x08000206   0x00000000   Code   RO         2741    .ARM.Collect$$libshutdown$$00000007  c_w.l(libshutdown2.o)
    0x08000206   0x08000206   0x00000000   Code   RO         2744    .ARM.Collect$$libshutdown$$0000000A  c_w.l(libshutdown2.o)
    0x08000206   0x08000206   0x00000000   Code   RO         2746    .ARM.Collect$$libshutdown$$0000000C  c_w.l(libshutdown2.o)
    0x08000206   0x08000206   0x00000000   Code   RO         2749    .ARM.Collect$$libshutdown$$0000000F  c_w.l(libshutdown2.o)
    0x08000206   0x08000206   0x00000002   Code   RO         2750    .ARM.Collect$$libshutdown$$00000010  c_w.l(libshutdown2.o)
    0x08000208   0x08000208   0x00000000   Code   RO         2580    .ARM.Collect$$rtentry$$00000000  c_w.l(__rtentry.o)
    0x08000208   0x08000208   0x00000000   Code   RO         2588    .ARM.Collect$$rtentry$$00000002  c_w.l(__rtentry2.o)
    0x08000208   0x08000208   0x00000006   Code   RO         2600    .ARM.Collect$$rtentry$$00000004  c_w.l(__rtentry4.o)
    0x0800020e   0x0800020e   0x00000000   Code   RO         2590    .ARM.Collect$$rtentry$$00000009  c_w.l(__rtentry2.o)
    0x0800020e   0x0800020e   0x00000004   Code   RO         2591    .ARM.Collect$$rtentry$$0000000A  c_w.l(__rtentry2.o)
    0x08000212   0x08000212   0x00000000   Code   RO         2593    .ARM.Collect$$rtentry$$0000000C  c_w.l(__rtentry2.o)
    0x08000212   0x08000212   0x00000008   Code   RO         2594    .ARM.Collect$$rtentry$$0000000D  c_w.l(__rtentry2.o)
    0x0800021a   0x0800021a   0x00000002   Code   RO         2621    .ARM.Collect$$rtexit$$00000000  c_w.l(rtexit.o)
    0x0800021c   0x0800021c   0x00000000   Code   RO         2679    .ARM.Collect$$rtexit$$00000002  c_w.l(rtexit2.o)
    0x0800021c   0x0800021c   0x00000004   Code   RO         2680    .ARM.Collect$$rtexit$$00000003  c_w.l(rtexit2.o)
    0x08000220   0x08000220   0x00000006   Code   RO         2681    .ARM.Collect$$rtexit$$00000004  c_w.l(rtexit2.o)
    0x08000226   0x08000226   0x00000002   PAD
    0x08000228   0x08000228   0x00000040   Code   RO            4    .text               startup_stm32f407xx.o
    0x08000268   0x08000268   0x000000f0   Code   RO         2562    .text               c_w.l(lludivv7m.o)
    0x08000358   0x08000358   0x0000008a   Code   RO         2566    .text               c_w.l(rt_memcpy_v6.o)
    0x080003e2   0x080003e2   0x00000010   Code   RO         2570    .text               c_w.l(aeabi_memset4.o)
    0x080003f2   0x080003f2   0x0000004e   Code   RO         2574    .text               c_w.l(rt_memclr_w.o)
    0x08000440   0x08000440   0x00000006   Code   RO         2576    .text               c_w.l(heapauxi.o)
    0x08000446   0x08000446   0x00000064   Code   RO         2585    .text               c_w.l(rt_memcpy_w.o)
    0x080004aa   0x080004aa   0x0000004a   Code   RO         2604    .text               c_w.l(sys_stackheap_outer.o)
    0x080004f4   0x080004f4   0x00000012   Code   RO         2606    .text               c_w.l(exit.o)
    0x08000506   0x08000506   0x00000002   PAD
    0x08000508   0x08000508   0x00000008   Code   RO         2618    .text               c_w.l(libspace.o)
    0x08000510   0x08000510   0x0000000c   Code   RO         2674    .text               c_w.l(sys_exit.o)
    0x0800051c   0x0800051c   0x00000002   Code   RO         2697    .text               c_w.l(use_no_semi.o)
    0x0800051e   0x0800051e   0x00000000   Code   RO         2699    .text               c_w.l(indicate_semi.o)
    0x0800051e   0x0800051e   0x00000002   PAD
    0x08000520   0x08000520   0x00000004   Code   RO          294    .text.BusFault_Handler  stm32f4xx_it.o
    0x08000524   0x08000524   0x00000010   Code   RO          306    .text.CAN1_RX0_IRQHandler  stm32f4xx_it.o
    0x08000534   0x08000534   0x00000010   Code   RO          318    .text.CAN2_RX1_IRQHandler  stm32f4xx_it.o
    0x08000544   0x08000544   0x0000005c   Code   RO          270    .text.CDC_Control_FS  usbd_cdc_if.o
    0x080005a0   0x080005a0   0x00000004   Code   RO          268    .text.CDC_DeInit_FS  usbd_cdc_if.o
    0x080005a4   0x080005a4   0x00000032   Code   RO          266    .text.CDC_Init_FS   usbd_cdc_if.o
    0x080005d6   0x080005d6   0x00000002   PAD
    0x080005d8   0x080005d8   0x00000024   Code   RO          272    .text.CDC_Receive_FS  usbd_cdc_if.o
    0x080005fc   0x080005fc   0x00000018   Code   RO          274    .text.CDC_TransmitCplt_FS  usbd_cdc_if.o
    0x08000614   0x08000614   0x00000010   Code   RO          304    .text.DMA1_Stream1_IRQHandler  stm32f4xx_it.o
    0x08000624   0x08000624   0x00000010   Code   RO          322    .text.DMA2_Stream5_IRQHandler  stm32f4xx_it.o
    0x08000634   0x08000634   0x00000010   Code   RO          324    .text.DMA2_Stream7_IRQHandler  stm32f4xx_it.o
    0x08000644   0x08000644   0x00000056   Code   RO         1074    .text.DMA_CalcBaseAndBitshift  stm32f4xx_hal_dma.o
    0x0800069a   0x0800069a   0x00000002   PAD
    0x0800069c   0x0800069c   0x000000f0   Code   RO         1072    .text.DMA_CheckFifoParam  stm32f4xx_hal_dma.o
    0x0800078c   0x0800078c   0x00000002   Code   RO          298    .text.DebugMon_Handler  stm32f4xx_it.o
    0x0800078e   0x0800078e   0x00000002   PAD
    0x08000790   0x08000790   0x0000000a   Code   RO          300    .text.EXTI3_IRQHandler  stm32f4xx_it.o
    0x0800079a   0x0800079a   0x00000002   PAD
    0x0800079c   0x0800079c   0x0000000a   Code   RO          302    .text.EXTI4_IRQHandler  stm32f4xx_it.o
    0x080007a6   0x080007a6   0x00000002   PAD
    0x080007a8   0x080007a8   0x00000016   Code   RO          308    .text.EXTI9_5_IRQHandler  stm32f4xx_it.o
    0x080007be   0x080007be   0x00000002   PAD
    0x080007c0   0x080007c0   0x00000006   Code   RO           15    .text.Error_Handler  main.o
    0x080007c6   0x080007c6   0x00000002   PAD
    0x080007c8   0x080007c8   0x0000005c   Code   RO          249    .text.Get_SerialNum  usbd_desc.o
    0x08000824   0x08000824   0x00000008   Code   RO         1398    .text.HAL_CAN_ErrorCallback  stm32f4xx_hal_can.o
    0x0800082c   0x0800082c   0x000003f2   Code   RO         1372    .text.HAL_CAN_IRQHandler  stm32f4xx_hal_can.o
    0x08000c1e   0x08000c1e   0x00000002   PAD
    0x08000c20   0x08000c20   0x000001de   Code   RO         1334    .text.HAL_CAN_Init  stm32f4xx_hal_can.o
    0x08000dfe   0x08000dfe   0x00000002   PAD
    0x08000e00   0x08000e00   0x00000184   Code   RO           57    .text.HAL_CAN_MspInit  can.o
    0x08000f84   0x08000f84   0x00000008   Code   RO         1386    .text.HAL_CAN_RxFifo0FullCallback  stm32f4xx_hal_can.o
    0x08000f8c   0x08000f8c   0x00000008   Code   RO         1388    .text.HAL_CAN_RxFifo0MsgPendingCallback  stm32f4xx_hal_can.o
    0x08000f94   0x08000f94   0x00000008   Code   RO         1390    .text.HAL_CAN_RxFifo1FullCallback  stm32f4xx_hal_can.o
    0x08000f9c   0x08000f9c   0x00000008   Code   RO         1392    .text.HAL_CAN_RxFifo1MsgPendingCallback  stm32f4xx_hal_can.o
    0x08000fa4   0x08000fa4   0x00000008   Code   RO         1394    .text.HAL_CAN_SleepCallback  stm32f4xx_hal_can.o
    0x08000fac   0x08000fac   0x00000008   Code   RO         1376    .text.HAL_CAN_TxMailbox0AbortCallback  stm32f4xx_hal_can.o
    0x08000fb4   0x08000fb4   0x00000008   Code   RO         1374    .text.HAL_CAN_TxMailbox0CompleteCallback  stm32f4xx_hal_can.o
    0x08000fbc   0x08000fbc   0x00000008   Code   RO         1380    .text.HAL_CAN_TxMailbox1AbortCallback  stm32f4xx_hal_can.o
    0x08000fc4   0x08000fc4   0x00000008   Code   RO         1378    .text.HAL_CAN_TxMailbox1CompleteCallback  stm32f4xx_hal_can.o
    0x08000fcc   0x08000fcc   0x00000008   Code   RO         1384    .text.HAL_CAN_TxMailbox2AbortCallback  stm32f4xx_hal_can.o
    0x08000fd4   0x08000fd4   0x00000008   Code   RO         1382    .text.HAL_CAN_TxMailbox2CompleteCallback  stm32f4xx_hal_can.o
    0x08000fdc   0x08000fdc   0x00000008   Code   RO         1396    .text.HAL_CAN_WakeUpFromRxMsgCallback  stm32f4xx_hal_can.o
    0x08000fe4   0x08000fe4   0x000000ec   Code   RO         1084    .text.HAL_DMA_Abort  stm32f4xx_hal_dma.o
    0x080010d0   0x080010d0   0x00000044   Code   RO         1086    .text.HAL_DMA_Abort_IT  stm32f4xx_hal_dma.o
    0x08001114   0x08001114   0x0000031e   Code   RO         1090    .text.HAL_DMA_IRQHandler  stm32f4xx_hal_dma.o
    0x08001432   0x08001432   0x00000002   PAD
    0x08001434   0x08001434   0x0000016e   Code   RO         1070    .text.HAL_DMA_Init  stm32f4xx_hal_dma.o
    0x080015a2   0x080015a2   0x00000002   PAD
    0x080015a4   0x080015a4   0x00000042   Code   RO         1265    .text.HAL_Delay     stm32f4xx_hal.o
    0x080015e6   0x080015e6   0x00000002   PAD
    0x080015e8   0x080015e8   0x0000000a   Code   RO         1046    .text.HAL_GPIO_EXTI_Callback  stm32f4xx_hal_gpio.o
    0x080015f2   0x080015f2   0x00000002   PAD
    0x080015f4   0x080015f4   0x00000038   Code   RO         1044    .text.HAL_GPIO_EXTI_IRQHandler  stm32f4xx_hal_gpio.o
    0x0800162c   0x0800162c   0x000003b6   Code   RO         1032    .text.HAL_GPIO_Init  stm32f4xx_hal_gpio.o
    0x080019e2   0x080019e2   0x00000002   PAD
    0x080019e4   0x080019e4   0x0000002e   Code   RO         1038    .text.HAL_GPIO_WritePin  stm32f4xx_hal_gpio.o
    0x08001a12   0x08001a12   0x00000002   PAD
    0x08001a14   0x08001a14   0x0000000c   Code   RO         1257    .text.HAL_GetTick   stm32f4xx_hal.o
    0x08001a20   0x08001a20   0x0000001a   Code   RO         1255    .text.HAL_IncTick   stm32f4xx_hal.o
    0x08001a3a   0x08001a3a   0x00000002   PAD
    0x08001a3c   0x08001a3c   0x0000003c   Code   RO         1245    .text.HAL_Init      stm32f4xx_hal.o
    0x08001a78   0x08001a78   0x000000ec   Code   RO          343    .text.HAL_InitTick  stm32f4xx_hal_timebase_tim.o
    0x08001b64   0x08001b64   0x00000058   Code   RO          335    .text.HAL_MspInit   stm32f4xx_hal_msp.o
    0x08001bbc   0x08001bbc   0x00000014   Code   RO         1180    .text.HAL_NVIC_EnableIRQ  stm32f4xx_hal_cortex.o
    0x08001bd0   0x08001bd0   0x00000032   Code   RO         1172    .text.HAL_NVIC_SetPriority  stm32f4xx_hal_cortex.o
    0x08001c02   0x08001c02   0x00000002   PAD
    0x08001c04   0x08001c04   0x00000010   Code   RO         1168    .text.HAL_NVIC_SetPriorityGrouping  stm32f4xx_hal_cortex.o
    0x08001c14   0x08001c14   0x0000000c   Code   RO          780    .text.HAL_PCDEx_LPM_Callback  stm32f4xx_hal_pcd_ex.o
    0x08001c20   0x08001c20   0x00000018   Code   RO          778    .text.HAL_PCDEx_SetRxFiFo  stm32f4xx_hal_pcd_ex.o
    0x08001c38   0x08001c38   0x0000009c   Code   RO          776    .text.HAL_PCDEx_SetTxFiFo  stm32f4xx_hal_pcd_ex.o
    0x08001cd4   0x08001cd4   0x00000014   Code   RO          186    .text.HAL_PCD_ConnectCallback  usbd_conf.o
    0x08001ce8   0x08001ce8   0x00000026   Code   RO          172    .text.HAL_PCD_DataInStageCallback  usbd_conf.o
    0x08001d0e   0x08001d0e   0x00000002   PAD
    0x08001d10   0x08001d10   0x00000028   Code   RO          170    .text.HAL_PCD_DataOutStageCallback  usbd_conf.o
    0x08001d38   0x08001d38   0x00000014   Code   RO          188    .text.HAL_PCD_DisconnectCallback  usbd_conf.o
    0x08001d4c   0x08001d4c   0x0000005e   Code   RO          727    .text.HAL_PCD_EP_Abort  stm32f4xx_hal_pcd.o
    0x08001daa   0x08001daa   0x00000002   PAD
    0x08001dac   0x08001dac   0x000000a8   Code   RO          747    .text.HAL_PCD_EP_Close  stm32f4xx_hal_pcd.o
    0x08001e54   0x08001e54   0x000000c8   Code   RO          757    .text.HAL_PCD_EP_ClrStall  stm32f4xx_hal_pcd.o
    0x08001f1c   0x08001f1c   0x00000022   Code   RO          751    .text.HAL_PCD_EP_GetRxCount  stm32f4xx_hal_pcd.o
    0x08001f3e   0x08001f3e   0x00000002   PAD
    0x08001f40   0x08001f40   0x000000ee   Code   RO          745    .text.HAL_PCD_EP_Open  stm32f4xx_hal_pcd.o
    0x0800202e   0x0800202e   0x00000002   PAD
    0x08002030   0x08002030   0x0000006c   Code   RO          749    .text.HAL_PCD_EP_Receive  stm32f4xx_hal_pcd.o
    0x0800209c   0x0800209c   0x000000de   Code   RO          755    .text.HAL_PCD_EP_SetStall  stm32f4xx_hal_pcd.o
    0x0800217a   0x0800217a   0x00000002   PAD
    0x0800217c   0x0800217c   0x0000006c   Code   RO          753    .text.HAL_PCD_EP_Transmit  stm32f4xx_hal_pcd.o
    0x080021e8   0x080021e8   0x00000838   Code   RO          705    .text.HAL_PCD_IRQHandler  stm32f4xx_hal_pcd.o
    0x08002a20   0x08002a20   0x0000001c   Code   RO          184    .text.HAL_PCD_ISOINIncompleteCallback  usbd_conf.o
    0x08002a3c   0x08002a3c   0x0000001c   Code   RO          182    .text.HAL_PCD_ISOOUTIncompleteCallback  usbd_conf.o
    0x08002a58   0x08002a58   0x00000242   Code   RO          693    .text.HAL_PCD_Init  stm32f4xx_hal_pcd.o
    0x08002c9a   0x08002c9a   0x00000002   PAD
    0x08002c9c   0x08002c9c   0x000000b0   Code   RO          164    .text.HAL_PCD_MspInit  usbd_conf.o
    0x08002d4c   0x08002d4c   0x00000052   Code   RO          176    .text.HAL_PCD_ResetCallback  usbd_conf.o
    0x08002d9e   0x08002d9e   0x00000002   PAD
    0x08002da0   0x08002da0   0x00000014   Code   RO          180    .text.HAL_PCD_ResumeCallback  usbd_conf.o
    0x08002db4   0x08002db4   0x00000014   Code   RO          174    .text.HAL_PCD_SOFCallback  usbd_conf.o
    0x08002dc8   0x08002dc8   0x0000005c   Code   RO          743    .text.HAL_PCD_SetAddress  stm32f4xx_hal_pcd.o
    0x08002e24   0x08002e24   0x00000018   Code   RO          168    .text.HAL_PCD_SetupStageCallback  usbd_conf.o
    0x08002e3c   0x08002e3c   0x0000007c   Code   RO          701    .text.HAL_PCD_Start  stm32f4xx_hal_pcd.o
    0x08002eb8   0x08002eb8   0x0000003e   Code   RO          178    .text.HAL_PCD_SuspendCallback  usbd_conf.o
    0x08002ef6   0x08002ef6   0x00000002   PAD
    0x08002ef8   0x08002ef8   0x00000262   Code   RO          900    .text.HAL_RCC_ClockConfig  stm32f4xx_hal_rcc.o
    0x0800315a   0x0800315a   0x00000002   PAD
    0x0800315c   0x0800315c   0x00000054   Code   RO          918    .text.HAL_RCC_GetClockConfig  stm32f4xx_hal_rcc.o
    0x080031b0   0x080031b0   0x0000000c   Code   RO          910    .text.HAL_RCC_GetHCLKFreq  stm32f4xx_hal_rcc.o
    0x080031bc   0x080031bc   0x00000022   Code   RO          912    .text.HAL_RCC_GetPCLK1Freq  stm32f4xx_hal_rcc.o
    0x080031de   0x080031de   0x00000002   PAD
    0x080031e0   0x080031e0   0x00000022   Code   RO          914    .text.HAL_RCC_GetPCLK2Freq  stm32f4xx_hal_rcc.o
    0x08003202   0x08003202   0x00000002   PAD
    0x08003204   0x08003204   0x000000e6   Code   RO          902    .text.HAL_RCC_GetSysClockFreq  stm32f4xx_hal_rcc.o
    0x080032ea   0x080032ea   0x00000002   PAD
    0x080032ec   0x080032ec   0x000006be   Code   RO          898    .text.HAL_RCC_OscConfig  stm32f4xx_hal_rcc.o
    0x080039aa   0x080039aa   0x00000002   PAD
    0x080039ac   0x080039ac   0x00000008   Code   RO         1431    .text.HAL_RNG_ErrorCallback  stm32f4xx_hal_rng.o
    0x080039b4   0x080039b4   0x000000b0   Code   RO         1429    .text.HAL_RNG_IRQHandler  stm32f4xx_hal_rng.o
    0x08003a64   0x08003a64   0x00000056   Code   RO         1413    .text.HAL_RNG_Init  stm32f4xx_hal_rng.o
    0x08003aba   0x08003aba   0x00000002   PAD
    0x08003abc   0x08003abc   0x00000052   Code   RO           81    .text.HAL_RNG_MspInit  rng.o
    0x08003b0e   0x08003b0e   0x00000002   PAD
    0x08003b10   0x08003b10   0x0000000a   Code   RO         1433    .text.HAL_RNG_ReadyDataCallback  stm32f4xx_hal_rng.o
    0x08003b1a   0x08003b1a   0x00000002   PAD
    0x08003b1c   0x08003b1c   0x00000100   Code   RO         1448    .text.HAL_SPI_Init  stm32f4xx_hal_spi.o
    0x08003c1c   0x08003c1c   0x00000194   Code   RO           95    .text.HAL_SPI_MspInit  spi.o
    0x08003db0   0x08003db0   0x00000008   Code   RO          680    .text.HAL_TIMEx_BreakCallback  stm32f4xx_hal_tim_ex.o
    0x08003db8   0x08003db8   0x00000008   Code   RO          676    .text.HAL_TIMEx_CommutCallback  stm32f4xx_hal_tim_ex.o
    0x08003dc0   0x08003dc0   0x00000122   Code   RO          670    .text.HAL_TIMEx_MasterConfigSynchronization  stm32f4xx_hal_tim_ex.o
    0x08003ee2   0x08003ee2   0x00000002   PAD
    0x08003ee4   0x08003ee4   0x0000009c   Code   RO          357    .text.HAL_TIM_Base_Init  stm32f4xx_hal_tim.o
    0x08003f80   0x08003f80   0x0000008a   Code   RO          117    .text.HAL_TIM_Base_MspInit  tim.o
    0x0800400a   0x0800400a   0x00000002   PAD
    0x0800400c   0x0800400c   0x000000f6   Code   RO          371    .text.HAL_TIM_Base_Start_IT  stm32f4xx_hal_tim.o
    0x08004102   0x08004102   0x00000002   PAD
    0x08004104   0x08004104   0x00000184   Code   RO          549    .text.HAL_TIM_ConfigClockSource  stm32f4xx_hal_tim.o
    0x08004288   0x08004288   0x00000008   Code   RO          493    .text.HAL_TIM_IC_CaptureCallback  stm32f4xx_hal_tim.o
    0x08004290   0x08004290   0x0000021a   Code   RO          491    .text.HAL_TIM_IRQHandler  stm32f4xx_hal_tim.o
    0x080044aa   0x080044aa   0x00000002   PAD
    0x080044ac   0x080044ac   0x000000c6   Code   RO          113    .text.HAL_TIM_MspPostInit  tim.o
    0x08004572   0x08004572   0x00000002   PAD
    0x08004574   0x08004574   0x00000008   Code   RO          495    .text.HAL_TIM_OC_DelayElapsedCallback  stm32f4xx_hal_tim.o
    0x0800457c   0x0800457c   0x00000142   Code   RO          523    .text.HAL_TIM_PWM_ConfigChannel  stm32f4xx_hal_tim.o
    0x080046be   0x080046be   0x00000002   PAD
    0x080046c0   0x080046c0   0x0000009c   Code   RO          411    .text.HAL_TIM_PWM_Init  stm32f4xx_hal_tim.o
    0x0800475c   0x0800475c   0x0000003e   Code   RO          119    .text.HAL_TIM_PWM_MspInit  tim.o
    0x0800479a   0x0800479a   0x00000002   PAD
    0x0800479c   0x0800479c   0x00000008   Code   RO          497    .text.HAL_TIM_PWM_PulseFinishedCallback  stm32f4xx_hal_tim.o
    0x080047a4   0x080047a4   0x0000001c   Code   RO           17    .text.HAL_TIM_PeriodElapsedCallback  main.o
    0x080047c0   0x080047c0   0x00000008   Code   RO          501    .text.HAL_TIM_TriggerCallback  stm32f4xx_hal_tim.o
    0x080047c8   0x080047c8   0x0000000c   Code   RO         1657    .text.HAL_UARTEx_RxEventCallback  stm32f4xx_hal_uart.o
    0x080047d4   0x080047d4   0x00000008   Code   RO         1655    .text.HAL_UART_ErrorCallback  stm32f4xx_hal_uart.o
    0x080047dc   0x080047dc   0x0000042c   Code   RO         1649    .text.HAL_UART_IRQHandler  stm32f4xx_hal_uart.o
    0x08004c08   0x08004c08   0x0000009e   Code   RO         1565    .text.HAL_UART_Init  stm32f4xx_hal_uart.o
    0x08004ca6   0x08004ca6   0x00000002   PAD
    0x08004ca8   0x08004ca8   0x0000028a   Code   RO          139    .text.HAL_UART_MspInit  usart.o
    0x08004f32   0x08004f32   0x00000002   PAD
    0x08004f34   0x08004f34   0x00000008   Code   RO         1667    .text.HAL_UART_RxCpltCallback  stm32f4xx_hal_uart.o
    0x08004f3c   0x08004f3c   0x00000008   Code   RO         1663    .text.HAL_UART_TxCpltCallback  stm32f4xx_hal_uart.o
    0x08004f44   0x08004f44   0x00000010   Code   RO          326    .text.HASH_RNG_IRQHandler  stm32f4xx_it.o
    0x08004f54   0x08004f54   0x00000004   Code   RO          290    .text.HardFault_Handler  stm32f4xx_it.o
    0x08004f58   0x08004f58   0x00000076   Code   RO          251    .text.IntToUnicode  usbd_desc.o
    0x08004fce   0x08004fce   0x00000002   PAD
    0x08004fd0   0x08004fd0   0x0000004e   Code   RO           53    .text.MX_CAN1_Init  can.o
    0x0800501e   0x0800501e   0x00000002   PAD
    0x08005020   0x08005020   0x0000004e   Code   RO           55    .text.MX_CAN2_Init  can.o
    0x0800506e   0x0800506e   0x00000002   PAD
    0x08005070   0x08005070   0x000000aa   Code   RO           71    .text.MX_DMA_Init   dma.o
    0x0800511a   0x0800511a   0x00000002   PAD
    0x0800511c   0x0800511c   0x0000004a   Code   RO           35    .text.MX_FREERTOS_Init  freertos.o
    0x08005166   0x08005166   0x00000002   PAD
    0x08005168   0x08005168   0x000002d4   Code   RO           27    .text.MX_GPIO_Init  gpio.o
    0x0800543c   0x0800543c   0x00000024   Code   RO           79    .text.MX_RNG_Init   rng.o
    0x08005460   0x08005460   0x00000052   Code   RO           93    .text.MX_SPI1_Init  spi.o
    0x080054b2   0x080054b2   0x00000002   PAD
    0x080054b4   0x080054b4   0x00000090   Code   RO          115    .text.MX_TIM10_Init  tim.o
    0x08005544   0x08005544   0x00000084   Code   RO          109    .text.MX_TIM3_Init  tim.o
    0x080055c8   0x080055c8   0x0000009e   Code   RO          111    .text.MX_TIM4_Init  tim.o
    0x08005666   0x08005666   0x00000002   PAD
    0x08005668   0x08005668   0x00000040   Code   RO          135    .text.MX_USART1_UART_Init  usart.o
    0x080056a8   0x080056a8   0x00000048   Code   RO          137    .text.MX_USART3_UART_Init  usart.o
    0x080056f0   0x080056f0   0x00000076   Code   RO          155    .text.MX_USB_DEVICE_Init  usb_device.o
    0x08005766   0x08005766   0x00000002   PAD
    0x08005768   0x08005768   0x00000004   Code   RO          292    .text.MemManage_Handler  stm32f4xx_it.o
    0x0800576c   0x0800576c   0x00000004   Code   RO          288    .text.NMI_Handler   stm32f4xx_it.o
    0x08005770   0x08005770   0x0000006c   Code   RO         1178    .text.NVIC_EncodePriority  stm32f4xx_hal_cortex.o
    0x080057dc   0x080057dc   0x00000010   Code   RO          320    .text.OTG_FS_IRQHandler  stm32f4xx_it.o
    0x080057ec   0x080057ec   0x0000008a   Code   RO          709    .text.PCD_EP_OutSetupPacket_int  stm32f4xx_hal_pcd.o
    0x08005876   0x08005876   0x00000002   PAD
    0x08005878   0x08005878   0x000001c8   Code   RO          707    .text.PCD_EP_OutXfrComplete_int  stm32f4xx_hal_pcd.o
    0x08005a40   0x08005a40   0x00000132   Code   RO          717    .text.PCD_WriteEmptyTxFifo  stm32f4xx_hal_pcd.o
    0x08005b72   0x08005b72   0x0000000e   PAD
    0x08005b80   0x08005b80   0x00000064   Code   RO         2370    .text.PendSV_Handler  port.o
    0x08005be4   0x08005be4   0x0000000c   PAD
    0x08005bf0   0x08005bf0   0x00000024   Code   RO         2354    .text.SVC_Handler   port.o
    0x08005c14   0x08005c14   0x0000000e   Code   RO         2150    .text.SVC_Setup     cmsis_os2.o
    0x08005c22   0x08005c22   0x00000002   PAD
    0x08005c24   0x08005c24   0x00000036   Code   RO         2465    .text.SWAPBYTE      usbd_ctlreq.o
    0x08005c5a   0x08005c5a   0x00000002   PAD
    0x08005c5c   0x08005c5c   0x00000014   Code   RO           37    .text.StartINSTask  freertos.o
    0x08005c70   0x08005c70   0x00000010   Code   RO           39    .text.StartInit_Task  freertos.o
    0x08005c80   0x08005c80   0x0000001e   Code   RO         2140    .text.SysTick_Handler  cmsis_os2.o
    0x08005c9e   0x08005c9e   0x00000002   PAD
    0x08005ca0   0x08005ca0   0x000000bc   Code   RO           13    .text.SystemClock_Config  main.o
    0x08005d5c   0x08005d5c   0x00000012   Code   RO         1696    .text.SystemInit    system_stm32f4xx.o
    0x08005d6e   0x08005d6e   0x00000002   PAD
    0x08005d70   0x08005d70   0x00000010   Code   RO          310    .text.TIM2_IRQHandler  stm32f4xx_it.o
    0x08005d80   0x08005d80   0x00000010   Code   RO          312    .text.TIM3_IRQHandler  stm32f4xx_it.o
    0x08005d90   0x08005d90   0x000001b0   Code   RO          361    .text.TIM_Base_SetConfig  stm32f4xx_hal_tim.o
    0x08005f40   0x08005f40   0x00000034   Code   RO          547    .text.TIM_ETR_SetConfig  stm32f4xx_hal_tim.o
    0x08005f74   0x08005f74   0x0000002a   Code   RO          553    .text.TIM_ITRx_SetConfig  stm32f4xx_hal_tim.o
    0x08005f9e   0x08005f9e   0x00000002   PAD
    0x08005fa0   0x08005fa0   0x000000ea   Code   RO          505    .text.TIM_OC1_SetConfig  stm32f4xx_hal_tim.o
    0x0800608a   0x0800608a   0x00000002   PAD
    0x0800608c   0x0800608c   0x000000f4   Code   RO          507    .text.TIM_OC2_SetConfig  stm32f4xx_hal_tim.o
    0x08006180   0x08006180   0x000000f2   Code   RO          509    .text.TIM_OC3_SetConfig  stm32f4xx_hal_tim.o
    0x08006272   0x08006272   0x00000002   PAD
    0x08006274   0x08006274   0x000000a4   Code   RO          511    .text.TIM_OC4_SetConfig  stm32f4xx_hal_tim.o
    0x08006318   0x08006318   0x00000050   Code   RO          551    .text.TIM_TI1_ConfigInputStage  stm32f4xx_hal_tim.o
    0x08006368   0x08006368   0x00000052   Code   RO          555    .text.TIM_TI2_ConfigInputStage  stm32f4xx_hal_tim.o
    0x080063ba   0x080063ba   0x00000002   PAD
    0x080063bc   0x080063bc   0x00000020   Code   RO         1653    .text.UART_DMAAbortOnError  stm32f4xx_hal_uart.o
    0x080063dc   0x080063dc   0x00000094   Code   RO         1613    .text.UART_EndRxTransfer  stm32f4xx_hal_uart.o
    0x08006470   0x08006470   0x00000026   Code   RO         1661    .text.UART_EndTransmit_IT  stm32f4xx_hal_uart.o
    0x08006496   0x08006496   0x00000002   PAD
    0x08006498   0x08006498   0x0000016a   Code   RO         1651    .text.UART_Receive_IT  stm32f4xx_hal_uart.o
    0x08006602   0x08006602   0x00000002   PAD
    0x08006604   0x08006604   0x0000013a   Code   RO         1569    .text.UART_SetConfig  stm32f4xx_hal_uart.o
    0x0800673e   0x0800673e   0x00000002   PAD
    0x08006740   0x08006740   0x00000094   Code   RO         1659    .text.UART_Transmit_IT  stm32f4xx_hal_uart.o
    0x080067d4   0x080067d4   0x00000010   Code   RO          314    .text.USART1_IRQHandler  stm32f4xx_it.o
    0x080067e4   0x080067e4   0x00000010   Code   RO          316    .text.USART3_IRQHandler  stm32f4xx_it.o
    0x080067f4   0x080067f4   0x000000f4   Code   RO         2508    .text.USBD_CDC_DataIn  usbd_cdc.o
    0x080068e8   0x080068e8   0x00000070   Code   RO         2510    .text.USBD_CDC_DataOut  usbd_cdc.o
    0x08006958   0x08006958   0x000000ec   Code   RO         2502    .text.USBD_CDC_DeInit  usbd_cdc.o
    0x08006a44   0x08006a44   0x00000078   Code   RO         2506    .text.USBD_CDC_EP0_RxReady  usbd_cdc.o
    0x08006abc   0x08006abc   0x00000016   Code   RO         2518    .text.USBD_CDC_GetDeviceQualifierDescriptor  usbd_cdc.o
    0x08006ad2   0x08006ad2   0x00000002   PAD
    0x08006ad4   0x08006ad4   0x0000006c   Code   RO         2514    .text.USBD_CDC_GetFSCfgDesc  usbd_cdc.o
    0x08006b40   0x08006b40   0x00000070   Code   RO         2512    .text.USBD_CDC_GetHSCfgDesc  usbd_cdc.o
    0x08006bb0   0x08006bb0   0x0000006c   Code   RO         2516    .text.USBD_CDC_GetOtherSpeedCfgDesc  usbd_cdc.o
    0x08006c1c   0x08006c1c   0x0000021c   Code   RO         2500    .text.USBD_CDC_Init  usbd_cdc.o
    0x08006e38   0x08006e38   0x0000007e   Code   RO         2528    .text.USBD_CDC_ReceivePacket  usbd_cdc.o
    0x08006eb6   0x08006eb6   0x00000002   PAD
    0x08006eb8   0x08006eb8   0x00000034   Code   RO         2520    .text.USBD_CDC_RegisterInterface  usbd_cdc.o
    0x08006eec   0x08006eec   0x0000003c   Code   RO         2524    .text.USBD_CDC_SetRxBuffer  usbd_cdc.o
    0x08006f28   0x08006f28   0x00000046   Code   RO         2522    .text.USBD_CDC_SetTxBuffer  usbd_cdc.o
    0x08006f6e   0x08006f6e   0x00000002   PAD
    0x08006f70   0x08006f70   0x000001cc   Code   RO         2504    .text.USBD_CDC_Setup  usbd_cdc.o
    0x0800713c   0x0800713c   0x00000032   Code   RO         2400    .text.USBD_ClrClassConfig  usbd_core.o
    0x0800716e   0x0800716e   0x00000002   PAD
    0x08007170   0x08007170   0x00000040   Code   RO         2455    .text.USBD_ClrFeature  usbd_ctlreq.o
    0x080071b0   0x080071b0   0x0000000e   Code   RO         2408    .text.USBD_CoreFindEP  usbd_core.o
    0x080071be   0x080071be   0x00000002   PAD
    0x080071c0   0x080071c0   0x0000000e   Code   RO         2406    .text.USBD_CoreFindIF  usbd_core.o
    0x080071ce   0x080071ce   0x00000002   PAD
    0x080071d0   0x080071d0   0x0000001e   Code   RO         2485    .text.USBD_CtlContinueRx  usbd_ioreq.o
    0x080071ee   0x080071ee   0x00000002   PAD
    0x080071f0   0x080071f0   0x0000001e   Code   RO         2481    .text.USBD_CtlContinueSendData  usbd_ioreq.o
    0x0800720e   0x0800720e   0x00000002   PAD
    0x08007210   0x08007210   0x0000001c   Code   RO         2457    .text.USBD_CtlError  usbd_ctlreq.o
    0x0800722c   0x0800722c   0x00000036   Code   RO         2483    .text.USBD_CtlPrepareRx  usbd_ioreq.o
    0x08007262   0x08007262   0x00000002   PAD
    0x08007264   0x08007264   0x00000022   Code   RO         2489    .text.USBD_CtlReceiveStatus  usbd_ioreq.o
    0x08007286   0x08007286   0x00000002   PAD
    0x08007288   0x08007288   0x00000032   Code   RO         2479    .text.USBD_CtlSendData  usbd_ioreq.o
    0x080072ba   0x080072ba   0x00000002   PAD
    0x080072bc   0x080072bc   0x00000022   Code   RO         2487    .text.USBD_CtlSendStatus  usbd_ioreq.o
    0x080072de   0x080072de   0x00000002   PAD
    0x080072e0   0x080072e0   0x0000004e   Code   RO          245    .text.USBD_FS_ConfigStrDescriptor  usbd_desc.o
    0x0800732e   0x0800732e   0x00000002   PAD
    0x08007330   0x08007330   0x0000001a   Code   RO          235    .text.USBD_FS_DeviceDescriptor  usbd_desc.o
    0x0800734a   0x0800734a   0x00000002   PAD
    0x0800734c   0x0800734c   0x0000004e   Code   RO          247    .text.USBD_FS_InterfaceStrDescriptor  usbd_desc.o
    0x0800739a   0x0800739a   0x00000002   PAD
    0x0800739c   0x0800739c   0x0000001a   Code   RO          237    .text.USBD_FS_LangIDStrDescriptor  usbd_desc.o
    0x080073b6   0x080073b6   0x00000002   PAD
    0x080073b8   0x080073b8   0x00000028   Code   RO          239    .text.USBD_FS_ManufacturerStrDescriptor  usbd_desc.o
    0x080073e0   0x080073e0   0x0000004e   Code   RO          241    .text.USBD_FS_ProductStrDescriptor  usbd_desc.o
    0x0800742e   0x0800742e   0x00000002   PAD
    0x08007430   0x08007430   0x00000020   Code   RO          243    .text.USBD_FS_SerialStrDescriptor  usbd_desc.o
    0x08007450   0x08007450   0x00000064   Code   RO         2449    .text.USBD_GetConfig  usbd_ctlreq.o
    0x080074b4   0x080074b4   0x000002d8   Code   RO         2443    .text.USBD_GetDescriptor  usbd_ctlreq.o
    0x0800778c   0x0800778c   0x00000076   Code   RO         2430    .text.USBD_GetEpDesc  usbd_core.o
    0x08007802   0x08007802   0x00000002   PAD
    0x08007804   0x08007804   0x00000032   Code   RO         2469    .text.USBD_GetLen   usbd_ctlreq.o
    0x08007836   0x08007836   0x00000002   PAD
    0x08007838   0x08007838   0x00000026   Code   RO         2432    .text.USBD_GetNextDesc  usbd_core.o
    0x0800785e   0x0800785e   0x00000002   PAD
    0x08007860   0x08007860   0x00000062   Code   RO         2451    .text.USBD_GetStatus  usbd_ctlreq.o
    0x080078c2   0x080078c2   0x00000002   PAD
    0x080078c4   0x080078c4   0x000000bc   Code   RO         2467    .text.USBD_GetString  usbd_ctlreq.o
    0x08007980   0x08007980   0x00000052   Code   RO          194    .text.USBD_Get_USB_Status  usbd_conf.o
    0x080079d2   0x080079d2   0x00000002   PAD
    0x080079d4   0x080079d4   0x0000006a   Code   RO         2386    .text.USBD_Init     usbd_core.o
    0x08007a3e   0x08007a3e   0x00000002   PAD
    0x08007a40   0x08007a40   0x0000003a   Code   RO          208    .text.USBD_LL_ClearStallEP  usbd_conf.o
    0x08007a7a   0x08007a7a   0x00000002   PAD
    0x08007a7c   0x08007a7c   0x0000003a   Code   RO          202    .text.USBD_LL_CloseEP  usbd_conf.o
    0x08007ab6   0x08007ab6   0x00000002   PAD
    0x08007ab8   0x08007ab8   0x00000190   Code   RO         2410    .text.USBD_LL_DataInStage  usbd_core.o
    0x08007c48   0x08007c48   0x000001b2   Code   RO         2404    .text.USBD_LL_DataOutStage  usbd_core.o
    0x08007dfa   0x08007dfa   0x00000002   PAD
    0x08007dfc   0x08007dfc   0x0000000a   Code   RO         2426    .text.USBD_LL_DevConnected  usbd_core.o
    0x08007e06   0x08007e06   0x00000002   PAD
    0x08007e08   0x08007e08   0x00000040   Code   RO         2428    .text.USBD_LL_DevDisconnected  usbd_core.o
    0x08007e48   0x08007e48   0x0000001c   Code   RO          218    .text.USBD_LL_GetRxDataSize  usbd_conf.o
    0x08007e64   0x08007e64   0x0000007e   Code   RO          190    .text.USBD_LL_Init  usbd_conf.o
    0x08007ee2   0x08007ee2   0x00000002   PAD
    0x08007ee4   0x08007ee4   0x0000005a   Code   RO          210    .text.USBD_LL_IsStallEP  usbd_conf.o
    0x08007f3e   0x08007f3e   0x00000002   PAD
    0x08007f40   0x08007f40   0x0000006e   Code   RO         2422    .text.USBD_LL_IsoINIncomplete  usbd_core.o
    0x08007fae   0x08007fae   0x00000002   PAD
    0x08007fb0   0x08007fb0   0x0000006e   Code   RO         2424    .text.USBD_LL_IsoOUTIncomplete  usbd_core.o
    0x0800801e   0x0800801e   0x00000002   PAD
    0x08008020   0x08008020   0x0000004a   Code   RO          200    .text.USBD_LL_OpenEP  usbd_conf.o
    0x0800806a   0x0800806a   0x00000002   PAD
    0x0800806c   0x0800806c   0x00000042   Code   RO          216    .text.USBD_LL_PrepareReceive  usbd_conf.o
    0x080080ae   0x080080ae   0x00000002   PAD
    0x080080b0   0x080080b0   0x0000009c   Code   RO         2412    .text.USBD_LL_Reset  usbd_core.o
    0x0800814c   0x0800814c   0x00000024   Code   RO         2418    .text.USBD_LL_Resume  usbd_core.o
    0x08008170   0x08008170   0x0000003e   Code   RO         2420    .text.USBD_LL_SOF   usbd_core.o
    0x080081ae   0x080081ae   0x00000002   PAD
    0x080081b0   0x080081b0   0x00000016   Code   RO         2414    .text.USBD_LL_SetSpeed  usbd_core.o
    0x080081c6   0x080081c6   0x00000002   PAD
    0x080081c8   0x080081c8   0x0000003a   Code   RO          212    .text.USBD_LL_SetUSBAddress  usbd_conf.o
    0x08008202   0x08008202   0x00000002   PAD
    0x08008204   0x08008204   0x00000094   Code   RO         2402    .text.USBD_LL_SetupStage  usbd_core.o
    0x08008298   0x08008298   0x0000003a   Code   RO          206    .text.USBD_LL_StallEP  usbd_conf.o
    0x080082d2   0x080082d2   0x00000002   PAD
    0x080082d4   0x080082d4   0x00000032   Code   RO          196    .text.USBD_LL_Start  usbd_conf.o
    0x08008306   0x08008306   0x00000002   PAD
    0x08008308   0x08008308   0x0000002c   Code   RO         2416    .text.USBD_LL_Suspend  usbd_core.o
    0x08008334   0x08008334   0x00000042   Code   RO          214    .text.USBD_LL_Transmit  usbd_conf.o
    0x08008376   0x08008376   0x00000002   PAD
    0x08008378   0x08008378   0x00000062   Code   RO         2463    .text.USBD_ParseSetupRequest  usbd_ctlreq.o
    0x080083da   0x080083da   0x00000002   PAD
    0x080083dc   0x080083dc   0x00000072   Code   RO         2390    .text.USBD_RegisterClass  usbd_core.o
    0x0800844e   0x0800844e   0x00000002   PAD
    0x08008450   0x08008450   0x0000000a   Code   RO         2396    .text.USBD_RunTestMode  usbd_core.o
    0x0800845a   0x0800845a   0x00000002   PAD
    0x0800845c   0x0800845c   0x0000008c   Code   RO         2445    .text.USBD_SetAddress  usbd_ctlreq.o
    0x080084e8   0x080084e8   0x00000036   Code   RO         2398    .text.USBD_SetClassConfig  usbd_core.o
    0x0800851e   0x0800851e   0x00000002   PAD
    0x08008520   0x08008520   0x0000017e   Code   RO         2447    .text.USBD_SetConfig  usbd_ctlreq.o
    0x0800869e   0x0800869e   0x00000002   PAD
    0x080086a0   0x080086a0   0x0000004e   Code   RO         2453    .text.USBD_SetFeature  usbd_ctlreq.o
    0x080086ee   0x080086ee   0x00000002   PAD
    0x080086f0   0x080086f0   0x00000010   Code   RO         2392    .text.USBD_Start    usbd_core.o
    0x08008700   0x08008700   0x000000cc   Code   RO         2441    .text.USBD_StdDevReq  usbd_ctlreq.o
    0x080087cc   0x080087cc   0x000003ac   Code   RO         2461    .text.USBD_StdEPReq  usbd_ctlreq.o
    0x08008b78   0x08008b78   0x000000f4   Code   RO         2459    .text.USBD_StdItfReq  usbd_ctlreq.o
    0x08008c6c   0x08008c6c   0x00000008   Code   RO          222    .text.USBD_static_free  usbd_conf.o
    0x08008c74   0x08008c74   0x00000010   Code   RO          220    .text.USBD_static_malloc  usbd_conf.o
    0x08008c84   0x08008c84   0x000000de   Code   RO          815    .text.USB_ActivateEndpoint  stm32f4xx_ll_usb.o
    0x08008d62   0x08008d62   0x00000002   PAD
    0x08008d64   0x08008d64   0x0000002c   Code   RO          857    .text.USB_ActivateSetup  stm32f4xx_ll_usb.o
    0x08008d90   0x08008d90   0x000000d6   Code   RO          791    .text.USB_CoreInit  stm32f4xx_ll_usb.o
    0x08008e66   0x08008e66   0x00000002   PAD
    0x08008e68   0x08008e68   0x00000076   Code   RO          793    .text.USB_CoreReset  stm32f4xx_ll_usb.o
    0x08008ede   0x08008ede   0x00000002   PAD
    0x08008ee0   0x08008ee0   0x00000146   Code   RO          819    .text.USB_DeactivateEndpoint  stm32f4xx_ll_usb.o
    0x08009026   0x08009026   0x00000002   PAD
    0x08009028   0x08009028   0x0000002a   Code   RO          839    .text.USB_DevConnect  stm32f4xx_ll_usb.o
    0x08009052   0x08009052   0x00000002   PAD
    0x08009054   0x08009054   0x0000002a   Code   RO          841    .text.USB_DevDisconnect  stm32f4xx_ll_usb.o
    0x0800907e   0x0800907e   0x00000002   PAD
    0x08009080   0x08009080   0x0000029a   Code   RO          805    .text.USB_DevInit   stm32f4xx_ll_usb.o
    0x0800931a   0x0800931a   0x00000002   PAD
    0x0800931c   0x0800931c   0x00000014   Code   RO          799    .text.USB_DisableGlobalInt  stm32f4xx_ll_usb.o
    0x08009330   0x08009330   0x0000009e   Code   RO          859    .text.USB_EP0_OutStart  stm32f4xx_ll_usb.o
    0x080093ce   0x080093ce   0x00000002   PAD
    0x080093d0   0x080093d0   0x000000a0   Code   RO          833    .text.USB_EPClearStall  stm32f4xx_ll_usb.o
    0x08009470   0x08009470   0x000000a8   Code   RO          831    .text.USB_EPSetStall  stm32f4xx_ll_usb.o
    0x08009518   0x08009518   0x000003f8   Code   RO          823    .text.USB_EPStartXfer  stm32f4xx_ll_usb.o
    0x08009910   0x08009910   0x0000011c   Code   RO          827    .text.USB_EPStopXfer  stm32f4xx_ll_usb.o
    0x08009a2c   0x08009a2c   0x00000014   Code   RO          797    .text.USB_EnableGlobalInt  stm32f4xx_ll_usb.o
    0x08009a40   0x08009a40   0x00000074   Code   RO          811    .text.USB_FlushRxFifo  stm32f4xx_ll_usb.o
    0x08009ab4   0x08009ab4   0x0000007a   Code   RO          809    .text.USB_FlushTxFifo  stm32f4xx_ll_usb.o
    0x08009b2e   0x08009b2e   0x00000002   PAD
    0x08009b30   0x08009b30   0x0000004c   Code   RO          813    .text.USB_GetDevSpeed  stm32f4xx_ll_usb.o
    0x08009b7c   0x08009b7c   0x00000010   Code   RO          803    .text.USB_GetMode   stm32f4xx_ll_usb.o
    0x08009b8c   0x08009b8c   0x00000024   Code   RO          849    .text.USB_ReadDevAllInEpInterrupt  stm32f4xx_ll_usb.o
    0x08009bb0   0x08009bb0   0x00000024   Code   RO          847    .text.USB_ReadDevAllOutEpInterrupt  stm32f4xx_ll_usb.o
    0x08009bd4   0x08009bd4   0x0000004e   Code   RO          853    .text.USB_ReadDevInEPInterrupt  stm32f4xx_ll_usb.o
    0x08009c22   0x08009c22   0x00000002   PAD
    0x08009c24   0x08009c24   0x0000002e   Code   RO          851    .text.USB_ReadDevOutEPInterrupt  stm32f4xx_ll_usb.o
    0x08009c52   0x08009c52   0x00000002   PAD
    0x08009c54   0x08009c54   0x0000001a   Code   RO          843    .text.USB_ReadInterrupts  stm32f4xx_ll_usb.o
    0x08009c6e   0x08009c6e   0x00000002   PAD
    0x08009c70   0x08009c70   0x000000b4   Code   RO          829    .text.USB_ReadPacket  stm32f4xx_ll_usb.o
    0x08009d24   0x08009d24   0x000000de   Code   RO          801    .text.USB_SetCurrentMode  stm32f4xx_ll_usb.o
    0x08009e02   0x08009e02   0x00000002   PAD
    0x08009e04   0x08009e04   0x00000036   Code   RO          837    .text.USB_SetDevAddress  stm32f4xx_ll_usb.o
    0x08009e3a   0x08009e3a   0x00000002   PAD
    0x08009e3c   0x08009e3c   0x00000022   Code   RO          807    .text.USB_SetDevSpeed  stm32f4xx_ll_usb.o
    0x08009e5e   0x08009e5e   0x00000002   PAD
    0x08009e60   0x08009e60   0x000001ba   Code   RO          795    .text.USB_SetTurnaroundTime  stm32f4xx_ll_usb.o
    0x0800a01a   0x0800a01a   0x00000002   PAD
    0x0800a01c   0x0800a01c   0x00000082   Code   RO          825    .text.USB_WritePacket  stm32f4xx_ll_usb.o
    0x0800a09e   0x0800a09e   0x00000002   PAD
    0x0800a0a0   0x0800a0a0   0x00000004   Code   RO          296    .text.UsageFault_Handler  stm32f4xx_it.o
    0x0800a0a4   0x0800a0a4   0x00000030   Code   RO         1182    .text.__NVIC_EnableIRQ  stm32f4xx_hal_cortex.o
    0x0800a0d4   0x0800a0d4   0x00000010   Code   RO         1174    .text.__NVIC_GetPriorityGrouping  stm32f4xx_hal_cortex.o
    0x0800a0e4   0x0800a0e4   0x00000042   Code   RO         1176    .text.__NVIC_SetPriority  stm32f4xx_hal_cortex.o
    0x0800a126   0x0800a126   0x00000002   PAD
    0x0800a128   0x0800a128   0x00000042   Code   RO         2304    .text.__NVIC_SetPriority  cmsis_os2.o
    0x0800a16a   0x0800a16a   0x00000002   PAD
    0x0800a16c   0x0800a16c   0x0000003c   Code   RO         1170    .text.__NVIC_SetPriorityGrouping  stm32f4xx_hal_cortex.o
    0x0800a1a8   0x0800a1a8   0x0000004c   Code   RO           11    .text.main          main.o
    0x0800a1f4   0x0800a1f4   0x00000034   Code   RO         2208    .text.osDelay       cmsis_os2.o
    0x0800a228   0x0800a228   0x00000046   Code   RO         2142    .text.osKernelInitialize  cmsis_os2.o
    0x0800a26e   0x0800a26e   0x00000002   PAD
    0x0800a270   0x0800a270   0x00000052   Code   RO         2148    .text.osKernelStart  cmsis_os2.o
    0x0800a2c2   0x0800a2c2   0x00000002   PAD
    0x0800a2c4   0x0800a2c4   0x0000015a   Code   RO         2172    .text.osThreadNew   cmsis_os2.o
    0x0800a41e   0x0800a41e   0x00000002   PAD
    0x0800a420   0x0800a420   0x000000dc   Code   RO         1928    .text.prvAddCurrentTaskToDelayedList  tasks.o
    0x0800a4fc   0x0800a4fc   0x00000122   Code   RO         1914    .text.prvAddNewTaskToReadyList  tasks.o
    0x0800a61e   0x0800a61e   0x00000002   PAD
    0x0800a620   0x0800a620   0x000000a2   Code   RO         2071    .text.prvCheckForValidListAndQueue  timers.o
    0x0800a6c2   0x0800a6c2   0x00000002   PAD
    0x0800a6c4   0x0800a6c4   0x0000005a   Code   RO         2038    .text.prvCheckTasksWaitingTermination  tasks.o
    0x0800a71e   0x0800a71e   0x00000002   PAD
    0x0800a720   0x0800a720   0x00000042   Code   RO         1807    .text.prvCopyDataFromQueue  queue.o
    0x0800a762   0x0800a762   0x00000002   PAD
    0x0800a764   0x0800a764   0x000000cc   Code   RO         1795    .text.prvCopyDataToQueue  queue.o
    0x0800a830   0x0800a830   0x0000005e   Code   RO         1920    .text.prvDeleteTCB  tasks.o
    0x0800a88e   0x0800a88e   0x00000002   PAD
    0x0800a890   0x0800a890   0x00000040   Code   RO         2109    .text.prvGetNextExpireTime  timers.o
    0x0800a8d0   0x0800a8d0   0x000000bc   Code   RO         2321    .text.prvHeapInit   heap_4.o
    0x0800a98c   0x0800a98c   0x00000038   Code   RO         1954    .text.prvIdleTask   tasks.o
    0x0800a9c4   0x0800a9c4   0x00000048   Code   RO         1769    .text.prvInitialiseNewQueue  queue.o
    0x0800aa0c   0x0800aa0c   0x00000128   Code   RO         1912    .text.prvInitialiseNewTask  tasks.o
    0x0800ab34   0x0800ab34   0x0000008e   Code   RO         2036    .text.prvInitialiseTaskLists  tasks.o
    0x0800abc2   0x0800abc2   0x00000002   PAD
    0x0800abc4   0x0800abc4   0x000000c6   Code   RO         2323    .text.prvInsertBlockIntoFreeList  heap_4.o
    0x0800ac8a   0x0800ac8a   0x00000002   PAD
    0x0800ac8c   0x0800ac8c   0x00000086   Code   RO         2121    .text.prvInsertTimerInActiveList  timers.o
    0x0800ad12   0x0800ad12   0x00000002   PAD
    0x0800ad14   0x0800ad14   0x00000028   Code   RO         1809    .text.prvIsQueueEmpty  queue.o
    0x0800ad3c   0x0800ad3c   0x0000002e   Code   RO         1797    .text.prvIsQueueFull  queue.o
    0x0800ad6a   0x0800ad6a   0x00000002   PAD
    0x0800ad6c   0x0800ad6c   0x00000028   Code   RO         2362    .text.prvPortStartFirstTask  port.o
    0x0800ad94   0x0800ad94   0x0000008e   Code   RO         2117    .text.prvProcessExpiredTimer  timers.o
    0x0800ae22   0x0800ae22   0x00000002   PAD
    0x0800ae24   0x0800ae24   0x00000192   Code   RO         2113    .text.prvProcessReceivedCommands  timers.o
    0x0800afb6   0x0800afb6   0x00000002   PAD
    0x0800afb8   0x0800afb8   0x0000009a   Code   RO         2111    .text.prvProcessTimerOrBlockTask  timers.o
    0x0800b052   0x0800b052   0x00000002   PAD
    0x0800b054   0x0800b054   0x00000046   Code   RO         1922    .text.prvResetNextTaskUnblockTime  tasks.o
    0x0800b09a   0x0800b09a   0x00000002   PAD
    0x0800b09c   0x0800b09c   0x00000044   Code   RO         2115    .text.prvSampleTimeNow  timers.o
    0x0800b0e0   0x0800b0e0   0x000000d4   Code   RO         2119    .text.prvSwitchTimerLists  timers.o
    0x0800b1b4   0x0800b1b4   0x0000004c   Code   RO         2352    .text.prvTaskExitError  port.o
    0x0800b200   0x0800b200   0x0000001e   Code   RO         2073    .text.prvTimerTask  timers.o
    0x0800b21e   0x0800b21e   0x00000002   PAD
    0x0800b220   0x0800b220   0x000000ae   Code   RO         1799    .text.prvUnlockQueue  queue.o
    0x0800b2ce   0x0800b2ce   0x00000002   PAD
    0x0800b2d0   0x0800b2d0   0x000001ec   Code   RO         2319    .text.pvPortMalloc  heap_4.o
    0x0800b4bc   0x0800b4bc   0x0000005e   Code   RO         2350    .text.pxPortInitialiseStack  port.o
    0x0800b51a   0x0800b51a   0x00000002   PAD
    0x0800b51c   0x0800b51c   0x00000048   Code   RO         1756    .text.uxListRemove  list.o
    0x0800b564   0x0800b564   0x0000002a   Code   RO         2300    .text.vApplicationGetIdleTaskMemory  cmsis_os2.o
    0x0800b58e   0x0800b58e   0x00000002   PAD
    0x0800b590   0x0800b590   0x0000002c   Code   RO         2302    .text.vApplicationGetTimerTaskMemory  cmsis_os2.o
    0x0800b5bc   0x0800b5bc   0x0000002e   Code   RO         1748    .text.vListInitialise  list.o
    0x0800b5ea   0x0800b5ea   0x00000002   PAD
    0x0800b5ec   0x0800b5ec   0x0000000e   Code   RO         1750    .text.vListInitialiseItem  list.o
    0x0800b5fa   0x0800b5fa   0x00000002   PAD
    0x0800b5fc   0x0800b5fc   0x0000006a   Code   RO         1754    .text.vListInsert   list.o
    0x0800b666   0x0800b666   0x00000002   PAD
    0x0800b668   0x0800b668   0x0000003a   Code   RO         1752    .text.vListInsertEnd  list.o
    0x0800b6a2   0x0800b6a2   0x00000002   PAD
    0x0800b6a4   0x0800b6a4   0x00000014   Code   RO         2360    .text.vPortEnableVFP  port.o
    0x0800b6b8   0x0800b6b8   0x00000056   Code   RO         2366    .text.vPortEnterCritical  port.o
    0x0800b70e   0x0800b70e   0x00000002   PAD
    0x0800b710   0x0800b710   0x0000004a   Code   RO         2368    .text.vPortExitCritical  port.o
    0x0800b75a   0x0800b75a   0x00000002   PAD
    0x0800b75c   0x0800b75c   0x000000ce   Code   RO         2325    .text.vPortFree     heap_4.o
    0x0800b82a   0x0800b82a   0x00000002   PAD
    0x0800b82c   0x0800b82c   0x00000044   Code   RO         2358    .text.vPortSetupTimerInterrupt  port.o
    0x0800b870   0x0800b870   0x00000084   Code   RO         2374    .text.vPortValidateInterruptPriority  port.o
    0x0800b8f4   0x0800b8f4   0x00000052   Code   RO         1839    .text.vQueueAddToRegistry  queue.o
    0x0800b946   0x0800b946   0x00000002   PAD
    0x0800b948   0x0800b948   0x00000064   Code   RO         1843    .text.vQueueWaitForMessageRestricted  queue.o
    0x0800b9ac   0x0800b9ac   0x0000006e   Code   RO         1932    .text.vTaskDelay    tasks.o
    0x0800ba1a   0x0800ba1a   0x00000002   PAD
    0x0800ba1c   0x0800ba1c   0x00000024   Code   RO         1992    .text.vTaskInternalSetTimeOutState  tasks.o
    0x0800ba40   0x0800ba40   0x0000000e   Code   RO         1996    .text.vTaskMissedYield  tasks.o
    0x0800ba4e   0x0800ba4e   0x00000002   PAD
    0x0800ba50   0x0800ba50   0x00000042   Code   RO         1980    .text.vTaskPlaceOnEventList  tasks.o
    0x0800ba92   0x0800ba92   0x00000002   PAD
    0x0800ba94   0x0800ba94   0x00000052   Code   RO         1984    .text.vTaskPlaceOnEventListRestricted  tasks.o
    0x0800bae6   0x0800bae6   0x00000002   PAD
    0x0800bae8   0x0800bae8   0x000000e0   Code   RO         1952    .text.vTaskStartScheduler  tasks.o
    0x0800bbc8   0x0800bbc8   0x00000010   Code   RO         1926    .text.vTaskSuspendAll  tasks.o
    0x0800bbd8   0x0800bbd8   0x000000c6   Code   RO         1944    .text.vTaskSwitchContext  tasks.o
    0x0800bc9e   0x0800bc9e   0x00000002   PAD
    0x0800bca0   0x0800bca0   0x00000156   Code   RO         2356    .text.xPortStartScheduler  port.o
    0x0800bdf6   0x0800bdf6   0x00000002   PAD
    0x0800bdf8   0x0800bdf8   0x0000003c   Code   RO         2372    .text.xPortSysTickHandler  port.o
    0x0800be34   0x0800be34   0x0000010e   Code   RO         1767    .text.xQueueGenericCreateStatic  queue.o
    0x0800bf42   0x0800bf42   0x00000002   PAD
    0x0800bf44   0x0800bf44   0x000000ba   Code   RO         1765    .text.xQueueGenericReset  queue.o
    0x0800bffe   0x0800bffe   0x00000002   PAD
    0x0800c000   0x0800c000   0x0000022c   Code   RO         1785    .text.xQueueGenericSend  queue.o
    0x0800c22c   0x0800c22c   0x0000014c   Code   RO         1801    .text.xQueueGenericSendFromISR  queue.o
    0x0800c378   0x0800c378   0x000001dc   Code   RO         1805    .text.xQueueReceive  queue.o
    0x0800c554   0x0800c554   0x000000f6   Code   RO         1994    .text.xTaskCheckForTimeOut  tasks.o
    0x0800c64a   0x0800c64a   0x00000002   PAD
    0x0800c64c   0x0800c64c   0x0000009e   Code   RO         1916    .text.xTaskCreate   tasks.o
    0x0800c6ea   0x0800c6ea   0x00000002   PAD
    0x0800c6ec   0x0800c6ec   0x000000ce   Code   RO         1910    .text.xTaskCreateStatic  tasks.o
    0x0800c7ba   0x0800c7ba   0x00000002   PAD
    0x0800c7bc   0x0800c7bc   0x00000038   Code   RO         2010    .text.xTaskGetSchedulerState  tasks.o
    0x0800c7f4   0x0800c7f4   0x00000014   Code   RO         1960    .text.xTaskGetTickCount  tasks.o
    0x0800c808   0x0800c808   0x000001c4   Code   RO         1958    .text.xTaskIncrementTick  tasks.o
    0x0800c9cc   0x0800c9cc   0x000000ec   Code   RO         2014    .text.xTaskPriorityDisinherit  tasks.o
    0x0800cab8   0x0800cab8   0x000000ce   Code   RO         1986    .text.xTaskRemoveFromEventList  tasks.o
    0x0800cb86   0x0800cb86   0x00000002   PAD
    0x0800cb88   0x0800cb88   0x00000186   Code   RO         1930    .text.xTaskResumeAll  tasks.o
    0x0800cd0e   0x0800cd0e   0x00000002   PAD
    0x0800cd10   0x0800cd10   0x00000094   Code   RO         2069    .text.xTimerCreateTimerTask  timers.o
    0x0800cda4   0x0800cda4   0x000000b0   Code   RO         2081    .text.xTimerGenericCommand  timers.o
    0x0800ce54   0x0800ce54   0x0000001a   Code   RO         2691    x$fpl$fpinit        fz_wm.l(fpinit.o)
    0x0800ce6e   0x0800ce6e   0x00000010   Data   RO         1701    .rodata.AHBPrescTable  system_stm32f4xx.o
    0x0800ce7e   0x0800ce7e   0x00000008   Data   RO         1702    .rodata.APBPrescTable  system_stm32f4xx.o
    0x0800ce86   0x0800ce86   0x00000008   Data   RO         1100    .rodata.DMA_CalcBaseAndBitshift.flagBitshiftOffset  stm32f4xx_hal_dma.o
    0x0800ce8e   0x0800ce8e   0x00000002   PAD
    0x0800ce90   0x0800ce90   0x00000024   Data   RO           42    .rodata.INSTask_attributes  freertos.o
    0x0800ceb4   0x0800ceb4   0x00000024   Data   RO           43    .rodata.Init_Task_attributes  freertos.o
    0x0800ced8   0x0800ced8   0x00000012   Data   RO           41    .rodata.str1.1      freertos.o
    0x0800ceea   0x0800ceea   0x00000042   Data   RO          257    .rodata.str1.1      usbd_desc.o
    0x0800cf2c   0x0800cf2c   0x00000005   Data   RO         2054    .rodata.str1.1      tasks.o
    0x0800cf31   0x0800cf31   0x0000000d   Data   RO         2124    .rodata.str1.1      timers.o
    0x0800cf3e   0x0800cf3e   0x00000002   PAD
    0x0800cf40   0x0800cf40   0x00000020   Data   RO         2752    Region$$Table       anon$$obj.o


    Execution Region RW_IRAM1 (Exec base: 0x20000000, Load base: 0x0800cf60, Size: 0x00010ef0, Max: 0x0001c000, ABSOLUTE)

    Exec Addr    Load Addr    Size         Type   Attr      Idx    E Section Name        Object

    0x20000000   0x0800cf60   0x00000001   Data   RW         2534    .data.CDCCmdEpAdd   usbd_cdc.o
    0x20000001   0x0800cf61   0x00000001   Data   RW         2532    .data.CDCInEpAdd    usbd_cdc.o
    0x20000002   0x0800cf62   0x00000001   Data   RW         2533    .data.CDCOutEpAdd   usbd_cdc.o
    0x20000003   0x0800cf63   0x00000001   PAD
    0x20000004   0x0800cf64   0x0000001c   Data   RW          253    .data.FS_Desc       usbd_desc.o
    0x20000020   0x0800cf80   0x00000004   Data   RW         1700    .data.SystemCoreClock  system_stm32f4xx.o
    0x20000024   0x0800cf84   0x00000038   Data   RW         2530    .data.USBD_CDC      usbd_cdc.o
    0x2000005c   0x0800cfbc   0x00000043   Data   RW         2535    .data.USBD_CDC_CfgDesc  usbd_cdc.o
    0x2000009f   0x0800cfff   0x00000001   PAD
    0x200000a0   0x0800d000   0x0000000a   Data   RW         2531    .data.USBD_CDC_DeviceQualifierDesc  usbd_cdc.o
    0x200000aa   0x0800d00a   0x00000002   PAD
    0x200000ac   0x0800d00c   0x00000012   Data   RW          254    .data.USBD_FS_DeviceDesc  usbd_desc.o
    0x200000be   0x0800d01e   0x00000002   PAD
    0x200000c0   0x0800d020   0x00000014   Data   RW          278    .data.USBD_Interface_fops_FS  usbd_cdc_if.o
    0x200000d4   0x0800d034   0x00000004   Data   RW          255    .data.USBD_LangIDDesc  usbd_desc.o
    0x200000d8   0x0800d038   0x0000001a   Data   RW          256    .data.USBD_StringSerial  usbd_desc.o
    0x200000f2   0x0800d052   0x00000001   Data   RW         1300    .data.uwTickFreq    stm32f4xx_hal.o
    0x200000f3   0x0800d053   0x00000001   PAD
    0x200000f4   0x0800d054   0x00000004   Data   RW         1299    .data.uwTickPrio    stm32f4xx_hal.o
    0x200000f8   0x0800d058   0x00000004   Data   RW         2378    .data.uxCriticalNesting  port.o
    0x200000fc   0x0800d05c   0x00000004   PAD
    0x20000100        -       0x00000060   Zero   RW         2619    .bss                c_w.l(libspace.o)
    0x20000160        -       0x00000004   Zero   RW           63    .bss.HAL_RCC_CAN1_CLK_ENABLED  can.o
    0x20000164        -       0x00000004   Zero   RW           44    .bss.INSTaskHandle  freertos.o
    0x20000168        -       0x00000004   Zero   RW           45    .bss.Init_TaskHandle  freertos.o
    0x2000016c        -       0x00000004   Zero   RW         2306    .bss.KernelState    cmsis_os2.o
    0x20000170        -       0x00000001   Zero   RW         2471    .bss.USBD_SetConfig.cfgidx  usbd_ctlreq.o
    0x20000171   0x0800d05c   0x00000003   PAD
    0x20000174        -       0x00000200   Zero   RW          258    .bss.USBD_StrDesc   usbd_desc.o
    0x20000374        -       0x00000220   Zero   RW          227    .bss.USBD_static_malloc.mem  usbd_conf.o
    0x20000594        -       0x00000800   Zero   RW          279    .bss.UserRxBufferFS  usbd_cdc_if.o
    0x20000d94        -       0x00000800   Zero   RW          280    .bss.UserTxBufferFS  usbd_cdc_if.o
    0x20001594        -       0x000002dc   Zero   RW          157    .bss.hUsbDeviceFS   usb_device.o
    0x20001870        -       0x00000028   Zero   RW           61    .bss.hcan1          can.o
    0x20001898        -       0x00000028   Zero   RW           62    .bss.hcan2          can.o
    0x200018c0        -       0x00000060   Zero   RW          100    .bss.hdma_spi1_rx   spi.o
    0x20001920        -       0x00000060   Zero   RW          101    .bss.hdma_spi1_tx   spi.o
    0x20001980        -       0x00000060   Zero   RW          146    .bss.hdma_usart1_rx  usart.o
    0x200019e0        -       0x00000060   Zero   RW          145    .bss.hdma_usart1_tx  usart.o
    0x20001a40        -       0x00000060   Zero   RW          147    .bss.hdma_usart3_rx  usart.o
    0x20001aa0        -       0x000004e4   Zero   RW          226    .bss.hpcd_USB_OTG_FS  usbd_conf.o
    0x20001f84        -       0x00000010   Zero   RW           85    .bss.hrng           rng.o
    0x20001f94        -       0x00000058   Zero   RW           99    .bss.hspi1          spi.o
    0x20001fec        -       0x00000048   Zero   RW          127    .bss.htim10         tim.o
    0x20002034        -       0x00000048   Zero   RW          349    .bss.htim2          stm32f4xx_hal_timebase_tim.o
    0x2000207c        -       0x00000048   Zero   RW          125    .bss.htim3          tim.o
    0x200020c4        -       0x00000048   Zero   RW          126    .bss.htim4          tim.o
    0x2000210c        -       0x00000048   Zero   RW          143    .bss.huart1         usart.o
    0x20002154        -       0x00000048   Zero   RW          144    .bss.huart3         usart.o
    0x2000219c        -       0x000000a0   Zero   RW         2132    .bss.prvCheckForValidListAndQueue.ucStaticTimerQueueStorage  timers.o
    0x2000223c        -       0x00000050   Zero   RW         2131    .bss.prvCheckForValidListAndQueue.xStaticTimerQueue  timers.o
    0x2000228c        -       0x00000004   Zero   RW         2128    .bss.prvSampleTimeNow.xLastTime  timers.o
    0x20002290        -       0x00000004   Zero   RW         2040    .bss.pxCurrentTCB   tasks.o
    0x20002294        -       0x00000004   Zero   RW         2126    .bss.pxCurrentTimerList  timers.o
    0x20002298        -       0x00000004   Zero   RW         2048    .bss.pxDelayedTaskList  tasks.o
    0x2000229c        -       0x00000004   Zero   RW         2335    .bss.pxEnd          heap_4.o
    0x200022a0        -       0x00000004   Zero   RW         2049    .bss.pxOverflowDelayedTaskList  tasks.o
    0x200022a4        -       0x00000004   Zero   RW         2127    .bss.pxOverflowTimerList  timers.o
    0x200022a8        -       0x00000460   Zero   RW         2051    .bss.pxReadyTasksLists  tasks.o
    0x20002708        -       0x00006000   Zero   RW         2342    .bss.ucHeap         heap_4.o
    0x20008708        -       0x00000001   Zero   RW         2376    .bss.ucMaxSysCallPriority  port.o
    0x20008709   0x0800d05c   0x00000003   PAD
    0x2000870c        -       0x00000004   Zero   RW         2377    .bss.ulMaxPRIGROUPValue  port.o
    0x20008710        -       0x00000004   Zero   RW         1301    .bss.uwTick         stm32f4xx_hal.o
    0x20008714        -       0x00000004   Zero   RW         2044    .bss.uxCurrentNumberOfTasks  tasks.o
    0x20008718        -       0x00000004   Zero   RW         2043    .bss.uxDeletedTasksWaitingCleanUp  tasks.o
    0x2000871c        -       0x00000004   Zero   RW         2046    .bss.uxSchedulerSuspended  tasks.o
    0x20008720        -       0x00000004   Zero   RW         2041    .bss.uxTaskNumber   tasks.o
    0x20008724        -       0x00000004   Zero   RW         2052    .bss.uxTopReadyPriority  tasks.o
    0x20008728        -       0x00000200   Zero   RW         2309    .bss.vApplicationGetIdleTaskMemory.Idle_Stack  cmsis_os2.o
    0x20008928        -       0x0000005c   Zero   RW         2308    .bss.vApplicationGetIdleTaskMemory.Idle_TCB  cmsis_os2.o
    0x20008984        -       0x00000400   Zero   RW         2311    .bss.vApplicationGetTimerTaskMemory.Timer_Stack  cmsis_os2.o
    0x20008d84        -       0x0000005c   Zero   RW         2310    .bss.vApplicationGetTimerTaskMemory.Timer_TCB  cmsis_os2.o
    0x20008de0        -       0x00000014   Zero   RW         2129    .bss.xActiveTimerList1  timers.o
    0x20008df4        -       0x00000014   Zero   RW         2130    .bss.xActiveTimerList2  timers.o
    0x20008e08        -       0x00000004   Zero   RW         2336    .bss.xBlockAllocatedBit  heap_4.o
    0x20008e0c        -       0x00000014   Zero   RW         2060    .bss.xDelayedTaskList1  tasks.o
    0x20008e20        -       0x00000014   Zero   RW         2061    .bss.xDelayedTaskList2  tasks.o
    0x20008e34        -       0x00000004   Zero   RW         2337    .bss.xFreeBytesRemaining  heap_4.o
    0x20008e38        -       0x00000004   Zero   RW         2055    .bss.xIdleTaskHandle  tasks.o
    0x20008e3c        -       0x00000004   Zero   RW         2339    .bss.xMinimumEverFreeBytesRemaining  heap_4.o
    0x20008e40        -       0x00000004   Zero   RW         2056    .bss.xNextTaskUnblockTime  tasks.o
    0x20008e44        -       0x00000004   Zero   RW         2059    .bss.xNumOfOverflows  tasks.o
    0x20008e48        -       0x00000004   Zero   RW         2340    .bss.xNumberOfSuccessfulAllocations  heap_4.o
    0x20008e4c        -       0x00000004   Zero   RW         2341    .bss.xNumberOfSuccessfulFrees  heap_4.o
    0x20008e50        -       0x00000004   Zero   RW         2058    .bss.xPendedTicks   tasks.o
    0x20008e54        -       0x00000014   Zero   RW         2053    .bss.xPendingReadyList  tasks.o
    0x20008e68        -       0x00000040   Zero   RW         1845    .bss.xQueueRegistry  queue.o
    0x20008ea8        -       0x00000004   Zero   RW         2045    .bss.xSchedulerRunning  tasks.o
    0x20008eac        -       0x00000008   Zero   RW         2338    .bss.xStart         heap_4.o
    0x20008eb4        -       0x00000014   Zero   RW         2050    .bss.xSuspendedTaskList  tasks.o
    0x20008ec8        -       0x00000014   Zero   RW         2042    .bss.xTasksWaitingTermination  tasks.o
    0x20008edc        -       0x00000004   Zero   RW         2047    .bss.xTickCount     tasks.o
    0x20008ee0        -       0x00000004   Zero   RW         2123    .bss.xTimerQueue    timers.o
    0x20008ee4        -       0x00000004   Zero   RW         2125    .bss.xTimerTaskHandle  timers.o
    0x20008ee8        -       0x00000004   Zero   RW         2057    .bss.xYieldPending  tasks.o
    0x20008eec   0x0800d05c   0x00000004   PAD
    0x20008ef0        -       0x00004000   Zero   RW            2    HEAP                startup_stm32f407xx.o
    0x2000cef0        -       0x00004000   Zero   RW            1    STACK               startup_stm32f407xx.o


    Execution Region RW_IRAM2 (Exec base: 0x2001c000, Load base: 0x0800d060, Size: 0x00000000, Max: 0x00004000, ABSOLUTE)

    **** No section assigned to this execution region ****


==============================================================================

Image component sizes


      Code (inc. data)   RO Data    RW Data    ZI Data      Debug   Object Name

       544          0          0          0         84       6396   can.o
       746          0          0          0       1724      35084   cmsis_os2.o
       170          0          0          0          0       3289   dma.o
       110          0         90          0          8       2741   freertos.o
       724          0          0          0          0       4241   gpio.o
      1084          0          0          0      24608       4432   heap_4.o
       296          0          0          0          0       2195   list.o
       298          0          0          0          0       5678   main.o
      1128         16          0          4          5       3827   port.o
      2604          0          0          0         64      17316   queue.o
       118          0          0          0         16       4298   rng.o
       486          0          0          0        280       5070   spi.o
        64         26        392          0      32768        820   startup_stm32f407xx.o
       164          0          0          5          4       7138   stm32f4xx_hal.o
      1592          0          0          0          0      11539   stm32f4xx_hal_can.o
       384          0          0          0          0       9714   stm32f4xx_hal_cortex.o
      1794          8          8          0          0       8463   stm32f4xx_hal_dma.o
      1062          0          0          0          0       5078   stm32f4xx_hal_gpio.o
        88          0          0          0          0       3315   stm32f4xx_hal_msp.o
      4970          0          0          0          0      14379   stm32f4xx_hal_pcd.o
       192          0          0          0          0       4197   stm32f4xx_hal_pcd_ex.o
      2730          0          0          0          0       7564   stm32f4xx_hal_rcc.o
       280          0          0          0          0       3855   stm32f4xx_hal_rng.o
       256          0          0          0          0      19414   stm32f4xx_hal_spi.o
      3410         14          0          0          0      36034   stm32f4xx_hal_tim.o
       306          0          0          0          0      15307   stm32f4xx_hal_tim_ex.o
       236          0          0          0         72       7066   stm32f4xx_hal_timebase_tim.o
      2304          0          0          0          0      20307   stm32f4xx_hal_uart.o
       240          0          0          0          0       2252   stm32f4xx_it.o
      5114          0          0          0          0      19789   stm32f4xx_ll_usb.o
        18          0         24          4          0       2487   system_stm32f4xx.o
      3974          0          5          0       1280      25438   tasks.o
       832          0          0          0        216       8752   tim.o
      1692         10         13          0        300      11617   timers.o
       786          0          0          0        432       7345   usart.o
       118          0          0          0        732       3064   usb_device.o
      2370         12          0        136          0      10781   usbd_cdc.o
       206         36          0         20       4096       2551   usbd_cdc_if.o
      1396          4          0          0       1796      14411   usbd_conf.o
      2130          0          0          0          0       8940   usbd_core.o
      3396         30          0          0          1       8513   usbd_ctlreq.o
       568          0         66         76        512       3048   usbd_desc.o
       232          0          0          0          0       4142   usbd_ioreq.o

    ----------------------------------------------------------------------
     51572        168        634        252      69012     401887   Object Totals
         0          0         32          0          0          0   (incl. Generated)
       360         12          4          7         14          0   (incl. Padding)

    ----------------------------------------------------------------------

      Code (inc. data)   RO Data    RW Data    ZI Data      Debug   Library Member Name

         8          0          0          0          0         68   __main.o
         0          0          0          0          0          0   __rtentry.o
        12          0          0          0          0          0   __rtentry2.o
         6          0          0          0          0          0   __rtentry4.o
        52          8          0          0          0          0   __scatter.o
        26          0          0          0          0          0   __scatter_copy.o
        28          0          0          0          0          0   __scatter_zi.o
        16          0          0          0          0         68   aeabi_memset4.o
        18          0          0          0          0         80   exit.o
         6          0          0          0          0        152   heapauxi.o
         0          0          0          0          0          0   indicate_semi.o
         2          0          0          0          0          0   libinit.o
         6          0          0          0          0          0   libinit2.o
         2          0          0          0          0          0   libshutdown.o
         2          0          0          0          0          0   libshutdown2.o
         8          4          0          0         96         68   libspace.o
       240          0          0          0          0        100   lludivv7m.o
        78          0          0          0          0         80   rt_memclr_w.o
       138          0          0          0          0         68   rt_memcpy_v6.o
       100          0          0          0          0         80   rt_memcpy_w.o
         2          0          0          0          0          0   rtexit.o
        10          0          0          0          0          0   rtexit2.o
        12          4          0          0          0         68   sys_exit.o
        74          0          0          0          0         80   sys_stackheap_outer.o
         2          0          0          0          0         68   use_no_semi.o
        26          0          0          0          0        116   fpinit.o

    ----------------------------------------------------------------------
       882         16          0          0         96       1096   Library Totals
         8          0          0          0          0          0   (incl. Padding)

    ----------------------------------------------------------------------

      Code (inc. data)   RO Data    RW Data    ZI Data      Debug   Library Name

       848         16          0          0         96        980   c_w.l
        26          0          0          0          0        116   fz_wm.l

    ----------------------------------------------------------------------
       882         16          0          0         96       1096   Library Totals

    ----------------------------------------------------------------------

==============================================================================


      Code (inc. data)   RO Data    RW Data    ZI Data      Debug   

     52454        184        634        252      69108     401911   Grand Totals
     52454        184        634        252      69108     401911   ELF Image Totals
     52454        184        634        252          0          0   ROM Totals

==============================================================================

    Total RO  Size (Code + RO Data)                53088 (  51.84kB)
    Total RW  Size (RW Data + ZI Data)             69360 (  67.73kB)
    Total ROM Size (Code + RO Data + RW Data)      53340 (  52.09kB)

==============================================================================

