Component: ARM Compiler 6.16 Tool: armlink [5dfeaa00]

==============================================================================

Section Cross References

    ins_task.o(.text.INS_Task) refers to ins_task.o(.bss.mahony) for mahony
    ins_task.o(.text.INS_Task) refers to mahony_filter.o(.text.mahony_init) for mahony_init
    ins_task.o(.text.INS_Task) refers to ins_task.o(.bss.INS_DWT_Count) for INS_DWT_Count
    ins_task.o(.text.INS_Task) refers to bsp_dwt.o(.text.DWT_GetDeltaT) for DWT_GetDeltaT
    ins_task.o(.text.INS_Task) refers to ins_task.o(.bss.ins_dt) for ins_dt
    ins_task.o(.text.INS_Task) refers to bmi088driver.o(.bss.BMI088) for BMI088
    ins_task.o(.text.INS_Task) refers to bmi088driver.o(.text.BMI088_Read) for BMI088_Read
    ins_task.o(.text.INS_Task) refers to ins_task.o(.bss.INS) for INS
    ins_task.o(.text.INS_Task) refers to ins_task.o(.bss.Accel) for Accel
    ins_task.o(.text.INS_Task) refers to ins_task.o(.bss.Gyro) for Gyro
    ins_task.o(.text.INS_Task) refers to mahony_filter.o(.text.mahony_input) for mahony_input
    ins_task.o(.text.INS_Task) refers to mahony_filter.o(.text.mahony_update) for mahony_update
    ins_task.o(.text.INS_Task) refers to mahony_filter.o(.text.mahony_output) for mahony_output
    ins_task.o(.text.INS_Task) refers to mahony_filter.o(.text.RotationMatrix_update) for RotationMatrix_update
    ins_task.o(.text.INS_Task) refers to ins_task.o(.bss.ins_time) for ins_time
    ins_task.o(.text.INS_Task) refers to cmsis_os2.o(.text.osDelay) for osDelay
    ins_task.o(.ARM.exidx.text.INS_Task) refers to ins_task.o(.text.INS_Task) for [Anonymous Symbol]
    chassis_task.o(.text.Chassis_Task) refers to watchdog.o(.bss.dog) for dog
    chassis_task.o(.text.Chassis_Task) refers to watchdog.o(.text._ZN8WatchDog4initEP16WatchDog_TypeDefj) for WatchDog::init(WatchDog_TypeDef*, unsigned int)
    chassis_task.o(.text.Chassis_Task) refers to chassis.o(.bss.Chassis) for Chassis
    chassis_task.o(.text.Chassis_Task) refers to chassis.o(.text._ZN13Chassis_Class4initEv) for Chassis_Class::init()
    chassis_task.o(.text.Chassis_Task) refers to tasks.o(.text.xTaskGetTickCount) for xTaskGetTickCount
    chassis_task.o(.text.Chassis_Task) refers to chassis_task.o(.bss._ZZ12Chassis_TaskE11currentTime) for Chassis_Task::currentTime
    chassis_task.o(.text.Chassis_Task) refers to chassis.o(.text._ZN13Chassis_Class6decideEv) for Chassis_Class::decide()
    chassis_task.o(.text.Chassis_Task) refers to chassis.o(.text._ZN13Chassis_Class7ControlEv) for Chassis_Class::Control()
    chassis_task.o(.text.Chassis_Task) refers to dvc_unitree.o(.bss.Unitree) for Unitree
    chassis_task.o(.text.Chassis_Task) refers to dvc_unitree.o(.text._ZN13Unitree_Class11modify_dataEP10MotorCmd_t) for Unitree_Class::modify_data(MotorCmd_t*)
    chassis_task.o(.text.Chassis_Task) refers to chassis.o(.text._ZN13Chassis_Class9speed_getEP16MotorSpeed_Ref_tP18ChassisSpeed_Ref_t) for Chassis_Class::speed_get(MotorSpeed_Ref_t*, ChassisSpeed_Ref_t*)
    chassis_task.o(.text.Chassis_Task) refers to chassis.o(.text._ZN13Chassis_Class12Control_loopEv) for Chassis_Class::Control_loop()
    chassis_task.o(.text.Chassis_Task) refers to chassis.o(.text._ZN13Chassis_Class8Can_SendEv) for Chassis_Class::Can_Send()
    chassis_task.o(.text.Chassis_Task) refers to tasks.o(.text.vTaskDelayUntil) for vTaskDelayUntil
    chassis_task.o(.ARM.exidx.text.Chassis_Task) refers to chassis_task.o(.text.Chassis_Task) for [Anonymous Symbol]
    plotter_task.o(.text.__cxx_global_var_init) refers to plotter_task.o(.bss.plotter) for plotter
    plotter_task.o(.text.__cxx_global_var_init) refers to usart.o(.bss.huart10) for huart10
    plotter_task.o(.text.__cxx_global_var_init) refers to plotter.o(.text._ZN2at7PlotterC2EP20__UART_HandleTypeDefb) for at::Plotter::Plotter(__UART_HandleTypeDef*, bool)
    plotter_task.o(.ARM.exidx.text.__cxx_global_var_init) refers to plotter_task.o(.text.__cxx_global_var_init) for [Anonymous Symbol]
    plotter_task.o(.text.plotter_task) refers to cmsis_os2.o(.text.osDelay) for osDelay
    plotter_task.o(.ARM.exidx.text.plotter_task) refers to plotter_task.o(.text.plotter_task) for [Anonymous Symbol]
    plotter_task.o(.text._GLOBAL__sub_I_plotter_task.cpp) refers to plotter_task.o(.text.__cxx_global_var_init) for __cxx_global_var_init
    plotter_task.o(.ARM.exidx.text._GLOBAL__sub_I_plotter_task.cpp) refers to plotter_task.o(.text._GLOBAL__sub_I_plotter_task.cpp) for [Anonymous Symbol]
    plotter_task.o(.init_array) refers to plotter_task.o(.text._GLOBAL__sub_I_plotter_task.cpp) for _GLOBAL__sub_I_plotter_task.cpp
    buzzer_task.o(.text.__cxx_global_var_init) refers to buzzer_task.o(.bss.buzzer) for buzzer
    buzzer_task.o(.text.__cxx_global_var_init) refers to tim.o(.bss.htim12) for htim12
    buzzer_task.o(.text.__cxx_global_var_init) refers to buzzer.o(.text._ZN2at6BuzzerC2EP17TIM_HandleTypeDeftf) for at::Buzzer::Buzzer(TIM_HandleTypeDef*, unsigned short, float)
[...]
    sqrtf                                    0x08016795   Thumb Code    62  sqrtf.o(i.sqrtf)
    _fp_init                                 0x080167d3   Thumb Code    26  fpinit.o(x$fpl$fpinit)
    __fplib_config_fpu_vfp                   0x080167eb   Thumb Code     0  fpinit.o(x$fpl$fpinit)
    __fplib_config_pureend_doubles           0x080167eb   Thumb Code     0  fpinit.o(x$fpl$fpinit)
    __I$use$fp                               0x080167ec   Number         0  usenofp.o(x$fpl$usenofp)
    D1CorePrescTable                         0x08016838   Data          16  system_stm32h7xx.o(.rodata.D1CorePrescTable)
    UARTPrescTable                           0x08016870   Data          24  stm32h7xx_hal_uart.o(.rodata.UARTPrescTable)
    buzzertask_attributes                    0x08016a88   Data          36  freertos.o(.rodata.buzzertask_attributes)
    chassistask_attributes                   0x08016aac   Data          36  freertos.o(.rodata.chassistask_attributes)
    instask_attributes                       0x08016ad0   Data          36  freertos.o(.rodata.instask_attributes)
    plottertask_attributes                   0x08016af4   Data          36  freertos.o(.rodata.plottertask_attributes)
    remotetask_attributes                    0x08016b18   Data          36  freertos.o(.rodata.remotetask_attributes)
    Region$$Table$$Base                      0x08016b84   Number         0  anon$$obj.o(Region$$Table)
    Region$$Table$$Limit                     0x08016ba4   Number         0  anon$$obj.o(Region$$Table)
    SHT$$INIT_ARRAY$$Base                    0x08016ba4   Number         0  plotter_task.o(.init_array)
    SHT$$INIT_ARRAY$$Limit                   0x08016bb4   Number         0  init_aeabi.o(.init_array)
    BMI088_ACCEL_SEN                         0x24000000   Data           4  bmi088driver.o(.data.BMI088_ACCEL_SEN)
    BMI088_GYRO_SEN                          0x24000004   Data           4  bmi088driver.o(.data.BMI088_GYRO_SEN)
    SystemCoreClock                          0x2400000c   Data           4  system_stm32h7xx.o(.data.SystemCoreClock)
    SystemD2Clock                            0x24000010   Data           4  system_stm32h7xx.o(.data.SystemD2Clock)
    caliOffset                               0x24000014   Data           1  bmi088driver.o(.data.caliOffset)
    uwTickFreq                               0x24000015   Data           1  stm32h7xx_hal.o(.data.uwTickFreq)
    uwTickPrio                               0x24000018   Data           4  stm32h7xx_hal.o(.data.uwTickPrio)
    __libspace_start                         0x24000048   Data          96  libspace.o(.bss)
    Accel                                    0x240000a8   Data          12  ins_task.o(.bss.Accel)
    __temporary_stack_top$libspace           0x240000a8   Data           0  libspace.o(.bss)
    BMI088                                   0x240000b4   Data          64  bmi088driver.o(.bss.BMI088)
    BMI088_SPI                               0x24000100   Data           4  bmi088middleware.o(.bss.BMI088_SPI)
    CYCCNT64                                 0x24000108   Data           8  bsp_dwt.o(.bss.CYCCNT64)
    Chassis                                  0x24000114   Data         712  chassis.o(.bss.Chassis)
    Gyro                                     0x240003dc   Data          12  ins_task.o(.bss.Gyro)
    INS                                      0x240003ec   Data          68  ins_task.o(.bss.INS)
    INS_DWT_Count                            0x24000430   Data           4  ins_task.o(.bss.INS_DWT_Count)
    PID                                      0x24000438   Data           1  pid.o(.bss.PID)
    RM_Class                                 0x2400043c   Data         200  drv_dji_motor.o(.bss.RM_Class)
    RxHeader1                                0x24000504   Data          40  bsp_can.o(.bss.RxHeader1)
    RxHeader2                                0x2400052c   Data          40  bsp_can.o(.bss.RxHeader2)
    RxHeader3                                0x24000554   Data          40  bsp_can.o(.bss.RxHeader3)
    SysTime                                  0x2400057c   Data           8  bsp_dwt.o(.bss.SysTime)
    Unitree                                  0x24000584   Data         244  dvc_unitree.o(.bss.Unitree)
    buzzer                                   0x240006d8   Data          12  buzzer_task.o(.bss.buzzer)
    buzzertaskHandle                         0x240006e4   Data           4  freertos.o(.bss.buzzertaskHandle)
    caliCount                                0x240006e8   Data           2  bmi088driver.o(.bss.caliCount)
    chassistaskHandle                        0x240006ec   Data           4  freertos.o(.bss.chassistaskHandle)
    dog                                      0x240006f0   Data          84  watchdog.o(.bss.dog)
    gNormDiff                                0x24000748   Data           4  bmi088driver.o(.bss.gNormDiff)
    g_Can1RxData                             0x2400074c   Data          64  bsp_can.o(.bss.g_Can1RxData)
    g_Can2RxData                             0x2400078c   Data          64  bsp_can.o(.bss.g_Can2RxData)
    g_Can3RxData                             0x240007cc   Data          64  bsp_can.o(.bss.g_Can3RxData)
    gyroDiff                                 0x2400080c   Data          12  bmi088driver.o(.bss.gyroDiff)
    hdma_spi2_rx                             0x24000818   Data         120  spi.o(.bss.hdma_spi2_rx)
    hdma_spi2_tx                             0x24000890   Data         120  spi.o(.bss.hdma_spi2_tx)
    hdma_uart5_rx                            0x24000908   Data         120  usart.o(.bss.hdma_uart5_rx)
    hdma_usart10_rx                          0x24000980   Data         120  usart.o(.bss.hdma_usart10_rx)
    hdma_usart10_tx                          0x240009f8   Data         120  usart.o(.bss.hdma_usart10_tx)
    hdma_usart2_rx                           0x24000a70   Data         120  usart.o(.bss.hdma_usart2_rx)
    hdma_usart2_tx                           0x24000ae8   Data         120  usart.o(.bss.hdma_usart2_tx)
    hdma_usart3_rx                           0x24000b60   Data         120  usart.o(.bss.hdma_usart3_rx)
    hdma_usart3_tx                           0x24000bd8   Data         120  usart.o(.bss.hdma_usart3_tx)
    hfdcan1                                  0x24000c50   Data         160  fdcan.o(.bss.hfdcan1)
    hfdcan2                                  0x24000cf0   Data         160  fdcan.o(.bss.hfdcan2)
    hfdcan3                                  0x24000d90   Data         160  fdcan.o(.bss.hfdcan3)
    hspi2                                    0x24000e30   Data         136  spi.o(.bss.hspi2)
    htim12                                   0x24000eb8   Data          76  tim.o(.bss.htim12)
    htim2                                    0x24000f04   Data          76  stm32h7xx_hal_timebase_tim.o(.bss.htim2)
    htim3                                    0x24000f50   Data          76  tim.o(.bss.htim3)
    huart10                                  0x24000f9c   Data         148  usart.o(.bss.huart10)
    huart2                                   0x24001030   Data         148  usart.o(.bss.huart2)
    huart3                                   0x240010c4   Data         148  usart.o(.bss.huart3)
    huart5                                   0x24001158   Data         148  usart.o(.bss.huart5)
    ins_dt                                   0x240011ec   Data           4  ins_task.o(.bss.ins_dt)
    ins_time                                 0x240011f0   Data           4  ins_task.o(.bss.ins_time)
    instaskHandle                            0x240011f4   Data           4  freertos.o(.bss.instaskHandle)
    mahony                                   0x240011f8   Data         132  ins_task.o(.bss.mahony)
    plotter                                  0x2400127c   Data          60  plotter_task.o(.bss.plotter)
    plottertaskHandle                        0x240012b8   Data           4  freertos.o(.bss.plottertaskHandle)
    pxCurrentTCB                             0x240013b0   Data           4  tasks.o(.bss.pxCurrentTCB)
    remote                                   0x24001828   Data         108  sbus.o(.bss.remote)
    remotetaskHandle                         0x24001894   Data           4  freertos.o(.bss.remotetaskHandle)
    uwTick                                   0x240054a0   Data           4  stm32h7xx_hal.o(.bss.uwTick)
    xQueueRegistry                           0x24005bfc   Data          64  queue.o(.bss.xQueueRegistry)



==============================================================================

Memory Map of the image

  Image Entry point : 0x080002cd

  Load Region LR_IROM1 (Base: 0x08000000, Size: 0x00016c00, Max: 0x00100000, ABSOLUTE)

    Execution Region ER_IROM1 (Exec base: 0x08000000, Load base: 0x08000000, Size: 0x00016bb4, Max: 0x00100000, ABSOLUTE)

    Exec Addr    Load Addr    Size         Type   Attr      Idx    E Section Name        Object

    0x08000000   0x08000000   0x000002cc   Data   RO          634    RESET               startup_stm32h723xx.o
    0x080002cc   0x080002cc   0x00000008   Code   RO         3119  * !!!main             c_w.l(__main.o)
    0x080002d4   0x080002d4   0x00000034   Code   RO         3371    !!!scatter          c_w.l(__scatter.o)
    0x08000308   0x08000308   0x0000001a   Code   RO         3373    !!handler_copy      c_w.l(__scatter_copy.o)
    0x08000322   0x08000322   0x00000002   PAD
    0x08000324   0x08000324   0x0000001c   Code   RO         3375    !!handler_zi        c_w.l(__scatter_zi.o)
    0x08000340   0x08000340   0x00000002   Code   RO         3291    .ARM.Collect$$libinit$$00000000  c_w.l(libinit.o)
    0x08000342   0x08000342   0x00000004   Code   RO         3176    .ARM.Collect$$libinit$$00000001  c_w.l(libinit2.o)
    0x08000346   0x08000346   0x00000000   Code   RO         3179    .ARM.Collect$$libinit$$00000004  c_w.l(libinit2.o)
    0x08000346   0x08000346   0x00000000   Code   RO         3182    .ARM.Collect$$libinit$$0000000A  c_w.l(libinit2.o)
    0x08000346   0x08000346   0x00000000   Code   RO         3184    .ARM.Collect$$libinit$$0000000C  c_w.l(libinit2.o)
    0x08000346   0x08000346   0x00000000   Code   RO         3186    .ARM.Collect$$libinit$$0000000E  c_w.l(libinit2.o)
    0x08000346   0x08000346   0x00000000   Code   RO         3189    .ARM.Collect$$libinit$$00000011  c_w.l(libinit2.o)
    0x08000346   0x08000346   0x00000000   Code   RO         3191    .ARM.Collect$$libinit$$00000013  c_w.l(libinit2.o)
    0x08000346   0x08000346   0x00000000   Code   RO         3193    .ARM.Collect$$libinit$$00000015  c_w.l(libinit2.o)
    0x08000346   0x08000346   0x00000000   Code   RO         3195    .ARM.Collect$$libinit$$00000017  c_w.l(libinit2.o)
    0x08000346   0x08000346   0x00000000   Code   RO         3197    .ARM.Collect$$libinit$$00000019  c_w.l(libinit2.o)
    0x08000346   0x08000346   0x00000000   Code   RO         3199    .ARM.Collect$$libinit$$0000001B  c_w.l(libinit2.o)
    0x08000346   0x08000346   0x00000000   Code   RO         3201    .ARM.Collect$$libinit$$0000001D  c_w.l(libinit2.o)
    0x08000346   0x08000346   0x00000000   Code   RO         3203    .ARM.Collect$$libinit$$0000001F  c_w.l(libinit2.o)
    0x08000346   0x08000346   0x00000000   Code   RO         3205    .ARM.Collect$$libinit$$00000021  c_w.l(libinit2.o)
    0x08000346   0x08000346   0x00000000   Code   RO         3207    .ARM.Collect$$libinit$$00000023  c_w.l(libinit2.o)
    0x08000346   0x08000346   0x00000000   Code   RO         3209    .ARM.Collect$$libinit$$00000025  c_w.l(libinit2.o)
    0x08000346   0x08000346   0x00000000   Code   RO         3213    .ARM.Collect$$libinit$$0000002C  c_w.l(libinit2.o)
    0x08000346   0x08000346   0x00000000   Code   RO         3215    .ARM.Collect$$libinit$$0000002E  c_w.l(libinit2.o)
    0x08000346   0x08000346   0x00000000   Code   RO         3217    .ARM.Collect$$libinit$$00000030  c_w.l(libinit2.o)
    0x08000346   0x08000346   0x00000004   Code   RO         3218    .ARM.Collect$$libinit$$00000031  c_w.l(libinit2.o)
    0x0800034a   0x0800034a   0x00000000   Code   RO         3219    .ARM.Collect$$libinit$$00000032  c_w.l(libinit2.o)
    0x0800034a   0x0800034a   0x00000002   Code   RO         3220    .ARM.Collect$$libinit$$00000033  c_w.l(libinit2.o)
    0x0800034c   0x0800034c   0x00000002   Code   RO         3338    .ARM.Collect$$libshutdown$$00000000  c_w.l(libshutdown.o)
    0x0800034e   0x0800034e   0x00000000   Code   RO         3354    .ARM.Collect$$libshutdown$$00000002  c_w.l(libshutdown2.o)
    0x0800034e   0x0800034e   0x00000000   Code   RO         3356    .ARM.Collect$$libshutdown$$00000004  c_w.l(libshutdown2.o)
    0x0800034e   0x0800034e   0x00000000   Code   RO         3359    .ARM.Collect$$libshutdown$$00000007  c_w.l(libshutdown2.o)
    0x0800034e   0x0800034e   0x00000000   Code   RO         3362    .ARM.Collect$$libshutdown$$0000000A  c_w.l(libshutdown2.o)
    0x0800034e   0x0800034e   0x00000000   Code   RO         3364    .ARM.Collect$$libshutdown$$0000000C  c_w.l(libshutdown2.o)
    0x0800034e   0x0800034e   0x00000000   Code   RO         3367    .ARM.Collect$$libshutdown$$0000000F  c_w.l(libshutdown2.o)
    0x0800034e   0x0800034e   0x00000002   Code   RO         3368    .ARM.Collect$$libshutdown$$00000010  c_w.l(libshutdown2.o)
    0x08000350   0x08000350   0x00000000   Code   RO         3169    .ARM.Collect$$rtentry$$00000000  c_w.l(__rtentry.o)
    0x08000350   0x08000350   0x00000000   Code   RO         3246    .ARM.Collect$$rtentry$$00000002  c_w.l(__rtentry2.o)
    0x08000350   0x08000350   0x00000006   Code   RO         3258    .ARM.Collect$$rtentry$$00000004  c_w.l(__rtentry4.o)
    0x08000356   0x08000356   0x00000000   Code   RO         3248    .ARM.Collect$$rtentry$$00000009  c_w.l(__rtentry2.o)
    0x08000356   0x08000356   0x00000004   Code   RO         3249    .ARM.Collect$$rtentry$$0000000A  c_w.l(__rtentry2.o)
    0x0800035a   0x0800035a   0x00000000   Code   RO         3251    .ARM.Collect$$rtentry$$0000000C  c_w.l(__rtentry2.o)
    0x0800035a   0x0800035a   0x00000008   Code   RO         3252    .ARM.Collect$$rtentry$$0000000D  c_w.l(__rtentry2.o)
    0x08000362   0x08000362   0x00000002   Code   RO         3296    .ARM.Collect$$rtexit$$00000000  c_w.l(rtexit.o)
    0x08000364   0x08000364   0x00000000   Code   RO         3318    .ARM.Collect$$rtexit$$00000002  c_w.l(rtexit2.o)
    0x08000364   0x08000364   0x00000004   Code   RO         3319    .ARM.Collect$$rtexit$$00000003  c_w.l(rtexit2.o)
    0x08000368   0x08000368   0x00000006   Code   RO         3320    .ARM.Collect$$rtexit$$00000004  c_w.l(rtexit2.o)
    0x0800036e   0x0800036e   0x00000002   PAD
    0x08000370   0x08000370   0x00000048   Code   RO          635    .text               startup_stm32h723xx.o
    0x080003b8   0x080003b8   0x000000f0   Code   RO         3103    .text               c_w.l(lludivv7m.o)
    0x080004a8   0x080004a8   0x0000008a   Code   RO         3105    .text               c_w.l(rt_memcpy_v6.o)
    0x08000532   0x08000532   0x00000064   Code   RO         3107    .text               c_w.l(rt_memcpy_w.o)
    0x08000596   0x08000596   0x00000010   Code   RO         3111    .text               c_w.l(aeabi_memset4.o)
    0x080005a6   0x080005a6   0x00000044   Code   RO         3113    .text               c_w.l(rt_memclr.o)
    0x080005ea   0x080005ea   0x0000004e   Code   RO         3115    .text               c_w.l(rt_memclr_w.o)
    0x08000638   0x08000638   0x00000006   Code   RO         3117    .text               c_w.l(heapauxi.o)
    0x0800063e   0x0800063e   0x00000002   PAD
    0x08000640   0x08000640   0x00000024   Code   RO         3124    .text               c_w.l(init_aeabi.o)
    0x08000664   0x08000664   0x00000016   Code   RO         3174    .text               c_w.l(_rserrno.o)
    0x0800067a   0x0800067a   0x00000002   PAD
    0x0800067c   0x0800067c   0x00000008   Code   RO         3265    .text               c_w.l(rt_errno_addr_intlibspace.o)
    0x08000684   0x08000684   0x00000008   Code   RO         3271    .text               c_w.l(libspace.o)
    0x0800068c   0x0800068c   0x0000004a   Code   RO         3274    .text               c_w.l(sys_stackheap_outer.o)
    0x080006d6   0x080006d6   0x00000012   Code   RO         3276    .text               c_w.l(exit.o)
    0x080006e8   0x080006e8   0x0000000c   Code   RO         3310    .text               c_w.l(sys_exit.o)
    0x080006f4   0x080006f4   0x00000002   Code   RO         3314    .text               c_w.l(use_no_semi.o)
    0x080006f6   0x080006f6   0x00000000   Code   RO         3316    .text               c_w.l(indicate_semi.o)
    0x080006f6   0x080006f6   0x00000002   PAD
    0x080006f8   0x080006f8   0x00000014   Code   RO          159    .text.BMI088_ACCEL_NS_H  bmi088middleware.o
    0x0800070c   0x0800070c   0x00000004   PAD
    0x08000710   0x08000710   0x00000014   Code   RO          157    .text.BMI088_ACCEL_NS_L  bmi088middleware.o
    0x08000724   0x08000724   0x00000004   PAD
    0x08000728   0x08000728   0x00000014   Code   RO          163    .text.BMI088_GYRO_NS_H  bmi088middleware.o
    0x0800073c   0x0800073c   0x00000004   PAD
    0x08000740   0x08000740   0x00000014   Code   RO          161    .text.BMI088_GYRO_NS_L  bmi088middleware.o
    0x08000754   0x08000754   0x00000004   PAD
    0x08000758   0x08000758   0x0000034e   Code   RO          189    .text.BMI088_Read   bmi088driver.o
    0x08000aa6   0x08000aa6   0x00000002   PAD
    0x08000aa8   0x08000aa8   0x000000cc   Code   RO          177    .text.BMI088_init   bmi088driver.o
    0x08000b74   0x08000b74   0x00000004   PAD
    0x08000b78   0x08000b78   0x00000044   Code   RO          191    .text.BMI088_read_muli_reg  bmi088driver.o
    0x08000bbc   0x08000bbc   0x00000004   PAD
    0x08000bc0   0x08000bc0   0x00000024   Code   RO          187    .text.BMI088_read_single_reg  bmi088driver.o
    0x08000be4   0x08000be4   0x00000004   PAD
    0x08000be8   0x08000be8   0x00000030   Code   RO          165    .text.BMI088_read_write_byte  bmi088middleware.o
    0x08000c18   0x08000c18   0x00000020   Code   RO          185    .text.BMI088_write_single_reg  bmi088driver.o
    0x08000c38   0x08000c38   0x00000004   Code   RO          562    .text.BusFault_Handler  stm32h7xx_it.o
    0x08000c3c   0x08000c3c   0x00000004   PAD
    0x08000c40   0x08000c40   0x00000064   Code   RO           44    .text.Buzzer_Task   buzzer_task.o
    0x08000ca4   0x08000ca4   0x00000004   PAD
    0x08000ca8   0x08000ca8   0x000007c0   Code   RO          183    .text.Calibrate_MPU_Offset  bmi088driver.o
    0x08001468   0x08001468   0x000000dc   Code   RO           18    .text.Chassis_Task  chassis_task.o
    0x08001544   0x08001544   0x00000004   PAD
    0x08001548   0x08001548   0x00000010   Code   RO          568    .text.DMA1_Stream0_IRQHandler  stm32h7xx_it.o
    0x08001558   0x08001558   0x00000010   Code   RO          570    .text.DMA1_Stream1_IRQHandler  stm32h7xx_it.o
    0x08001568   0x08001568   0x00000010   Code   RO          572    .text.DMA1_Stream2_IRQHandler  stm32h7xx_it.o
    0x08001578   0x08001578   0x00000010   Code   RO          574    .text.DMA1_Stream3_IRQHandler  stm32h7xx_it.o
    0x08001588   0x08001588   0x00000010   Code   RO          576    .text.DMA1_Stream4_IRQHandler  stm32h7xx_it.o
    0x08001598   0x08001598   0x00000010   Code   RO          578    .text.DMA1_Stream5_IRQHandler  stm32h7xx_it.o
    0x080015a8   0x080015a8   0x00000010   Code   RO          580    .text.DMA1_Stream6_IRQHandler  stm32h7xx_it.o
    0x080015b8   0x080015b8   0x00000010   Code   RO          594    .text.DMA1_Stream7_IRQHandler  stm32h7xx_it.o
    0x080015c8   0x080015c8   0x00000010   Code   RO          598    .text.DMA2_Stream0_IRQHandler  stm32h7xx_it.o
    0x080015d8   0x080015d8   0x000001ca   Code   RO         1327    .text.DMA_CalcBaseAndBitshift  stm32h7xx_hal_dma.o
    0x080017a2   0x080017a2   0x00000006   PAD
    0x080017a8   0x080017a8   0x00000178   Code   RO         1329    .text.DMA_CalcDMAMUXChannelBaseAndMask  stm32h7xx_hal_dma.o
    0x08001920   0x08001920   0x0000012a   Code   RO         1331    .text.DMA_CalcDMAMUXRequestGenBaseAndMask  stm32h7xx_hal_dma.o
    0x08001a4a   0x08001a4a   0x00000006   PAD
    0x08001a50   0x08001a50   0x000000f0   Code   RO         1325    .text.DMA_CheckFifoParam  stm32h7xx_hal_dma.o
    0x08001b40   0x08001b40   0x00000514   Code   RO         1337    .text.DMA_SetConfig  stm32h7xx_hal_dma.o
    0x08002054   0x08002054   0x00000004   PAD
    0x08002058   0x08002058   0x00000058   Code   RO          119    .text.DWT_Delay     bsp_dwt.o
    0x080020b0   0x080020b0   0x0000004c   Code   RO          105    .text.DWT_GetDeltaT  bsp_dwt.o
    0x080020fc   0x080020fc   0x00000004   PAD
    0x08002100   0x08002100   0x00000050   Code   RO          113    .text.DWT_GetTimeline_s  bsp_dwt.o
    0x08002150   0x08002150   0x00000088   Code   RO          103    .text.DWT_Init      bsp_dwt.o
    0x080021d8   0x080021d8   0x000000fc   Code   RO          111    .text.DWT_SysTimeUpdate  bsp_dwt.o
    0x080022d4   0x080022d4   0x00000004   PAD
    0x080022d8   0x080022d8   0x00000002   Code   RO          566    .text.DebugMon_Handler  stm32h7xx_it.o
    0x080022da   0x080022da   0x00000006   PAD
    0x080022e0   0x080022e0   0x0000000e   Code   RO          412    .text.Error_Handler  main.o
    0x080022ee   0x080022ee   0x00000002   PAD
    0x080022f0   0x080022f0   0x00000028   Code   RO         2420    .text.ExitRun0Mode  system_stm32h7xx.o
    0x08002318   0x08002318   0x00000010   Code   RO          582    .text.FDCAN1_IT0_IRQHandler  stm32h7xx_it.o
    0x08002328   0x08002328   0x00000010   Code   RO          584    .text.FDCAN2_IT0_IRQHandler  stm32h7xx_it.o
    0x08002338   0x08002338   0x00000010   Code   RO          602    .text.FDCAN3_IT0_IRQHandler  stm32h7xx_it.o
    0x08002348   0x08002348   0x000002c2   Code   RO         1898    .text.FDCAN_CalcultateRamBlockAddresses  stm32h7xx_hal_fdcan.o
    0x0800260a   0x0800260a   0x00000006   PAD
    0x08002610   0x08002610   0x000000b8   Code   RO         1968    .text.FDCAN_CopyMessageToRAM  stm32h7xx_hal_fdcan.o
    0x080026c8   0x080026c8   0x00000978   Code   RO         1341    .text.HAL_DMA_Abort  stm32h7xx_hal_dma.o
    0x08003040   0x08003040   0x000006aa   Code   RO         1343    .text.HAL_DMA_Abort_IT  stm32h7xx_hal_dma.o
    0x080036ea   0x080036ea   0x00000006   PAD
    0x080036f0   0x080036f0   0x000011c0   Code   RO         1347    .text.HAL_DMA_IRQHandler  stm32h7xx_hal_dma.o
    0x080048b0   0x080048b0   0x00000962   Code   RO         1323    .text.HAL_DMA_Init  stm32h7xx_hal_dma.o
    0x08005212   0x08005212   0x00000006   PAD
    0x08005218   0x08005218   0x00000702   Code   RO         1339    .text.HAL_DMA_Start_IT  stm32h7xx_hal_dma.o
    0x0800591a   0x0800591a   0x00000006   PAD
    0x08005920   0x08005920   0x00000042   Code   RO         1583    .text.HAL_Delay     stm32h7xx_hal.o
    0x08005962   0x08005962   0x00000006   PAD
    0x08005968   0x08005968   0x000000fe   Code   RO         2046    .text.HAL_FDCAN_ActivateNotification  stm32h7xx_hal_fdcan.o
    0x08005a66   0x08005a66   0x00000002   PAD
    0x08005a68   0x08005a68   0x000000ca   Code   RO         1966    .text.HAL_FDCAN_AddMessageToTxFifoQ  stm32h7xx_hal_fdcan.o
    0x08005b32   0x08005b32   0x00000006   PAD
    0x08005b38   0x08005b38   0x0000000a   Code   RO         2060    .text.HAL_FDCAN_ClockCalibrationCallback  stm32h7xx_hal_fdcan.o
    0x08005b42   0x08005b42   0x00000006   PAD
    0x08005b48   0x08005b48   0x00000116   Code   RO         1918    .text.HAL_FDCAN_ConfigFilter  stm32h7xx_hal_fdcan.o
    0x08005c5e   0x08005c5e   0x00000002   PAD
    0x08005c60   0x08005c60   0x0000005c   Code   RO         1920    .text.HAL_FDCAN_ConfigGlobalFilter  stm32h7xx_hal_fdcan.o
    0x08005cbc   0x08005cbc   0x00000004   PAD
    0x08005cc0   0x08005cc0   0x00000008   Code   RO         2088    .text.HAL_FDCAN_ErrorCallback  stm32h7xx_hal_fdcan.o
    0x08005cc8   0x08005cc8   0x0000000a   Code   RO         2078    .text.HAL_FDCAN_ErrorStatusCallback  stm32h7xx_hal_fdcan.o
    0x08005cd2   0x08005cd2   0x00000006   PAD
    0x08005cd8   0x08005cd8   0x000002f8   Code   RO         1978    .text.HAL_FDCAN_GetRxMessage  stm32h7xx_hal_fdcan.o
    0x08005fd0   0x08005fd0   0x00000008   Code   RO         2056    .text.HAL_FDCAN_HighPriorityMessageCallback  stm32h7xx_hal_fdcan.o
    0x08005fd8   0x08005fd8   0x000005e2   Code   RO         2054    .text.HAL_FDCAN_IRQHandler  stm32h7xx_hal_fdcan.o
    0x080065ba   0x080065ba   0x00000006   PAD
    0x080065c0   0x080065c0   0x000003e0   Code   RO         1894    .text.HAL_FDCAN_Init  stm32h7xx_hal_fdcan.o
    0x080069a0   0x080069a0   0x000001f2   Code   RO          476    .text.HAL_FDCAN_MspInit  fdcan.o
    0x08006b92   0x08006b92   0x00000006   PAD
    0x08006b98   0x08006b98   0x00000008   Code   RO         2072    .text.HAL_FDCAN_RxBufferNewMessageCallback  stm32h7xx_hal_fdcan.o
    0x08006ba0   0x08006ba0   0x00000152   Code   RO          140    .text.HAL_FDCAN_RxFifo0Callback  bsp_can.o
    0x08006cf2   0x08006cf2   0x00000006   PAD
    0x08006cf8   0x08006cf8   0x00000052   Code   RO          142    .text.HAL_FDCAN_RxFifo1Callback  bsp_can.o
    0x08006d4a   0x08006d4a   0x00000006   PAD
    0x08006d50   0x08006d50   0x00000050   Code   RO         1964    .text.HAL_FDCAN_Start  stm32h7xx_hal_fdcan.o
    0x08006da0   0x08006da0   0x0000000a   Code   RO         2086    .text.HAL_FDCAN_TT_GlobalTimeCallback  stm32h7xx_hal_fdcan.o
    0x08006daa   0x08006daa   0x00000006   PAD
    0x08006db0   0x08006db0   0x0000000a   Code   RO         2080    .text.HAL_FDCAN_TT_ScheduleSyncCallback  stm32h7xx_hal_fdcan.o
    0x08006dba   0x08006dba   0x00000006   PAD
    0x08006dc0   0x08006dc0   0x0000000c   Code   RO         2084    .text.HAL_FDCAN_TT_StopWatchCallback  stm32h7xx_hal_fdcan.o
    0x08006dcc   0x08006dcc   0x00000004   PAD
    0x08006dd0   0x08006dd0   0x0000000a   Code   RO         2082    .text.HAL_FDCAN_TT_TimeMarkCallback  stm32h7xx_hal_fdcan.o
    0x08006dda   0x08006dda   0x00000006   PAD
    0x08006de0   0x08006de0   0x00000008   Code   RO         2076    .text.HAL_FDCAN_TimeoutOccurredCallback  stm32h7xx_hal_fdcan.o
    0x08006de8   0x08006de8   0x00000008   Code   RO         2074    .text.HAL_FDCAN_TimestampWraparoundCallback  stm32h7xx_hal_fdcan.o
    0x08006df0   0x08006df0   0x0000000a   Code   RO         2058    .text.HAL_FDCAN_TxBufferAbortCallback  stm32h7xx_hal_fdcan.o
    0x08006dfa   0x08006dfa   0x00000006   PAD
    0x08006e00   0x08006e00   0x0000000a   Code   RO         2070    .text.HAL_FDCAN_TxBufferCompleteCallback  stm32h7xx_hal_fdcan.o
    0x08006e0a   0x08006e0a   0x00000006   PAD
    0x08006e10   0x08006e10   0x0000000a   Code   RO         2062    .text.HAL_FDCAN_TxEventFifoCallback  stm32h7xx_hal_fdcan.o
    0x08006e1a   0x08006e1a   0x00000006   PAD
    0x08006e20   0x08006e20   0x00000008   Code   RO         2068    .text.HAL_FDCAN_TxFifoEmptyCallback  stm32h7xx_hal_fdcan.o
    0x08006e28   0x08006e28   0x000003a8   Code   RO         1271    .text.HAL_GPIO_Init  stm32h7xx_hal_gpio.o
    0x080071d0   0x080071d0   0x0000002e   Code   RO         1277    .text.HAL_GPIO_WritePin  stm32h7xx_hal_gpio.o
    0x080071fe   0x080071fe   0x00000002   PAD
    0x08007200   0x08007200   0x0000000c   Code   RO         1575    .text.HAL_GetTick   stm32h7xx_hal.o
    0x0800720c   0x0800720c   0x00000004   PAD
    0x08007210   0x08007210   0x0000001a   Code   RO         1573    .text.HAL_IncTick   stm32h7xx_hal.o
    0x0800722a   0x0800722a   0x00000006   PAD
    0x08007230   0x08007230   0x0000007a   Code   RO         1563    .text.HAL_Init      stm32h7xx_hal.o
    0x080072aa   0x080072aa   0x00000006   PAD
    0x080072b0   0x080072b0   0x000000d8   Code   RO          619    .text.HAL_InitTick  stm32h7xx_hal_timebase_tim.o
    0x08007388   0x08007388   0x00000032   Code   RO          611    .text.HAL_MspInit   stm32h7xx_hal_msp.o
    0x080073ba   0x080073ba   0x00000006   PAD
    0x080073c0   0x080073c0   0x00000014   Code   RO         1005    .text.HAL_NVIC_EnableIRQ  stm32h7xx_hal_cortex.o
    0x080073d4   0x080073d4   0x00000004   PAD
    0x080073d8   0x080073d8   0x0000002e   Code   RO          997    .text.HAL_NVIC_SetPriority  stm32h7xx_hal_cortex.o
    0x08007406   0x08007406   0x00000002   PAD
    0x08007408   0x08007408   0x00000010   Code   RO          993    .text.HAL_NVIC_SetPriorityGrouping  stm32h7xx_hal_cortex.o
    0x08007418   0x08007418   0x000000a2   Code   RO         1480    .text.HAL_PWREx_ConfigSupply  stm32h7xx_hal_pwr_ex.o
    0x080074ba   0x080074ba   0x00000006   PAD
    0x080074c0   0x080074c0   0x00000026   Code   RO         1121    .text.HAL_RCCEx_GetD3PCLK1Freq  stm32h7xx_hal_rcc_ex.o
    0x080074e6   0x080074e6   0x00000002   PAD
    0x080074e8   0x080074e8   0x000002ac   Code   RO         1117    .text.HAL_RCCEx_GetPLL2ClockFreq  stm32h7xx_hal_rcc_ex.o
    0x08007794   0x08007794   0x00000004   PAD
    0x08007798   0x08007798   0x000002ac   Code   RO         1119    .text.HAL_RCCEx_GetPLL3ClockFreq  stm32h7xx_hal_rcc_ex.o
    0x08007a44   0x08007a44   0x00000004   PAD
    0x08007a48   0x08007a48   0x00000fec   Code   RO         1105    .text.HAL_RCCEx_PeriphCLKConfig  stm32h7xx_hal_rcc_ex.o
    0x08008a34   0x08008a34   0x00000004   PAD
    0x08008a38   0x08008a38   0x00000498   Code   RO         1074    .text.HAL_RCC_ClockConfig  stm32h7xx_hal_rcc.o
    0x08008ed0   0x08008ed0   0x00000088   Code   RO         1092    .text.HAL_RCC_GetClockConfig  stm32h7xx_hal_rcc.o
    0x08008f58   0x08008f58   0x00000056   Code   RO         1084    .text.HAL_RCC_GetHCLKFreq  stm32h7xx_hal_rcc.o
    0x08008fae   0x08008fae   0x00000002   PAD
    0x08008fb0   0x08008fb0   0x00000026   Code   RO         1086    .text.HAL_RCC_GetPCLK1Freq  stm32h7xx_hal_rcc.o
    0x08008fd6   0x08008fd6   0x00000002   PAD
    0x08008fd8   0x08008fd8   0x00000026   Code   RO         1088    .text.HAL_RCC_GetPCLK2Freq  stm32h7xx_hal_rcc.o
    0x08008ffe   0x08008ffe   0x00000002   PAD
    0x08009000   0x08009000   0x00000310   Code   RO         1076    .text.HAL_RCC_GetSysClockFreq  stm32h7xx_hal_rcc.o
    0x08009310   0x08009310   0x00000a20   Code   RO         1072    .text.HAL_RCC_OscConfig  stm32h7xx_hal_rcc.o
    0x08009d30   0x08009d30   0x000000d0   Code   RO         2371    .text.HAL_RS485Ex_Init  stm32h7xx_hal_uart_ex.o
    0x08009e00   0x08009e00   0x00000008   Code   RO         2183    .text.HAL_SPI_ErrorCallback  stm32h7xx_hal_spi.o
    0x08009e08   0x08009e08   0x00000390   Code   RO         2179    .text.HAL_SPI_IRQHandler  stm32h7xx_hal_spi.o
    0x0800a198   0x0800a198   0x00000292   Code   RO         2103    .text.HAL_SPI_Init  stm32h7xx_hal_spi.o
    0x0800a42a   0x0800a42a   0x00000006   PAD
    0x0800a430   0x0800a430   0x000001b8   Code   RO          493    .text.HAL_SPI_MspInit  spi.o
    0x0800a5e8   0x0800a5e8   0x00000008   Code   RO         2187    .text.HAL_SPI_RxCpltCallback  stm32h7xx_hal_spi.o
    0x0800a5f0   0x0800a5f0   0x00000008   Code   RO         2181    .text.HAL_SPI_SuspendCallback  stm32h7xx_hal_spi.o
    0x0800a5f8   0x0800a5f8   0x00000704   Code   RO         2121    .text.HAL_SPI_TransmitReceive  stm32h7xx_hal_spi.o
    0x0800acfc   0x0800acfc   0x00000004   PAD
    0x0800ad00   0x0800ad00   0x00000008   Code   RO         2189    .text.HAL_SPI_TxCpltCallback  stm32h7xx_hal_spi.o
    0x0800ad08   0x0800ad08   0x00000008   Code   RO         2185    .text.HAL_SPI_TxRxCpltCallback  stm32h7xx_hal_spi.o
    0x0800ad10   0x0800ad10   0x0000001e   Code   RO         1613    .text.HAL_SYSCFG_AnalogSwitchConfig  stm32h7xx_hal.o
    0x0800ad2e   0x0800ad2e   0x00000002   PAD
    0x0800ad30   0x0800ad30   0x00000008   Code   RO          980    .text.HAL_TIMEx_Break2Callback  stm32h7xx_hal_tim_ex.o
    0x0800ad38   0x0800ad38   0x00000008   Code   RO          978    .text.HAL_TIMEx_BreakCallback  stm32h7xx_hal_tim_ex.o
    0x0800ad40   0x0800ad40   0x00000008   Code   RO          974    .text.HAL_TIMEx_CommutCallback  stm32h7xx_hal_tim_ex.o
    0x0800ad48   0x0800ad48   0x0000017c   Code   RO          958    .text.HAL_TIMEx_MasterConfigSynchronization  stm32h7xx_hal_tim_ex.o
    0x0800aec4   0x0800aec4   0x00000004   PAD
    0x0800aec8   0x0800aec8   0x000000a8   Code   RO          641    .text.HAL_TIM_Base_Init  stm32h7xx_hal_tim.o
    0x0800af70   0x0800af70   0x00000008   Code   RO          643    .text.HAL_TIM_Base_MspInit  stm32h7xx_hal_tim.o
    0x0800af78   0x0800af78   0x00000128   Code   RO          655    .text.HAL_TIM_Base_Start_IT  stm32h7xx_hal_tim.o
    0x0800b0a0   0x0800b0a0   0x00000008   Code   RO          777    .text.HAL_TIM_IC_CaptureCallback  stm32h7xx_hal_tim.o
    0x0800b0a8   0x0800b0a8   0x00000250   Code   RO          775    .text.HAL_TIM_IRQHandler  stm32h7xx_hal_tim.o
    0x0800b2f8   0x0800b2f8   0x000000b8   Code   RO          509    .text.HAL_TIM_MspPostInit  tim.o
    0x0800b3b0   0x0800b3b0   0x00000008   Code   RO          779    .text.HAL_TIM_OC_DelayElapsedCallback  stm32h7xx_hal_tim.o
    0x0800b3b8   0x0800b3b8   0x000001b0   Code   RO          811    .text.HAL_TIM_PWM_ConfigChannel  stm32h7xx_hal_tim.o
    0x0800b568   0x0800b568   0x000000a8   Code   RO          695    .text.HAL_TIM_PWM_Init  stm32h7xx_hal_tim.o
    0x0800b610   0x0800b610   0x0000006e   Code   RO          513    .text.HAL_TIM_PWM_MspInit  tim.o
    0x0800b67e   0x0800b67e   0x00000002   PAD
    0x0800b680   0x0800b680   0x00000008   Code   RO          781    .text.HAL_TIM_PWM_PulseFinishedCallback  stm32h7xx_hal_tim.o
    0x0800b688   0x0800b688   0x000002a2   Code   RO          703    .text.HAL_TIM_PWM_Start  stm32h7xx_hal_tim.o
    0x0800b92a   0x0800b92a   0x00000006   PAD
    0x0800b930   0x0800b930   0x0000017c   Code   RO          705    .text.HAL_TIM_PWM_Stop  stm32h7xx_hal_tim.o
    0x0800baac   0x0800baac   0x00000004   PAD
    0x0800bab0   0x0800bab0   0x0000001c   Code   RO          414    .text.HAL_TIM_PeriodElapsedCallback  main.o
    0x0800bacc   0x0800bacc   0x00000004   PAD
    0x0800bad0   0x0800bad0   0x00000008   Code   RO          785    .text.HAL_TIM_TriggerCallback  stm32h7xx_hal_tim.o
    0x0800bad8   0x0800bad8   0x0000007c   Code   RO         2393    .text.HAL_UARTEx_DisableFifoMode  stm32h7xx_hal_uart_ex.o
    0x0800bb54   0x0800bb54   0x00000004   PAD
    0x0800bb58   0x0800bb58   0x000000b0   Code   RO         2403    .text.HAL_UARTEx_ReceiveToIdle_DMA  stm32h7xx_hal_uart_ex.o
    0x0800bc08   0x0800bc08   0x000000a8   Code   RO         2401    .text.HAL_UARTEx_ReceiveToIdle_IT  stm32h7xx_hal_uart_ex.o
    0x0800bcb0   0x0800bcb0   0x00000042   Code   RO           59    .text.HAL_UARTEx_RxEventCallback  remote_task.o
    0x0800bcf2   0x0800bcf2   0x00000006   PAD
    0x0800bcf8   0x0800bcf8   0x00000008   Code   RO         2375    .text.HAL_UARTEx_RxFifoFullCallback  stm32h7xx_hal_uart_ex.o
    0x0800bd00   0x0800bd00   0x0000008c   Code   RO         2397    .text.HAL_UARTEx_SetRxFifoThreshold  stm32h7xx_hal_uart_ex.o
    0x0800bd8c   0x0800bd8c   0x00000004   PAD
    0x0800bd90   0x0800bd90   0x0000008c   Code   RO         2395    .text.HAL_UARTEx_SetTxFifoThreshold  stm32h7xx_hal_uart_ex.o
    0x0800be1c   0x0800be1c   0x00000004   PAD
    0x0800be20   0x0800be20   0x00000008   Code   RO         2377    .text.HAL_UARTEx_TxFifoEmptyCallback  stm32h7xx_hal_uart_ex.o
    0x0800be28   0x0800be28   0x00000008   Code   RO         2373    .text.HAL_UARTEx_WakeupCallback  stm32h7xx_hal_uart_ex.o
    0x0800be30   0x0800be30   0x00000028   Code   RO           61    .text.HAL_UART_ErrorCallback  remote_task.o
    0x0800be58   0x0800be58   0x000006fe   Code   RO         2311    .text.HAL_UART_IRQHandler  stm32h7xx_hal_uart.o
    0x0800c556   0x0800c556   0x00000002   PAD
    0x0800c558   0x0800c558   0x000000aa   Code   RO         2223    .text.HAL_UART_Init  stm32h7xx_hal_uart.o
    0x0800c602   0x0800c602   0x00000006   PAD
    0x0800c608   0x0800c608   0x00000594   Code   RO          534    .text.HAL_UART_MspInit  usart.o
    0x0800cb9c   0x0800cb9c   0x00000004   PAD
    0x0800cba0   0x0800cba0   0x00000008   Code   RO         2325    .text.HAL_UART_RxCpltCallback  stm32h7xx_hal_uart.o
    0x0800cba8   0x0800cba8   0x00000008   Code   RO         2327    .text.HAL_UART_RxHalfCpltCallback  stm32h7xx_hal_uart.o
    0x0800cbb0   0x0800cbb0   0x00000108   Code   RO         2263    .text.HAL_UART_Transmit_DMA  stm32h7xx_hal_uart.o
    0x0800ccb8   0x0800ccb8   0x00000008   Code   RO         2321    .text.HAL_UART_TxCpltCallback  stm32h7xx_hal_uart.o
    0x0800ccc0   0x0800ccc0   0x00000008   Code   RO         2323    .text.HAL_UART_TxHalfCpltCallback  stm32h7xx_hal_uart.o
    0x0800ccc8   0x0800ccc8   0x00000004   Code   RO          558    .text.HardFault_Handler  stm32h7xx_it.o
    0x0800cccc   0x0800cccc   0x00000004   PAD
    0x0800ccd0   0x0800ccd0   0x00000208   Code   RO            2    .text.INS_Task      ins_task.o
    0x0800ced8   0x0800ced8   0x000000ea   Code   RO          462    .text.MX_DMA_Init   dma.o
    0x0800cfc2   0x0800cfc2   0x00000006   PAD
    0x0800cfc8   0x0800cfc8   0x000000d0   Code   RO          470    .text.MX_FDCAN1_Init  fdcan.o
    0x0800d098   0x0800d098   0x000000f6   Code   RO          472    .text.MX_FDCAN2_Init  fdcan.o
    0x0800d18e   0x0800d18e   0x00000002   PAD
    0x0800d190   0x0800d190   0x000000b6   Code   RO          474    .text.MX_FDCAN3_Init  fdcan.o
    0x0800d246   0x0800d246   0x00000002   PAD
    0x0800d248   0x0800d248   0x000000aa   Code   RO          432    .text.MX_FREERTOS_Init  freertos.o
    0x0800d2f2   0x0800d2f2   0x00000006   PAD
    0x0800d2f8   0x0800d2f8   0x000001d6   Code   RO          424    .text.MX_GPIO_Init  gpio.o
    0x0800d4ce   0x0800d4ce   0x00000002   PAD
    0x0800d4d0   0x0800d4d0   0x0000006e   Code   RO          491    .text.MX_SPI2_Init  spi.o
    0x0800d53e   0x0800d53e   0x00000002   PAD
    0x0800d540   0x0800d540   0x0000009e   Code   RO          511    .text.MX_TIM12_Init  tim.o
    0x0800d5de   0x0800d5de   0x00000002   PAD
    0x0800d5e0   0x0800d5e0   0x000000a2   Code   RO          507    .text.MX_TIM3_Init  tim.o
    0x0800d682   0x0800d682   0x00000006   PAD
    0x0800d688   0x0800d688   0x0000009c   Code   RO          526    .text.MX_UART5_Init  usart.o
    0x0800d724   0x0800d724   0x00000004   PAD
    0x0800d728   0x0800d728   0x0000008e   Code   RO          532    .text.MX_USART10_UART_Init  usart.o
    0x0800d7b6   0x0800d7b6   0x00000002   PAD
    0x0800d7b8   0x0800d7b8   0x00000092   Code   RO          528    .text.MX_USART2_UART_Init  usart.o
    0x0800d84a   0x0800d84a   0x00000006   PAD
    0x0800d850   0x0800d850   0x00000092   Code   RO          530    .text.MX_USART3_UART_Init  usart.o
    0x0800d8e2   0x0800d8e2   0x00000006   PAD
    0x0800d8e8   0x0800d8e8   0x00000004   Code   RO          560    .text.MemManage_Handler  stm32h7xx_it.o
    0x0800d8ec   0x0800d8ec   0x00000004   PAD
    0x0800d8f0   0x0800d8f0   0x00000004   Code   RO          556    .text.NMI_Handler   stm32h7xx_it.o
    0x0800d8f4   0x0800d8f4   0x00000004   PAD
    0x0800d8f8   0x0800d8f8   0x0000006c   Code   RO         1003    .text.NVIC_EncodePriority  stm32h7xx_hal_cortex.o
    0x0800d964   0x0800d964   0x0000000c   PAD
    0x0800d970   0x0800d970   0x00000064   Code   RO         3086    .text.PendSV_Handler  port.o
    0x0800d9d4   0x0800d9d4   0x00000004   PAD
    0x0800d9d8   0x0800d9d8   0x0000004a   Code   RO          410    .text.PeriphCommonClock_Config  main.o
    0x0800da22   0x0800da22   0x00000006   PAD
    0x0800da28   0x0800da28   0x000001ca   Code   RO         1107    .text.RCCEx_PLL2_Config  stm32h7xx_hal_rcc_ex.o
    0x0800dbf2   0x0800dbf2   0x00000006   PAD
    0x0800dbf8   0x0800dbf8   0x000001ca   Code   RO         1109    .text.RCCEx_PLL3_Config  stm32h7xx_hal_rcc_ex.o
    0x0800ddc2   0x0800ddc2   0x00000006   PAD
    0x0800ddc8   0x0800ddc8   0x00000056   Code   RO           57    .text.Remote_Task   remote_task.o
    0x0800de1e   0x0800de1e   0x00000002   PAD
    0x0800de20   0x0800de20   0x00000182   Code   RO          268    .text.RotationMatrix_update  mahony_filter.o
    0x0800dfa2   0x0800dfa2   0x00000006   PAD
    0x0800dfa8   0x0800dfa8   0x00000010   Code   RO          588    .text.SPI2_IRQHandler  stm32h7xx_it.o
    0x0800dfb8   0x0800dfb8   0x00000116   Code   RO         2115    .text.SPI_CloseTransfer  stm32h7xx_hal_spi.o
    0x0800e0ce   0x0800e0ce   0x00000002   PAD
    0x0800e0d0   0x0800e0d0   0x0000002c   Code   RO         2191    .text.SPI_DMAAbortOnError  stm32h7xx_hal_spi.o
    0x0800e0fc   0x0800e0fc   0x00000004   PAD
    0x0800e100   0x0800e100   0x0000002a   Code   RO         2105    .text.SPI_GetPacketSize  stm32h7xx_hal_spi.o
    0x0800e12a   0x0800e12a   0x00000006   PAD
    0x0800e130   0x0800e130   0x00000068   Code   RO         2117    .text.SPI_WaitOnFlagUntilTimeout  stm32h7xx_hal_spi.o
    0x0800e198   0x0800e198   0x00000008   PAD
    0x0800e1a0   0x0800e1a0   0x00000024   Code   RO         3070    .text.SVC_Handler   port.o
    0x0800e1c4   0x0800e1c4   0x00000004   PAD
    0x0800e1c8   0x0800e1c8   0x0000000e   Code   RO         2866    .text.SVC_Setup     cmsis_os2.o
    0x0800e1d6   0x0800e1d6   0x00000002   PAD
    0x0800e1d8   0x0800e1d8   0x0000001e   Code   RO         2856    .text.SysTick_Handler  cmsis_os2.o
    0x0800e1f6   0x0800e1f6   0x00000002   PAD
    0x0800e1f8   0x0800e1f8   0x000000ca   Code   RO          408    .text.SystemClock_Config  main.o
    0x0800e2c2   0x0800e2c2   0x00000006   PAD
    0x0800e2c8   0x0800e2c8   0x00000166   Code   RO         2416    .text.SystemInit    system_stm32h7xx.o
    0x0800e42e   0x0800e42e   0x00000002   PAD
    0x0800e430   0x0800e430   0x00000010   Code   RO          586    .text.TIM2_IRQHandler  stm32h7xx_it.o
    0x0800e440   0x0800e440   0x000001c4   Code   RO          645    .text.TIM_Base_SetConfig  stm32h7xx_hal_tim.o
    0x0800e604   0x0800e604   0x00000004   PAD
    0x0800e608   0x0800e608   0x00000036   Code   RO          679    .text.TIM_CCxChannelCmd  stm32h7xx_hal_tim.o
    0x0800e63e   0x0800e63e   0x00000002   PAD
    0x0800e640   0x0800e640   0x00000150   Code   RO          789    .text.TIM_OC1_SetConfig  stm32h7xx_hal_tim.o
    0x0800e790   0x0800e790   0x0000016c   Code   RO          791    .text.TIM_OC2_SetConfig  stm32h7xx_hal_tim.o
    0x0800e8fc   0x0800e8fc   0x00000004   PAD
    0x0800e900   0x0800e900   0x0000016a   Code   RO          793    .text.TIM_OC3_SetConfig  stm32h7xx_hal_tim.o
    0x0800ea6a   0x0800ea6a   0x00000006   PAD
    0x0800ea70   0x0800ea70   0x000000da   Code   RO          795    .text.TIM_OC4_SetConfig  stm32h7xx_hal_tim.o
    0x0800eb4a   0x0800eb4a   0x00000006   PAD
    0x0800eb50   0x0800eb50   0x000000d0   Code   RO          797    .text.TIM_OC5_SetConfig  stm32h7xx_hal_tim.o
    0x0800ec20   0x0800ec20   0x000000d2   Code   RO          799    .text.TIM_OC6_SetConfig  stm32h7xx_hal_tim.o
    0x0800ecf2   0x0800ecf2   0x00000006   PAD
    0x0800ecf8   0x0800ecf8   0x00000010   Code   RO          596    .text.UART5_IRQHandler  stm32h7xx_it.o
    0x0800ed08   0x0800ed08   0x00000086   Code   RO         2391    .text.UARTEx_SetNbDataToProcess  stm32h7xx_hal_uart_ex.o
    0x0800ed8e   0x0800ed8e   0x00000002   PAD
    0x0800ed90   0x0800ed90   0x00000148   Code   RO         2227    .text.UART_AdvFeatureConfig  stm32h7xx_hal_uart.o
    0x0800eed8   0x0800eed8   0x00000146   Code   RO         2231    .text.UART_CheckIdleState  stm32h7xx_hal_uart.o
    0x0800f01e   0x0800f01e   0x00000002   PAD
    0x0800f020   0x0800f020   0x0000001e   Code   RO         2313    .text.UART_DMAAbortOnError  stm32h7xx_hal_uart.o
    0x0800f03e   0x0800f03e   0x00000002   PAD
    0x0800f040   0x0800f040   0x00000080   Code   RO         2269    .text.UART_DMAError  stm32h7xx_hal_uart.o
    0x0800f0c0   0x0800f0c0   0x000000f6   Code   RO         2359    .text.UART_DMAReceiveCplt  stm32h7xx_hal_uart.o
    0x0800f1b6   0x0800f1b6   0x00000002   PAD
    0x0800f1b8   0x0800f1b8   0x00000036   Code   RO         2361    .text.UART_DMARxHalfCplt  stm32h7xx_hal_uart.o
    0x0800f1ee   0x0800f1ee   0x00000002   PAD
    0x0800f1f0   0x0800f1f0   0x0000007a   Code   RO         2265    .text.UART_DMATransmitCplt  stm32h7xx_hal_uart.o
    0x0800f26a   0x0800f26a   0x00000006   PAD
    0x0800f270   0x0800f270   0x00000016   Code   RO         2267    .text.UART_DMATxHalfCplt  stm32h7xx_hal_uart.o
    0x0800f286   0x0800f286   0x00000002   PAD
    0x0800f288   0x0800f288   0x0000009e   Code   RO         2283    .text.UART_EndRxTransfer  stm32h7xx_hal_uart.o
    0x0800f326   0x0800f326   0x00000002   PAD
    0x0800f328   0x0800f328   0x00000044   Code   RO         2319    .text.UART_EndTransmit_IT  stm32h7xx_hal_uart.o
    0x0800f36c   0x0800f36c   0x00000004   PAD
    0x0800f370   0x0800f370   0x0000005c   Code   RO         2281    .text.UART_EndTxTransfer  stm32h7xx_hal_uart.o
    0x0800f3cc   0x0800f3cc   0x00000004   PAD
    0x0800f3d0   0x0800f3d0   0x00000184   Code   RO         2355    .text.UART_RxISR_16BIT  stm32h7xx_hal_uart.o
    0x0800f554   0x0800f554   0x00000004   PAD
    0x0800f558   0x0800f558   0x00000308   Code   RO         2351    .text.UART_RxISR_16BIT_FIFOEN  stm32h7xx_hal_uart.o
    0x0800f860   0x0800f860   0x00000180   Code   RO         2357    .text.UART_RxISR_8BIT  stm32h7xx_hal_uart.o
    0x0800f9e0   0x0800f9e0   0x00000304   Code   RO         2353    .text.UART_RxISR_8BIT_FIFOEN  stm32h7xx_hal_uart.o
    0x0800fce4   0x0800fce4   0x00000004   PAD
    0x0800fce8   0x0800fce8   0x00000a4e   Code   RO         2229    .text.UART_SetConfig  stm32h7xx_hal_uart.o
    0x08010736   0x08010736   0x00000002   PAD
    0x08010738   0x08010738   0x0000012e   Code   RO         2273    .text.UART_Start_Receive_DMA  stm32h7xx_hal_uart.o
    0x08010866   0x08010866   0x00000002   PAD
    0x08010868   0x08010868   0x00000222   Code   RO         2261    .text.UART_Start_Receive_IT  stm32h7xx_hal_uart.o
    0x08010a8a   0x08010a8a   0x00000006   PAD
    0x08010a90   0x08010a90   0x0000010c   Code   RO         2245    .text.UART_WaitOnFlagUntilTimeout  stm32h7xx_hal_uart.o
    0x08010b9c   0x08010b9c   0x00000004   PAD
    0x08010ba0   0x08010ba0   0x00000010   Code   RO          600    .text.USART10_IRQHandler  stm32h7xx_it.o
    0x08010bb0   0x08010bb0   0x00000010   Code   RO          590    .text.USART2_IRQHandler  stm32h7xx_it.o
    0x08010bc0   0x08010bc0   0x00000010   Code   RO          592    .text.USART3_IRQHandler  stm32h7xx_it.o
    0x08010bd0   0x08010bd0   0x00000004   Code   RO          564    .text.UsageFault_Handler  stm32h7xx_it.o
    0x08010bd4   0x08010bd4   0x00000004   PAD
    0x08010bd8   0x08010bd8   0x00000008   Code   RO           46    .text._GLOBAL__sub_I_buzzer_task.cpp  buzzer_task.o
    0x08010be0   0x08010be0   0x00000008   Code   RO          223    .text._GLOBAL__sub_I_drv_dji_motor.cpp  drv_dji_motor.o
    0x08010be8   0x08010be8   0x00000008   Code   RO           31    .text._GLOBAL__sub_I_plotter_task.cpp  plotter_task.o
    0x08010bf0   0x08010bf0   0x00000008   Code   RO          393    .text._GLOBAL__sub_I_sbus.cpp  sbus.o
    0x08010bf8   0x08010bf8   0x00000036   Code   RO          138    .text._Z14canx_send_dataP19FDCAN_HandleTypeDeftPhj  bsp_can.o
    0x08010c2e   0x08010c2e   0x00000002   PAD
    0x08010c30   0x08010c30   0x0000002a   Code   RO          243    .text._Z14crc_ccitt_byteth  dvc_unitree.o
    0x08010c5a   0x08010c5a   0x00000006   PAD
    0x08010c60   0x08010c60   0x00000116   Code   RO          338    .text._Z18REMOTE_IfDataErrorv  watchdog.o
    0x08010d76   0x08010d76   0x00000002   PAD
    0x08010d78   0x08010d78   0x00000036   Code   RO          239    .text._Z9crc_ccitttPKhj  dvc_unitree.o
    0x08010dae   0x08010dae   0x00000002   PAD
    0x08010db0   0x08010db0   0x00000040   Code   RO          107    .text._ZL14DWT_CNT_Updatev  bsp_dwt.o
    0x08010df0   0x08010df0   0x000000d0   Code   RO           73    .text._ZN13Chassis_Class10joint_initEP10MotorCmd_ttfffff  chassis.o
    0x08010ec0   0x08010ec0   0x0000032c   Code   RO           87    .text._ZN13Chassis_Class12Control_loopEv  chassis.o
    0x080111ec   0x080111ec   0x00000004   PAD
    0x080111f0   0x080111f0   0x0000014c   Code   RO           71    .text._ZN13Chassis_Class4initEv  chassis.o
    0x0801133c   0x0801133c   0x00000004   PAD
    0x08011340   0x08011340   0x000000e0   Code   RO           85    .text._ZN13Chassis_Class4rampEsss  chassis.o
    0x08011420   0x08011420   0x00000010   Code   RO           81    .text._ZN13Chassis_Class4stopEv  chassis.o
    0x08011430   0x08011430   0x0000005c   Code   RO           75    .text._ZN13Chassis_Class6decideEv  chassis.o
    0x0801148c   0x0801148c   0x00000004   PAD
    0x08011490   0x08011490   0x000001b4   Code   RO           83    .text._ZN13Chassis_Class7ControlEv  chassis.o
    0x08011644   0x08011644   0x00000004   PAD
    0x08011648   0x08011648   0x00000060   Code   RO           77    .text._ZN13Chassis_Class7rc_ctrlEv  chassis.o
    0x080116a8   0x080116a8   0x00000076   Code   RO           89    .text._ZN13Chassis_Class8Can_SendEv  chassis.o
    0x0801171e   0x0801171e   0x00000002   PAD
    0x08011720   0x08011720   0x00000008   Code   RO           79    .text._ZN13Chassis_Class8key_ctrlEv  chassis.o
    0x08011728   0x08011728   0x0000004c   Code   RO           93    .text._ZN13Chassis_Class9speed_getEP16MotorSpeed_Ref_tP18ChassisSpeed_Ref_t  chassis.o
    0x08011774   0x08011774   0x00000004   PAD
    0x08011778   0x08011778   0x000002a4   Code   RO          237    .text._ZN13Unitree_Class11modify_dataEP10MotorCmd_t  dvc_unitree.o
    0x08011a1c   0x08011a1c   0x00000004   PAD
    0x08011a20   0x08011a20   0x00000060   Code   RO          221    .text._ZN14RM_Motor_Class10motor_ctrlEP19FDCAN_HandleTypeDeftPs  drv_dji_motor.o
    0x08011a80   0x08011a80   0x000000cc   Code   RO          219    .text._ZN14RM_Motor_Class10motor_readEP10DjiMotor_tPh  drv_dji_motor.o
    0x08011b4c   0x08011b4c   0x00000004   PAD
    0x08011b50   0x08011b50   0x0000001e   Code   RO          234    .text._ZN14RM_Motor_ClassC2Ev  drv_dji_motor.o
    0x08011b6e   0x08011b6e   0x00000002   PAD
    0x08011b70   0x08011b70   0x00000210   Code   RO          292    .text._ZN2at6Buzzer3setEff  buzzer.o
    0x08011d80   0x08011d80   0x00000014   Code   RO          290    .text._ZN2at6Buzzer4stopEv  buzzer.o
    0x08011d94   0x08011d94   0x00000004   PAD
    0x08011d98   0x08011d98   0x00000014   Code   RO          288    .text._ZN2at6Buzzer5startEv  buzzer.o
    0x08011dac   0x08011dac   0x00000004   PAD
    0x08011db0   0x08011db0   0x00000022   Code   RO          286    .text._ZN2at6BuzzerC2EP17TIM_HandleTypeDeftf  buzzer.o
    0x08011dd2   0x08011dd2   0x00000006   PAD
    0x08011dd8   0x08011dd8   0x0000002e   Code   RO          301    .text._ZN2at7PlotterC2EP20__UART_HandleTypeDefb  plotter.o
    0x08011e06   0x08011e06   0x00000002   PAD
    0x08011e08   0x08011e08   0x00000012   Code   RO          335    .text._ZN2at9PlotFrameC2Ev  plotter.o
    0x08011e1a   0x08011e1a   0x00000006   PAD
    0x08011e20   0x08011e20   0x0000015c   Code   RO          385    .text._ZN7RC_Ctrl10sbus_to_rcEv  sbus.o
    0x08011f7c   0x08011f7c   0x00000004   PAD
    0x08011f80   0x08011f80   0x0000000e   Code   RO          391    .text._ZN7RC_Ctrl18STOPControlProcessEv  sbus.o
    0x08011f8e   0x08011f8e   0x00000002   PAD
    0x08011f90   0x08011f90   0x00000188   Code   RO          387    .text._ZN7RC_Ctrl20RemoteControlProcessEP6Remote  sbus.o
    0x08012118   0x08012118   0x00000198   Code   RO          389    .text._ZN7RC_Ctrl22MouseKeyControlProcessEP5Mouse5Key_tS2_  sbus.o
    0x080122b0   0x080122b0   0x00000020   Code   RO          379    .text._ZN7RC_Ctrl4initEP20__UART_HandleTypeDefb  sbus.o
    0x080122d0   0x080122d0   0x000001da   Code   RO          381    .text._ZN7RC_Ctrl7requestEv  sbus.o
    0x080124aa   0x080124aa   0x00000006   PAD
    0x080124b0   0x080124b0   0x0000005e   Code   RO          403    .text._ZN7RC_CtrlC2Ev  sbus.o
    0x0801250e   0x0801250e   0x00000002   PAD
    0x08012510   0x08012510   0x0000001a   Code   RO          346    .text._ZN8WatchDog4feedEP16WatchDog_TypeDef  watchdog.o
    0x0801252a   0x0801252a   0x00000006   PAD
    0x08012530   0x08012530   0x00000042   Code   RO          344    .text._ZN8WatchDog4initEP16WatchDog_TypeDefj  watchdog.o
    0x08012572   0x08012572   0x00000006   PAD
    0x08012578   0x08012578   0x0000007e   Code   RO          340    .text._ZN8WatchDog7pollingEv  watchdog.o
    0x080125f6   0x080125f6   0x00000002   PAD
    0x080125f8   0x080125f8   0x0000023c   Code   RO          348    .text._ZN8WatchDog8FeedBackEP16WatchDog_TypeDef  watchdog.o
    0x08012834   0x08012834   0x00000004   PAD
    0x08012838   0x08012838   0x000001c0   Code   RO          342    .text._ZN8WatchDog9WatchBackEP16WatchDog_TypeDef  watchdog.o
    0x080129f8   0x080129f8   0x00000138   Code   RO          256    .text._ZN9PID_Class4CalcEP10PidTypeDefff  pid.o
    0x08012b30   0x08012b30   0x00000072   Code   RO          254    .text._ZN9PID_Class4InitEP10PidTypeDeffffff  pid.o
    0x08012ba2   0x08012ba2   0x00000006   PAD
    0x08012ba8   0x08012ba8   0x00000030   Code   RO         1007    .text.__NVIC_EnableIRQ  stm32h7xx_hal_cortex.o
    0x08012bd8   0x08012bd8   0x00000010   Code   RO          999    .text.__NVIC_GetPriorityGrouping  stm32h7xx_hal_cortex.o
    0x08012be8   0x08012be8   0x00000042   Code   RO         1001    .text.__NVIC_SetPriority  stm32h7xx_hal_cortex.o
    0x08012c2a   0x08012c2a   0x00000006   PAD
    0x08012c30   0x08012c30   0x00000042   Code   RO         3020    .text.__NVIC_SetPriority  cmsis_os2.o
    0x08012c72   0x08012c72   0x00000006   PAD
    0x08012c78   0x08012c78   0x0000003c   Code   RO          995    .text.__NVIC_SetPriorityGrouping  stm32h7xx_hal_cortex.o
    0x08012cb4   0x08012cb4   0x00000004   PAD
    0x08012cb8   0x08012cb8   0x0000001a   Code   RO           27    .text.__cxx_global_var_init  plotter_task.o
    0x08012cd2   0x08012cd2   0x00000006   PAD
    0x08012cd8   0x08012cd8   0x00000024   Code   RO           42    .text.__cxx_global_var_init  buzzer_task.o
    0x08012cfc   0x08012cfc   0x00000004   PAD
    0x08012d00   0x08012d00   0x00000010   Code   RO          217    .text.__cxx_global_var_init  drv_dji_motor.o
    0x08012d10   0x08012d10   0x00000010   Code   RO          377    .text.__cxx_global_var_init  sbus.o
    0x08012d20   0x08012d20   0x000001bc   Code   RO          179    .text.bmi088_accel_init  bmi088driver.o
    0x08012edc   0x08012edc   0x00000004   PAD
    0x08012ee0   0x08012ee0   0x00000174   Code   RO          181    .text.bmi088_gyro_init  bmi088driver.o
    0x08013054   0x08013054   0x00000004   PAD
    0x08013058   0x08013058   0x00000060   Code   RO          276    .text.mahony_init   mahony_filter.o
    0x080130b8   0x080130b8   0x0000003c   Code   RO          270    .text.mahony_input  mahony_filter.o
    0x080130f4   0x080130f4   0x00000004   PAD
    0x080130f8   0x080130f8   0x00000046   Code   RO          274    .text.mahony_output  mahony_filter.o
    0x0801313e   0x0801313e   0x00000002   PAD
    0x08013140   0x08013140   0x000002fc   Code   RO          272    .text.mahony_update  mahony_filter.o
    0x0801343c   0x0801343c   0x00000004   PAD
    0x08013440   0x08013440   0x00000094   Code   RO          406    .text.main          main.o
    0x080134d4   0x080134d4   0x00000004   PAD
    0x080134d8   0x080134d8   0x00000034   Code   RO         2924    .text.osDelay       cmsis_os2.o
    0x0801350c   0x0801350c   0x00000004   PAD
    0x08013510   0x08013510   0x00000046   Code   RO         2858    .text.osKernelInitialize  cmsis_os2.o
    0x08013556   0x08013556   0x00000002   PAD
    0x08013558   0x08013558   0x00000052   Code   RO         2864    .text.osKernelStart  cmsis_os2.o
    0x080135aa   0x080135aa   0x00000006   PAD
    0x080135b0   0x080135b0   0x0000015a   Code   RO         2888    .text.osThreadNew   cmsis_os2.o
    0x0801370a   0x0801370a   0x00000006   PAD
    0x08013710   0x08013710   0x0000000c   Code   RO           29    .text.plotter_task  plotter_task.o
    0x0801371c   0x0801371c   0x00000004   PAD
    0x08013720   0x08013720   0x000000d4   Code   RO         2650    .text.prvAddCurrentTaskToDelayedList  tasks.o
    0x080137f4   0x080137f4   0x00000004   PAD
    0x080137f8   0x080137f8   0x00000122   Code   RO         2636    .text.prvAddNewTaskToReadyList  tasks.o
    0x0801391a   0x0801391a   0x00000006   PAD
    0x08013920   0x08013920   0x000000a2   Code   RO         2787    .text.prvCheckForValidListAndQueue  timers.o
    0x080139c2   0x080139c2   0x00000006   PAD
    0x080139c8   0x080139c8   0x0000005a   Code   RO         2754    .text.prvCheckTasksWaitingTermination  tasks.o
    0x08013a22   0x08013a22   0x00000006   PAD
    0x08013a28   0x08013a28   0x00000042   Code   RO         2529    .text.prvCopyDataFromQueue  queue.o
    0x08013a6a   0x08013a6a   0x00000006   PAD
    0x08013a70   0x08013a70   0x000000cc   Code   RO         2517    .text.prvCopyDataToQueue  queue.o
    0x08013b3c   0x08013b3c   0x00000004   PAD
    0x08013b40   0x08013b40   0x0000005e   Code   RO         2642    .text.prvDeleteTCB  tasks.o
    0x08013b9e   0x08013b9e   0x00000002   PAD
    0x08013ba0   0x08013ba0   0x00000040   Code   RO         2825    .text.prvGetNextExpireTime  timers.o
    0x08013be0   0x08013be0   0x000000bc   Code   RO         3037    .text.prvHeapInit   heap_4.o
    0x08013c9c   0x08013c9c   0x00000004   PAD
    0x08013ca0   0x08013ca0   0x00000038   Code   RO         2676    .text.prvIdleTask   tasks.o
    0x08013cd8   0x08013cd8   0x00000048   Code   RO         2491    .text.prvInitialiseNewQueue  queue.o
    0x08013d20   0x08013d20   0x00000122   Code   RO         2634    .text.prvInitialiseNewTask  tasks.o
    0x08013e42   0x08013e42   0x00000006   PAD
    0x08013e48   0x08013e48   0x0000008e   Code   RO         2752    .text.prvInitialiseTaskLists  tasks.o
    0x08013ed6   0x08013ed6   0x00000002   PAD
    0x08013ed8   0x08013ed8   0x000000c6   Code   RO         3039    .text.prvInsertBlockIntoFreeList  heap_4.o
    0x08013f9e   0x08013f9e   0x00000002   PAD
    0x08013fa0   0x08013fa0   0x00000086   Code   RO         2837    .text.prvInsertTimerInActiveList  timers.o
    0x08014026   0x08014026   0x00000002   PAD
    0x08014028   0x08014028   0x00000028   Code   RO         2531    .text.prvIsQueueEmpty  queue.o
    0x08014050   0x08014050   0x0000002e   Code   RO         2519    .text.prvIsQueueFull  queue.o
    0x0801407e   0x0801407e   0x00000002   PAD
    0x08014080   0x08014080   0x00000028   Code   RO         3078    .text.prvPortStartFirstTask  port.o
    0x080140a8   0x080140a8   0x0000008e   Code   RO         2833    .text.prvProcessExpiredTimer  timers.o
    0x08014136   0x08014136   0x00000002   PAD
    0x08014138   0x08014138   0x00000192   Code   RO         2829    .text.prvProcessReceivedCommands  timers.o
    0x080142ca   0x080142ca   0x00000006   PAD
    0x080142d0   0x080142d0   0x0000009a   Code   RO         2827    .text.prvProcessTimerOrBlockTask  timers.o
    0x0801436a   0x0801436a   0x00000006   PAD
    0x08014370   0x08014370   0x00000046   Code   RO         2644    .text.prvResetNextTaskUnblockTime  tasks.o
    0x080143b6   0x080143b6   0x00000002   PAD
    0x080143b8   0x080143b8   0x00000044   Code   RO         2831    .text.prvSampleTimeNow  timers.o
    0x080143fc   0x080143fc   0x00000004   PAD
    0x08014400   0x08014400   0x000000d4   Code   RO         2835    .text.prvSwitchTimerLists  timers.o
    0x080144d4   0x080144d4   0x00000004   PAD
    0x080144d8   0x080144d8   0x0000004c   Code   RO         3068    .text.prvTaskExitError  port.o
    0x08014524   0x08014524   0x00000004   PAD
    0x08014528   0x08014528   0x0000001e   Code   RO         2789    .text.prvTimerTask  timers.o
    0x08014546   0x08014546   0x00000002   PAD
    0x08014548   0x08014548   0x000000ae   Code   RO         2521    .text.prvUnlockQueue  queue.o
    0x080145f6   0x080145f6   0x00000002   PAD
    0x080145f8   0x080145f8   0x000001ec   Code   RO         3035    .text.pvPortMalloc  heap_4.o
    0x080147e4   0x080147e4   0x00000004   PAD
    0x080147e8   0x080147e8   0x0000005e   Code   RO         3066    .text.pxPortInitialiseStack  port.o
    0x08014846   0x08014846   0x00000002   PAD
    0x08014848   0x08014848   0x00000048   Code   RO         2478    .text.uxListRemove  list.o
    0x08014890   0x08014890   0x0000002a   Code   RO         3016    .text.vApplicationGetIdleTaskMemory  cmsis_os2.o
    0x080148ba   0x080148ba   0x00000006   PAD
    0x080148c0   0x080148c0   0x0000002c   Code   RO         3018    .text.vApplicationGetTimerTaskMemory  cmsis_os2.o
    0x080148ec   0x080148ec   0x00000004   PAD
    0x080148f0   0x080148f0   0x0000002e   Code   RO         2470    .text.vListInitialise  list.o
    0x0801491e   0x0801491e   0x00000002   PAD
    0x08014920   0x08014920   0x0000000e   Code   RO         2472    .text.vListInitialiseItem  list.o
    0x0801492e   0x0801492e   0x00000002   PAD
    0x08014930   0x08014930   0x0000006a   Code   RO         2476    .text.vListInsert   list.o
    0x0801499a   0x0801499a   0x00000006   PAD
    0x080149a0   0x080149a0   0x0000003a   Code   RO         2474    .text.vListInsertEnd  list.o
    0x080149da   0x080149da   0x00000006   PAD
    0x080149e0   0x080149e0   0x00000014   Code   RO         3076    .text.vPortEnableVFP  port.o
    0x080149f4   0x080149f4   0x00000004   PAD
    0x080149f8   0x080149f8   0x00000056   Code   RO         3082    .text.vPortEnterCritical  port.o
    0x08014a4e   0x08014a4e   0x00000002   PAD
    0x08014a50   0x08014a50   0x0000004a   Code   RO         3084    .text.vPortExitCritical  port.o
    0x08014a9a   0x08014a9a   0x00000006   PAD
    0x08014aa0   0x08014aa0   0x000000ce   Code   RO         3041    .text.vPortFree     heap_4.o
    0x08014b6e   0x08014b6e   0x00000002   PAD
    0x08014b70   0x08014b70   0x00000044   Code   RO         3074    .text.vPortSetupTimerInterrupt  port.o
    0x08014bb4   0x08014bb4   0x00000004   PAD
    0x08014bb8   0x08014bb8   0x00000084   Code   RO         3090    .text.vPortValidateInterruptPriority  port.o
    0x08014c3c   0x08014c3c   0x00000004   PAD
    0x08014c40   0x08014c40   0x00000052   Code   RO         2561    .text.vQueueAddToRegistry  queue.o
    0x08014c92   0x08014c92   0x00000006   PAD
    0x08014c98   0x08014c98   0x00000064   Code   RO         2565    .text.vQueueWaitForMessageRestricted  queue.o
    0x08014cfc   0x08014cfc   0x00000004   PAD
    0x08014d00   0x08014d00   0x0000006e   Code   RO         2654    .text.vTaskDelay    tasks.o
    0x08014d6e   0x08014d6e   0x00000002   PAD
    0x08014d70   0x08014d70   0x00000114   Code   RO         2646    .text.vTaskDelayUntil  tasks.o
    0x08014e84   0x08014e84   0x00000004   PAD
    0x08014e88   0x08014e88   0x00000024   Code   RO         2708    .text.vTaskInternalSetTimeOutState  tasks.o
    0x08014eac   0x08014eac   0x00000004   PAD
    0x08014eb0   0x08014eb0   0x0000000e   Code   RO         2712    .text.vTaskMissedYield  tasks.o
    0x08014ebe   0x08014ebe   0x00000002   PAD
    0x08014ec0   0x08014ec0   0x00000042   Code   RO         2696    .text.vTaskPlaceOnEventList  tasks.o
    0x08014f02   0x08014f02   0x00000006   PAD
    0x08014f08   0x08014f08   0x00000052   Code   RO         2700    .text.vTaskPlaceOnEventListRestricted  tasks.o
    0x08014f5a   0x08014f5a   0x00000006   PAD
    0x08014f60   0x08014f60   0x000000e0   Code   RO         2674    .text.vTaskStartScheduler  tasks.o
    0x08015040   0x08015040   0x00000010   Code   RO         2648    .text.vTaskSuspendAll  tasks.o
    0x08015050   0x08015050   0x000000c6   Code   RO         2666    .text.vTaskSwitchContext  tasks.o
    0x08015116   0x08015116   0x00000002   PAD
    0x08015118   0x08015118   0x00000156   Code   RO         3072    .text.xPortStartScheduler  port.o
    0x0801526e   0x0801526e   0x00000002   PAD
    0x08015270   0x08015270   0x0000003c   Code   RO         3088    .text.xPortSysTickHandler  port.o
    0x080152ac   0x080152ac   0x00000004   PAD
    0x080152b0   0x080152b0   0x0000010e   Code   RO         2489    .text.xQueueGenericCreateStatic  queue.o
    0x080153be   0x080153be   0x00000002   PAD
    0x080153c0   0x080153c0   0x000000ba   Code   RO         2487    .text.xQueueGenericReset  queue.o
    0x0801547a   0x0801547a   0x00000006   PAD
    0x08015480   0x08015480   0x0000022c   Code   RO         2507    .text.xQueueGenericSend  queue.o
    0x080156ac   0x080156ac   0x00000004   PAD
    0x080156b0   0x080156b0   0x0000014c   Code   RO         2523    .text.xQueueGenericSendFromISR  queue.o
    0x080157fc   0x080157fc   0x00000004   PAD
    0x08015800   0x08015800   0x000001dc   Code   RO         2527    .text.xQueueReceive  queue.o
    0x080159dc   0x080159dc   0x00000004   PAD
    0x080159e0   0x080159e0   0x000000cc   Code   RO         2710    .text.xTaskCheckForTimeOut  tasks.o
    0x08015aac   0x08015aac   0x00000004   PAD
    0x08015ab0   0x08015ab0   0x0000009e   Code   RO         2638    .text.xTaskCreate   tasks.o
    0x08015b4e   0x08015b4e   0x00000002   PAD
    0x08015b50   0x08015b50   0x000000ce   Code   RO         2632    .text.xTaskCreateStatic  tasks.o
    0x08015c1e   0x08015c1e   0x00000002   PAD
    0x08015c20   0x08015c20   0x00000038   Code   RO         2726    .text.xTaskGetSchedulerState  tasks.o
    0x08015c58   0x08015c58   0x00000014   Code   RO         2682    .text.xTaskGetTickCount  tasks.o
    0x08015c6c   0x08015c6c   0x00000004   PAD
    0x08015c70   0x08015c70   0x000001c4   Code   RO         2680    .text.xTaskIncrementTick  tasks.o
    0x08015e34   0x08015e34   0x00000004   PAD
    0x08015e38   0x08015e38   0x000000ec   Code   RO         2730    .text.xTaskPriorityDisinherit  tasks.o
    0x08015f24   0x08015f24   0x00000004   PAD
    0x08015f28   0x08015f28   0x000000ce   Code   RO         2702    .text.xTaskRemoveFromEventList  tasks.o
    0x08015ff6   0x08015ff6   0x00000002   PAD
    0x08015ff8   0x08015ff8   0x00000186   Code   RO         2652    .text.xTaskResumeAll  tasks.o
    0x0801617e   0x0801617e   0x00000002   PAD
    0x08016180   0x08016180   0x00000094   Code   RO         2785    .text.xTimerCreateTimerTask  timers.o
    0x08016214   0x08016214   0x00000004   PAD
    0x08016218   0x08016218   0x000000b0   Code   RO         2797    .text.xTimerGenericCommand  timers.o
    0x080162c8   0x080162c8   0x00000026   Code   RO         3226    i.__ARM_fpclassifyf  m_wv.l(fpclassifyf.o)
    0x080162ee   0x080162ee   0x00000002   PAD
    0x080162f0   0x080162f0   0x0000012c   Code   RO         3127    i.__hardfp_asinf    m_wv.l(asinf.o)
    0x0801641c   0x0801641c   0x000002ac   Code   RO         3133    i.__hardfp_atan2f   m_wv.l(atan2f.o)
    0x080166c8   0x080166c8   0x00000066   Code   RO         3151    i.__hardfp_sqrt     m_wv.l(sqrt.o)
    0x0801672e   0x0801672e   0x0000003a   Code   RO         3157    i.__hardfp_sqrtf    m_wv.l(sqrtf.o)
    0x08016768   0x08016768   0x00000006   Code   RO         3229    i.__mathlib_flt_infnan  m_wv.l(funder.o)
    0x0801676e   0x0801676e   0x00000006   Code   RO         3230    i.__mathlib_flt_infnan2  m_wv.l(funder.o)
    0x08016774   0x08016774   0x00000010   Code   RO         3231    i.__mathlib_flt_invalid  m_wv.l(funder.o)
    0x08016784   0x08016784   0x00000010   Code   RO         3234    i.__mathlib_flt_underflow  m_wv.l(funder.o)
    0x08016794   0x08016794   0x0000003e   Code   RO         3159    i.sqrtf             m_wv.l(sqrtf.o)
    0x080167d2   0x080167d2   0x0000001a   Code   RO         3269    x$fpl$fpinit        fz_wv.l(fpinit.o)
    0x080167ec   0x080167ec   0x00000000   Code   RO         3225    x$fpl$usenofp       fz_wv.l(usenofp.o)
    0x080167ec   0x080167ec   0x0000004c   Data   RO         2094    .rodata..L__const.HAL_FDCAN_Init.CvtEltSize  stm32h7xx_hal_fdcan.o
    0x08016838   0x08016838   0x00000010   Data   RO         2424    .rodata.D1CorePrescTable  system_stm32h7xx.o
    0x08016848   0x08016848   0x00000010   Data   RO         2095    .rodata.DLCtoBytes  stm32h7xx_hal_fdcan.o
    0x08016858   0x08016858   0x00000008   Data   RO         1357    .rodata.DMA_CalcBaseAndBitshift.flagBitshiftOffset  stm32h7xx_hal_dma.o
    0x08016860   0x08016860   0x00000008   Data   RO         2408    .rodata.UARTEx_SetNbDataToProcess.denominator  stm32h7xx_hal_uart_ex.o
    0x08016868   0x08016868   0x00000008   Data   RO         2407    .rodata.UARTEx_SetNbDataToProcess.numerator  stm32h7xx_hal_uart_ex.o
    0x08016870   0x08016870   0x00000018   Data   RO         2363    .rodata.UARTPrescTable  stm32h7xx_hal_uart.o
    0x08016888   0x08016888   0x00000200   Data   RO          246    .rodata._ZL15crc_ccitt_table  dvc_unitree.o
    0x08016a88   0x08016a88   0x00000024   Data   RO          448    .rodata.buzzertask_attributes  freertos.o
    0x08016aac   0x08016aac   0x00000024   Data   RO          447    .rodata.chassistask_attributes  freertos.o
    0x08016ad0   0x08016ad0   0x00000024   Data   RO          446    .rodata.instask_attributes  freertos.o
    0x08016af4   0x08016af4   0x00000024   Data   RO          445    .rodata.plottertask_attributes  freertos.o
    0x08016b18   0x08016b18   0x00000024   Data   RO          449    .rodata.remotetask_attributes  freertos.o
    0x08016b3c   0x08016b3c   0x00000036   Data   RO          444    .rodata.str1.1      freertos.o
    0x08016b72   0x08016b72   0x00000005   Data   RO         2770    .rodata.str1.1      tasks.o
    0x08016b77   0x08016b77   0x0000000d   Data   RO         2840    .rodata.str1.1      timers.o
    0x08016b84   0x08016b84   0x00000020   Data   RO         3370    Region$$Table       anon$$obj.o
    0x08016ba4   0x08016ba4   0x00000004   Data   RO           34    .init_array         plotter_task.o
    0x08016ba8   0x08016ba4   0x00000004   Data   RO           49    .init_array         buzzer_task.o
    0x08016bac   0x08016ba4   0x00000004   Data   RO          226    .init_array         drv_dji_motor.o
    0x08016bb0   0x08016ba4   0x00000004   Data   RO          396    .init_array         sbus.o
    0x08016bb4   0x08016ba4   0x00000000   Data   RO         3122    .init_array         c_w.l(init_aeabi.o)


    Execution Region RW_IRAM1 (Exec base: 0x20000000, Load base: 0x08016bb4, Size: 0x00000000, Max: 0x00020000, ABSOLUTE)

    **** No section assigned to this execution region ****


    Execution Region RW_IRAM2 (Exec base: 0x24000000, Load base: 0x08016bb8, Size: 0x00006680, Max: 0x00050000, ABSOLUTE)

    Exec Addr    Load Addr    Size         Type   Attr      Idx    E Section Name        Object

    0x24000000   0x08016bb8   0x00000004   Data   RW          193    .data.BMI088_ACCEL_SEN  bmi088driver.o
    0x24000004   0x08016bbc   0x00000004   Data   RW          194    .data.BMI088_GYRO_SEN  bmi088driver.o
    0x24000008   0x08016bc0   0x00000002   Data   RW          208    .data.Calibrate_MPU_Offset.CaliTimes  bmi088driver.o
    0x2400000a   0x08016bc2   0x00000002   Data   RW          209    .data.Calibrate_MPU_Offset.acc_CaliTimes  bmi088driver.o
    0x2400000c   0x08016bc4   0x00000004   Data   RW         2422    .data.SystemCoreClock  system_stm32h7xx.o
    0x24000010   0x08016bc8   0x00000004   Data   RW         2423    .data.SystemD2Clock  system_stm32h7xx.o
    0x24000014   0x08016bcc   0x00000001   Data   RW          195    .data.caliOffset    bmi088driver.o
    0x24000015   0x08016bcd   0x00000001   Data   RW         1672    .data.uwTickFreq    stm32h7xx_hal.o
    0x24000016   0x08016bce   0x00000002   PAD
    0x24000018   0x08016bd0   0x00000004   Data   RW         1671    .data.uwTickPrio    stm32h7xx_hal.o
    0x2400001c   0x08016bd4   0x00000004   Data   RW         3094    .data.uxCriticalNesting  port.o
    0x24000020   0x08016bd8   0x00000012   Data   RW          201    .data.write_BMI088_accel_reg_data_error  bmi088driver.o
    0x24000032   0x08016bea   0x00000012   Data   RW          202    .data.write_BMI088_gyro_reg_data_error  bmi088driver.o
    0x24000044   0x08016bfc   0x00000004   PAD
    0x24000048        -       0x00000060   Zero   RW         3272    .bss                c_w.l(libspace.o)
    0x240000a8        -       0x0000000c   Zero   RW            8    .bss.Accel          ins_task.o
    0x240000b4        -       0x00000040   Zero   RW          198    .bss.BMI088         bmi088driver.o
    0x240000f4        -       0x00000002   Zero   RW          204    .bss.BMI088_Read.bmi088_raw_temp  bmi088driver.o
    0x240000f6        -       0x00000008   Zero   RW          203    .bss.BMI088_Read.buf  bmi088driver.o
    0x240000fe   0x08016bfc   0x00000002   PAD
    0x24000100        -       0x00000004   Zero   RW          167    .bss.BMI088_SPI     bmi088middleware.o
    0x24000104   0x08016bfc   0x00000004   PAD
    0x24000108        -       0x00000008   Zero   RW          122    .bss.CYCCNT64       bsp_dwt.o
    0x24000110        -       0x00000004   Zero   RW          207    .bss.Calibrate_MPU_Offset.startTime  bmi088driver.o
    0x24000114        -       0x000002c8   Zero   RW           95    .bss.Chassis        chassis.o
    0x240003dc        -       0x0000000c   Zero   RW            9    .bss.Gyro           ins_task.o
    0x240003e8        -       0x00000004   Zero   RW          483    .bss.HAL_RCC_FDCAN_CLK_ENABLED  fdcan.o
    0x240003ec        -       0x00000044   Zero   RW            7    .bss.INS            ins_task.o
    0x24000430        -       0x00000004   Zero   RW            4    .bss.INS_DWT_Count  ins_task.o
    0x24000434        -       0x00000004   Zero   RW         3022    .bss.KernelState    cmsis_os2.o
    0x24000438        -       0x00000001   Zero   RW          260    .bss.PID            pid.o
    0x24000439   0x08016bfc   0x00000003   PAD
    0x2400043c        -       0x000000c8   Zero   RW          225    .bss.RM_Class       drv_dji_motor.o
    0x24000504        -       0x00000028   Zero   RW          144    .bss.RxHeader1      bsp_can.o
    0x2400052c        -       0x00000028   Zero   RW          146    .bss.RxHeader2      bsp_can.o
    0x24000554        -       0x00000028   Zero   RW          148    .bss.RxHeader3      bsp_can.o
    0x2400057c        -       0x00000008   Zero   RW          121    .bss.SysTime        bsp_dwt.o
    0x24000584        -       0x000000f4   Zero   RW          245    .bss.Unitree        dvc_unitree.o
    0x24000678        -       0x00000004   Zero   RW          123    .bss._ZL11CPU_FREQ_Hz  bsp_dwt.o
    0x2400067c        -       0x00000004   Zero   RW          130    .bss._ZL11CYCCNT_LAST  bsp_dwt.o
    0x24000680        -       0x00000004   Zero   RW          124    .bss._ZL14CPU_FREQ_Hz_ms  bsp_dwt.o
    0x24000684        -       0x00000004   Zero   RW          125    .bss._ZL14CPU_FREQ_Hz_us  bsp_dwt.o
    0x24000688        -       0x00000004   Zero   RW          126    .bss._ZL17CYCCNT_RountCount  bsp_dwt.o
    0x2400068c        -       0x00000002   Zero   RW          351    .bss._ZL3Len        watchdog.o
    0x2400068e   0x08016bfc   0x00000002   PAD
    0x24000690        -       0x00000028   Zero   RW          352    .bss._ZL4List       watchdog.o
    0x240006b8        -       0x00000004   Zero   RW           63    .bss._ZZ11Remote_TaskE11currentTime  remote_task.o
    0x240006bc        -       0x00000004   Zero   RW           20    .bss._ZZ12Chassis_TaskE11currentTime  chassis_task.o
    0x240006c0        -       0x00000008   Zero   RW          127    .bss._ZZ17DWT_SysTimeUpdateE9CNT_TEMP1  bsp_dwt.o
    0x240006c8        -       0x00000008   Zero   RW          128    .bss._ZZ17DWT_SysTimeUpdateE9CNT_TEMP2  bsp_dwt.o
    0x240006d0        -       0x00000008   Zero   RW          129    .bss._ZZ17DWT_SysTimeUpdateE9CNT_TEMP3  bsp_dwt.o
    0x240006d8        -       0x0000000c   Zero   RW           48    .bss.buzzer         buzzer_task.o
    0x240006e4        -       0x00000004   Zero   RW          453    .bss.buzzertaskHandle  freertos.o
    0x240006e8        -       0x00000002   Zero   RW          196    .bss.caliCount      bmi088driver.o
    0x240006ea   0x08016bfc   0x00000002   PAD
    0x240006ec        -       0x00000004   Zero   RW          452    .bss.chassistaskHandle  freertos.o
    0x240006f0        -       0x00000054   Zero   RW          350    .bss.dog            watchdog.o
    0x24000744        -       0x00000001   Zero   RW          197    .bss.error          bmi088driver.o
    0x24000745   0x08016bfc   0x00000003   PAD
    0x24000748        -       0x00000004   Zero   RW          206    .bss.gNormDiff      bmi088driver.o
    0x2400074c        -       0x00000040   Zero   RW          145    .bss.g_Can1RxData   bsp_can.o
    0x2400078c        -       0x00000040   Zero   RW          147    .bss.g_Can2RxData   bsp_can.o
    0x240007cc        -       0x00000040   Zero   RW          149    .bss.g_Can3RxData   bsp_can.o
    0x2400080c        -       0x0000000c   Zero   RW          205    .bss.gyroDiff       bmi088driver.o
    0x24000818        -       0x00000078   Zero   RW          498    .bss.hdma_spi2_rx   spi.o
    0x24000890        -       0x00000078   Zero   RW          499    .bss.hdma_spi2_tx   spi.o
    0x24000908        -       0x00000078   Zero   RW          542    .bss.hdma_uart5_rx  usart.o
    0x24000980        -       0x00000078   Zero   RW          547    .bss.hdma_usart10_rx  usart.o
    0x240009f8        -       0x00000078   Zero   RW          548    .bss.hdma_usart10_tx  usart.o
    0x24000a70        -       0x00000078   Zero   RW          544    .bss.hdma_usart2_rx  usart.o
    0x24000ae8        -       0x00000078   Zero   RW          543    .bss.hdma_usart2_tx  usart.o
    0x24000b60        -       0x00000078   Zero   RW          545    .bss.hdma_usart3_rx  usart.o
    0x24000bd8        -       0x00000078   Zero   RW          546    .bss.hdma_usart3_tx  usart.o
    0x24000c50        -       0x000000a0   Zero   RW          480    .bss.hfdcan1        fdcan.o
    0x24000cf0        -       0x000000a0   Zero   RW          481    .bss.hfdcan2        fdcan.o
    0x24000d90        -       0x000000a0   Zero   RW          482    .bss.hfdcan3        fdcan.o
    0x24000e30        -       0x00000088   Zero   RW          497    .bss.hspi2          spi.o
    0x24000eb8        -       0x0000004c   Zero   RW          518    .bss.htim12         tim.o
    0x24000f04        -       0x0000004c   Zero   RW          625    .bss.htim2          stm32h7xx_hal_timebase_tim.o
    0x24000f50        -       0x0000004c   Zero   RW          517    .bss.htim3          tim.o
    0x24000f9c        -       0x00000094   Zero   RW          541    .bss.huart10        usart.o
    0x24001030        -       0x00000094   Zero   RW          539    .bss.huart2         usart.o
    0x240010c4        -       0x00000094   Zero   RW          540    .bss.huart3         usart.o
    0x24001158        -       0x00000094   Zero   RW          538    .bss.huart5         usart.o
    0x240011ec        -       0x00000004   Zero   RW            5    .bss.ins_dt         ins_task.o
    0x240011f0        -       0x00000004   Zero   RW           10    .bss.ins_time       ins_task.o
    0x240011f4        -       0x00000004   Zero   RW          451    .bss.instaskHandle  freertos.o
    0x240011f8        -       0x00000084   Zero   RW            6    .bss.mahony         ins_task.o
    0x2400127c        -       0x0000003c   Zero   RW           33    .bss.plotter        plotter_task.o
    0x240012b8        -       0x00000004   Zero   RW          450    .bss.plottertaskHandle  freertos.o
    0x240012bc        -       0x000000a0   Zero   RW         2848    .bss.prvCheckForValidListAndQueue.ucStaticTimerQueueStorage  timers.o
    0x2400135c        -       0x00000050   Zero   RW         2847    .bss.prvCheckForValidListAndQueue.xStaticTimerQueue  timers.o
    0x240013ac        -       0x00000004   Zero   RW         2844    .bss.prvSampleTimeNow.xLastTime  timers.o
    0x240013b0        -       0x00000004   Zero   RW         2756    .bss.pxCurrentTCB   tasks.o
    0x240013b4        -       0x00000004   Zero   RW         2842    .bss.pxCurrentTimerList  timers.o
    0x240013b8        -       0x00000004   Zero   RW         2764    .bss.pxDelayedTaskList  tasks.o
    0x240013bc        -       0x00000004   Zero   RW         3051    .bss.pxEnd          heap_4.o
    0x240013c0        -       0x00000004   Zero   RW         2765    .bss.pxOverflowDelayedTaskList  tasks.o
    0x240013c4        -       0x00000004   Zero   RW         2843    .bss.pxOverflowTimerList  timers.o
    0x240013c8        -       0x00000460   Zero   RW         2767    .bss.pxReadyTasksLists  tasks.o
    0x24001828        -       0x0000006c   Zero   RW          395    .bss.remote         sbus.o
    0x24001894        -       0x00000004   Zero   RW          454    .bss.remotetaskHandle  freertos.o
    0x24001898        -       0x00000001   Zero   RW          199    .bss.res            bmi088driver.o
    0x24001899        -       0x00003c00   Zero   RW         3058    .bss.ucHeap         heap_4.o
    0x24005499        -       0x00000001   Zero   RW         3092    .bss.ucMaxSysCallPriority  port.o
    0x2400549a   0x08016bfc   0x00000002   PAD
    0x2400549c        -       0x00000004   Zero   RW         3093    .bss.ulMaxPRIGROUPValue  port.o
    0x240054a0        -       0x00000004   Zero   RW         1673    .bss.uwTick         stm32h7xx_hal.o
    0x240054a4        -       0x00000004   Zero   RW         2760    .bss.uxCurrentNumberOfTasks  tasks.o
    0x240054a8        -       0x00000004   Zero   RW         2759    .bss.uxDeletedTasksWaitingCleanUp  tasks.o
    0x240054ac        -       0x00000004   Zero   RW         2762    .bss.uxSchedulerSuspended  tasks.o
    0x240054b0        -       0x00000004   Zero   RW         2757    .bss.uxTaskNumber   tasks.o
    0x240054b4        -       0x00000004   Zero   RW         2768    .bss.uxTopReadyPriority  tasks.o
    0x240054b8        -       0x00000200   Zero   RW         3025    .bss.vApplicationGetIdleTaskMemory.Idle_Stack  cmsis_os2.o
    0x240056b8        -       0x0000005c   Zero   RW         3024    .bss.vApplicationGetIdleTaskMemory.Idle_TCB  cmsis_os2.o
    0x24005714        -       0x00000400   Zero   RW         3027    .bss.vApplicationGetTimerTaskMemory.Timer_Stack  cmsis_os2.o
    0x24005b14        -       0x0000005c   Zero   RW         3026    .bss.vApplicationGetTimerTaskMemory.Timer_TCB  cmsis_os2.o
    0x24005b70        -       0x00000001   Zero   RW          200    .bss.write_reg_num  bmi088driver.o
    0x24005b71   0x08016bfc   0x00000003   PAD
    0x24005b74        -       0x00000014   Zero   RW         2845    .bss.xActiveTimerList1  timers.o
    0x24005b88        -       0x00000014   Zero   RW         2846    .bss.xActiveTimerList2  timers.o
    0x24005b9c        -       0x00000004   Zero   RW         3052    .bss.xBlockAllocatedBit  heap_4.o
    0x24005ba0        -       0x00000014   Zero   RW         2776    .bss.xDelayedTaskList1  tasks.o
    0x24005bb4        -       0x00000014   Zero   RW         2777    .bss.xDelayedTaskList2  tasks.o
    0x24005bc8        -       0x00000004   Zero   RW         3053    .bss.xFreeBytesRemaining  heap_4.o
    0x24005bcc        -       0x00000004   Zero   RW         2771    .bss.xIdleTaskHandle  tasks.o
    0x24005bd0        -       0x00000004   Zero   RW         3055    .bss.xMinimumEverFreeBytesRemaining  heap_4.o
    0x24005bd4        -       0x00000004   Zero   RW         2772    .bss.xNextTaskUnblockTime  tasks.o
    0x24005bd8        -       0x00000004   Zero   RW         2775    .bss.xNumOfOverflows  tasks.o
    0x24005bdc        -       0x00000004   Zero   RW         3056    .bss.xNumberOfSuccessfulAllocations  heap_4.o
    0x24005be0        -       0x00000004   Zero   RW         3057    .bss.xNumberOfSuccessfulFrees  heap_4.o
    0x24005be4        -       0x00000004   Zero   RW         2774    .bss.xPendedTicks   tasks.o
    0x24005be8        -       0x00000014   Zero   RW         2769    .bss.xPendingReadyList  tasks.o
    0x24005bfc        -       0x00000040   Zero   RW         2567    .bss.xQueueRegistry  queue.o
    0x24005c3c        -       0x00000004   Zero   RW         2761    .bss.xSchedulerRunning  tasks.o
    0x24005c40        -       0x00000008   Zero   RW         3054    .bss.xStart         heap_4.o
    0x24005c48        -       0x00000014   Zero   RW         2766    .bss.xSuspendedTaskList  tasks.o
    0x24005c5c        -       0x00000014   Zero   RW         2758    .bss.xTasksWaitingTermination  tasks.o
    0x24005c70        -       0x00000004   Zero   RW         2763    .bss.xTickCount     tasks.o
    0x24005c74        -       0x00000004   Zero   RW         2839    .bss.xTimerQueue    timers.o
    0x24005c78        -       0x00000004   Zero   RW         2841    .bss.xTimerTaskHandle  timers.o
    0x24005c7c        -       0x00000004   Zero   RW         2773    .bss.xYieldPending  tasks.o
    0x24005c80        -       0x00000200   Zero   RW          633    HEAP                startup_stm32h723xx.o
    0x24005e80        -       0x00000800   Zero   RW          632    STACK               startup_stm32h723xx.o


==============================================================================

Image component sizes


      Code (inc. data)   RO Data    RW Data    ZI Data      Debug   Object Name

      3986         36          0         49         99       9080   bmi088driver.o
       128          0          0          0          4       4916   bmi088middleware.o
       474          4          0          0        312      19020   bsp_can.o
       696          8          0          0         60      15255   bsp_dwt.o
       602          8          0          0          0      15335   buzzer.o
       144         12          4          0         12      13119   buzzer_task.o
      2418         60          0          0        712      20784   chassis.o
       220          0          0          0          4      16075   chassis_task.o
       746          0          0          0       1724      36704   cmsis_os2.o
       234          0          0          0          0       5244   dma.o
       354          8          4          0        200      14730   drv_dji_motor.o
       772         44        512          0        244      10592   dvc_unitree.o
      1134          0          0          0        484      10732   fdcan.o
       170          0        234          0         20       3361   freertos.o
       470          0          0          0          0       3076   gpio.o
      1084          0          0          0      15392       4433   heap_4.o
       520         24          0          0        236       2051   ins_task.o
       296          0          0          0          0       2196   list.o
      1376          0          0          0          0       3150   mahony_filter.o
       466          0          0          0          0       8384   main.o
       426          0          0          0          1      13834   pid.o
        64          0          0          0          0      16957   plotter.o
        46          0          4          0         60      17720   plotter_task.o
      1128         16          0          4          5       3828   port.o
      2604          0          0          0         64      17317   queue.o
       192          0          0          0          4      12849   remote_task.o
      1786         24          4          0        108      18757   sbus.o
       550          0          0          0        376      11413   spi.o
        72         30        716          0       2560        828   startup_stm32h723xx.o
       256          0          0          5          4      14677   stm32h7xx_hal.o
       380          0          0          0          0      11492   stm32h7xx_hal_cortex.o
     15542          8          8          0          0      12446   stm32h7xx_hal_dma.o
      5194          0         92          0          0      33504   stm32h7xx_hal_fdcan.o
       982          0          0          0          0       6990   stm32h7xx_hal_gpio.o
        50          0          0          0          0       5225   stm32h7xx_hal_msp.o
       162          0          0          0          0       9344   stm32h7xx_hal_pwr_ex.o
      4850         66          0          0          0      11427   stm32h7xx_hal_rcc.o
      6398         96          0          0          0      18742   stm32h7xx_hal_rcc_ex.o
      3874          0          0          0          0      20774   stm32h7xx_hal_spi.o
      4954         22          0          0          0      37576   stm32h7xx_hal_tim.o
       404          0          0          0          0      18108   stm32h7xx_hal_tim_ex.o
       216          0          0          0         76       9565   stm32h7xx_hal_timebase_tim.o
      9904        342         24          0          0      29396   stm32h7xx_hal_uart.o
      1114          0         16          0          0       8857   stm32h7xx_hal_uart_ex.o
       310          0          0          0          0       2518   stm32h7xx_it.o
       398          0         16          8          0       5582   system_stm32h7xx.o
      4194          0          5          0       1280      24169   tasks.o
       614          0          0          0        152       7540   tim.o
      1692         10         13          0        300      11595   timers.o
      2018          0          0          0       1432      13056   usart.o
      1516         28          0          0        126      18252   watchdog.o

    ----------------------------------------------------------------------
     89112        902       1684         68      26076     662575   Object Totals
         0          0         32          0          0          0   (incl. Generated)
       932         56          0          2         25          0   (incl. Padding)

    ----------------------------------------------------------------------

      Code (inc. data)   RO Data    RW Data    ZI Data      Debug   Library Member Name

         8          0          0          0          0         68   __main.o
         0          0          0          0          0          0   __rtentry.o
        12          0          0          0          0          0   __rtentry2.o
         6          0          0          0          0          0   __rtentry4.o
        52          8          0          0          0          0   __scatter.o
        26          0          0          0          0          0   __scatter_copy.o
        28          0          0          0          0          0   __scatter_zi.o
        22          0          0          0          0        100   _rserrno.o
        16          0          0          0          0         68   aeabi_memset4.o
        18          0          0          0          0         80   exit.o
         6          0          0          0          0        152   heapauxi.o
         0          0          0          0          0          0   indicate_semi.o
        36          8          0          0          0         80   init_aeabi.o
         2          0          0          0          0          0   libinit.o
        10          0          0          0          0          0   libinit2.o
         2          0          0          0          0          0   libshutdown.o
         2          0          0          0          0          0   libshutdown2.o
         8          4          0          0         96         68   libspace.o
       240          0          0          0          0        100   lludivv7m.o
         8          4          0          0          0         68   rt_errno_addr_intlibspace.o
        68          0          0          0          0         68   rt_memclr.o
        78          0          0          0          0         80   rt_memclr_w.o
       138          0          0          0          0         68   rt_memcpy_v6.o
       100          0          0          0          0         80   rt_memcpy_w.o
         2          0          0          0          0          0   rtexit.o
        10          0          0          0          0          0   rtexit2.o
        12          4          0          0          0         68   sys_exit.o
        74          0          0          0          0         80   sys_stackheap_outer.o
         2          0          0          0          0         68   use_no_semi.o
        26          0          0          0          0        116   fpinit.o
         0          0          0          0          0          0   usenofp.o
       300         42          0          0          0        176   asinf.o
       684         90          0          0          0        208   atan2f.o
        38          0          0          0          0        116   fpclassifyf.o
        44         12          0          0          0        464   funder.o
       102          0          0          0          0        140   sqrt.o
       120          0          0          0          0        272   sqrtf.o

    ----------------------------------------------------------------------
      2312        172          0          0         96       2788   Library Totals
        12          0          0          0          0          0   (incl. Padding)

    ----------------------------------------------------------------------

      Code (inc. data)   RO Data    RW Data    ZI Data      Debug   Library Name

       986         28          0          0         96       1296   c_w.l
        26          0          0          0          0        116   fz_wv.l
      1288        144          0          0          0       1376   m_wv.l

    ----------------------------------------------------------------------
      2312        172          0          0         96       2788   Library Totals

    ----------------------------------------------------------------------

==============================================================================


      Code (inc. data)   RO Data    RW Data    ZI Data      Debug   

     91424       1074       1684         68      26172     663055   Grand Totals
     91424       1074       1684         68      26172     663055   ELF Image Totals
     91424       1074       1684         68          0          0   ROM Totals

==============================================================================

    Total RO  Size (Code + RO Data)                93108 (  90.93kB)
    Total RW  Size (RW Data + ZI Data)             26240 (  25.63kB)
    Total ROM Size (Code + RO Data + RW Data)      93176 (  90.99kB)

==============================================================================

